<html>
<body>
<pre>
<h1>µVision Build Log</h1>
<h2>Tool Versions:</h2>
IDE-Version: ÂµVision V5.37.0.0
Copyright (C) 2022 ARM Ltd and ARM Germany GmbH. All rights reserved.
License Information: Michi Sprich, ZHAW, LIC=----
 
Tool Versions:
Toolchain:       MDK-Lite  Version: 5.37.0.0
Toolchain Path:  C:\Keil_v5\ARM\ARMCLANG\Bin
C Compiler:      ArmClang.exe V6.18
Assembler:       Armasm.exe V6.18
Linker/Locator:  ArmLink.exe V6.18
Library Manager: ArmAr.exe V6.18
Hex Converter:   FromElf.exe V6.18
CPU DLL:         SARMCM3.DLL V5.37.0.0
Dialog DLL:      DARMCM1.DLL V1.19.6.0
Target DLL:      STLink\ST-LINKIII-KEIL_SWO.dll V3.0.9.0
Dialog DLL:      TARMCM1.DLL V1.14.6.0
 
<h2>Project:</h2>
C:\Users\michi\OneDrive\ZHAW\Semester_4\CT\Praktika_1\lab_dice\project\dice.uvprojx
Project File Date:  02/22/2023

<h2>Output:</h2>
*** Using Compiler 'V6.18', folder: 'C:\Keil_v5\ARM\ARMCLANG\Bin'
Build target 'Target 1'
app/lcd.c(49): warning: implicit conversion loses integer precision: 'unsigned int' to 'uint8_t' (aka 'unsigned char') [-Wimplicit-int-conversion]
                text_length = strlen(buffer);
                            ~ ^~~~~~~~~~~~~~
app/lcd.c(58): warning: implicit conversion loses integer precision: 'unsigned int' to 'uint8_t' (aka 'unsigned char') [-Wimplicit-int-conversion]
    text_length = strlen(text);
                ~ ^~~~~~~~~~~~
2 warnings generated.
compiling lcd.c...
linking...
Program Size: Code=13272 RO-data=1012 RW-data=4 ZI-data=8268  
".\build\dice.axf" - 0 Error(s), 2 Warning(s).

<h2>Software Packages used:</h2>

Package Vendor: InES
                https://ennis.zhaw.ch/pack/InES.CTBoard14_DFP.4.0.3.pack
                InES.CTBoard14_DFP.4.0.3
                CT Board 14 (STM32F429ZI) Device Support
   * Component: Startup Version: 4.0.3
   * Component: 7 segment Version: 4.0.0
   * Component: FMC Version: 3.0.1
   * Component: GPIO Version: 4.0.1
   * Component: PWR Version: 2.2.0
   * Component: RCC Version: 4.0.1

<h2>Collection of Component include folders:</h2>
  ./RTE/_Target_1
  C:/Keil_v5/ARM/InES/CTBoard14_DFP/4.0.3/Device/Include
  C:/Keil_v5/ARM/InES/CTBoard14_DFP/4.0.3/Device/Include/m0
  C:/Keil_v5/ARM/InES/CTBoard14_DFP/4.0.3/HAL/Include

<h2>Collection of Component Files used:</h2>

   * Component: InES::Device:Startup:4.0.3
      Include file:  Device/Include/reg_ctboard.h
      Include file:  Device/Include/m0/platform_ctboard.h
      Source file:   Device/Source/datainit_ctboard.s
      Source file:   Device/Source/startup_ctboard.s
      Include file:  Device/Include/system_ctboard.h
      Source file:   Device/Source/system_ctboard.c
      Include file:  Device/Include/reg_stm32f4xx.h

   * Component: InES::HAL:CT Board:7 segment:4.0.0
      Include file:  Device/Include/reg_ctboard.h
      Source file:   HAL/Source/hal_ct_seg7.c
      Include file:  HAL/Include/hal_ct_seg7.h

   * Component: InES::HAL:FMC:3.0.1
      Include file:  HAL/Include/hal_fmc.h
      Source file:   HAL/Source/hal_fmc.c
      Include file:  HAL/Include/hal_common.h
      Include file:  Device/Include/reg_stm32f4xx.h

   * Component: InES::HAL:GPIO:4.0.1
      Include file:  Device/Include/reg_stm32f4xx.h
      Include file:  HAL/Include/hal_common.h
      Source file:   HAL/Source/hal_gpio.c
      Include file:  HAL/Include/hal_gpio.h

   * Component: InES::HAL:PWR:2.2.0
      Include file:  HAL/Include/hal_common.h
      Source file:   HAL/Source/hal_pwr.c
      Include file:  HAL/Include/hal_pwr.h
      Include file:  Device/Include/reg_stm32f4xx.h

   * Component: InES::HAL:RCC:4.0.1
      Include file:  Device/Include/reg_stm32f4xx.h
      Include file:  HAL/Include/hal_common.h
      Include file:  HAL/Include/hal_rcc.h
      Source file:   HAL/Source/hal_rcc.c
Build Time Elapsed:  00:00:01
</pre>
</body>
</html>
