Component: Arm Compiler for Embedded 6.18 Tool: armlink [5e4cc100]

==============================================================================

Section Cross References

    dice_counter.o(.text) refers to dice_counter.o(.data.dice_counter) for [Anonymous Symbol]
    dice_counter.o(.ARM.exidx) refers to dice_counter.o(.text) for [Anonymous Symbol]
    main.o(.text) refers to lcd.o(.text) for hal_ct_lcd_clear
    main.o(.text) refers to dice_counter.o(.text) for dice_counter_read
    main.o(.text) refers to hal_ct_seg7.o(.text) for hal_ct_seg7_bin_write
    main.o(.text) refers to statistics.o(.text) for stat_add_throw
    main.o(.ARM.exidx) refers to main.o(.text) for [Anonymous Symbol]
    statistics.o(.text) refers to statistics.o(.bss.nr_of_throws) for [Anonymous Symbol]
    statistics.o(.ARM.exidx) refers to statistics.o(.text) for [Anonymous Symbol]
    lcd.o(.text) refers to snprintf.o(.text) for snprintf
    lcd.o(.text) refers to strlen.o(.text) for strlen
    lcd.o(.text) refers to lcd.o(.bss.buffer) for [Anonymous Symbol]
    lcd.o(.text) refers to lcd.o(.rodata.str1.1) for [Anonymous Symbol]
    lcd.o(.text) refers to lcd.o(.bss.text_length) for [Anonymous Symbol]
    lcd.o(.text) refers to lcd.o(.bss.i) for [Anonymous Symbol]
    lcd.o(.text) refers to lcd.o(.bss.text) for [Anonymous Symbol]
    lcd.o(.text) refers to lcd.o(.data.clear) for [Anonymous Symbol]
    lcd.o(.ARM.exidx) refers to lcd.o(.text) for [Anonymous Symbol]
    datainit_ctboard.o(.text) refers (Weak) to startup_ctboard.o(STACK) for Stack_Mem
    datainit_ctboard.o(.text) refers to main.o(.text) for main
    startup_ctboard.o(RESET) refers to startup_ctboard.o(STACK) for __initial_sp
    startup_ctboard.o(RESET) refers to startup_ctboard.o(.text) for Reset_Handler
    startup_ctboard.o(.text) refers to system_ctboard.o(.text) for __system
    startup_ctboard.o(.text) refers to datainit_ctboard.o(.text) for __main
    system_ctboard.o(.text) refers to hal_rcc.o(.text) for hal_rcc_reset
    system_ctboard.o(.text) refers to hal_pwr.o(.text) for hal_pwr_set_overdrive
    system_ctboard.o(.text) refers to hal_gpio.o(.text) for hal_gpio_init_alternate
    system_ctboard.o(.text) refers to hal_fmc.o(.text) for hal_fmc_init_sram
    system_ctboard.o(.ARM.exidx) refers to system_ctboard.o(.text) for [Anonymous Symbol]
    hal_ct_seg7.o(.text) refers to aeabi_sdiv.o(.text) for __aeabi_uidivmod
    hal_ct_seg7.o(.text) refers to hal_ct_seg7.o(.rodata.hal_ct_seg7_get_seg7.conv_tab) for [Anonymous Symbol]
    hal_ct_seg7.o(.ARM.exidx) refers to hal_ct_seg7.o(.text) for [Anonymous Symbol]
    hal_fmc.o(.ARM.exidx) refers to hal_fmc.o(.text) for [Anonymous Symbol]
    hal_gpio.o(.text) refers to aeabi_sdiv.o(.text) for __aeabi_uidiv
    hal_gpio.o(.ARM.exidx) refers to hal_gpio.o(.text) for [Anonymous Symbol]
    hal_pwr.o(.ARM.exidx) refers to hal_pwr.o(.text) for [Anonymous Symbol]
    hal_rcc.o(.ARM.exidx) refers to hal_rcc.o(.text) for [Anonymous Symbol]
    snprintf.o(.text) refers (Special) to _printf_a.o(.ARM.Collect$$_printf_percent$$00000006) for _printf_a
    snprintf.o(.text) refers (Special) to _printf_c.o(.ARM.Collect$$_printf_percent$$00000013) for _printf_c
    snprintf.o(.text) refers (Special) to _printf_charcount.o(.text) for _printf_charcount
    snprintf.o(.text) refers (Special) to _printf_d.o(.ARM.Collect$$_printf_percent$$00000009) for _printf_d
    snprintf.o(.text) refers (Special) to _printf_e.o(.ARM.Collect$$_printf_percent$$00000004) for _printf_e
    snprintf.o(.text) refers (Special) to _printf_f.o(.ARM.Collect$$_printf_percent$$00000003) for _printf_f
    snprintf.o(.text) refers (Special) to printf1.o(x$fpl$printf1) for _printf_fp_dec
    snprintf.o(.text) refers (Special) to printf2.o(x$fpl$printf2) for _printf_fp_hex
    snprintf.o(.text) refers (Special) to _printf_g.o(.ARM.Collect$$_printf_percent$$00000005) for _printf_g
    snprintf.o(.text) refers (Special) to _printf_i.o(.ARM.Collect$$_printf_percent$$00000008) for _printf_i
    snprintf.o(.text) refers (Special) to _printf_dec.o(.text) for _printf_int_dec
    snprintf.o(.text) refers (Special) to _printf_l.o(.ARM.Collect$$_printf_percent$$00000012) for _printf_l
    snprintf.o(.text) refers (Special) to _printf_lc.o(.ARM.Collect$$_printf_percent$$00000015) for _printf_lc
    snprintf.o(.text) refers (Special) to _printf_ll.o(.ARM.Collect$$_printf_percent$$00000007) for _printf_ll
    snprintf.o(.text) refers (Special) to _printf_lld.o(.ARM.Collect$$_printf_percent$$0000000E) for _printf_lld
    snprintf.o(.text) refers (Special) to _printf_lli.o(.ARM.Collect$$_printf_percent$$0000000D) for _printf_lli
    snprintf.o(.text) refers (Special) to _printf_llo.o(.ARM.Collect$$_printf_percent$$00000010) for _printf_llo
    snprintf.o(.text) refers (Special) to _printf_llu.o(.ARM.Collect$$_printf_percent$$0000000F) for _printf_llu
    snprintf.o(.text) refers (Special) to _printf_llx.o(.ARM.Collect$$_printf_percent$$00000011) for _printf_llx
[...]
    ieee_status.o(.text) refers (Special) to usenofp.o(x$fpl$usenofp) for __I$use$fp
    fpclassify.o(i.__ARM_fpclassify) refers (Special) to usenofp.o(x$fpl$usenofp) for __I$use$fp
    libspace.o(.text) refers to libspace.o(.bss) for __libspace_start
    rt_raise.o(.text) refers to __raise.o(.text) for __raise
    rt_raise.o(.text) refers to sys_exit.o(.text) for _sys_exit
    btod_accurate_common.o(.text) refers to aeabi_sdiv.o(.text) for __aeabi_uidivmod
    btod_accurate_common.o(.text) refers to llushr.o(.text) for __aeabi_llsr
    lc_ctype_c.o(locale$$data) refers (Special) to libinit2.o(.ARM.Collect$$libinit$$00000015) for __rt_lib_init_lc_ctype_2
    lc_ctype_c.o(locale$$code) refers (Special) to libinit2.o(.ARM.Collect$$libinit$$00000015) for __rt_lib_init_lc_ctype_2
    lc_ctype_c.o(locale$$code) refers to strcmp.o(.text) for strcmp
    lc_ctype_c.o(locale$$code) refers to lc_ctype_c.o(locale$$data) for __lcctype_c_name
    defsig_exit.o(.text) refers to sys_exit.o(.text) for _sys_exit
    defsig_fpe_inner.o(.text) refers to defsig_general.o(.text) for __default_signal_display
    libinit2.o(.ARM.Collect$$libinit$$00000011) refers (Weak) to rt_locale.o(.text) for __rt_locale
    libinit2.o(.ARM.Collect$$libinit$$00000012) refers to libinit2.o(.ARM.Collect$$libinit$$00000011) for .ARM.Collect$$libinit$$00000011
    libinit2.o(.ARM.Collect$$libinit$$00000014) refers to libinit2.o(.ARM.Collect$$libinit$$00000011) for .ARM.Collect$$libinit$$00000011
    libinit2.o(.ARM.Collect$$libinit$$00000014) refers (Weak) to lc_ctype_c.o(locale$$code) for _get_lc_ctype
    libinit2.o(.ARM.Collect$$libinit$$00000016) refers to libinit2.o(.ARM.Collect$$libinit$$00000011) for .ARM.Collect$$libinit$$00000011
    libinit2.o(.ARM.Collect$$libinit$$00000018) refers to libinit2.o(.ARM.Collect$$libinit$$00000011) for .ARM.Collect$$libinit$$00000011
    libinit2.o(.ARM.Collect$$libinit$$00000018) refers (Weak) to lc_numeric_c.o(locale$$code) for _get_lc_numeric
    libinit2.o(.ARM.Collect$$libinit$$0000001A) refers to libinit2.o(.ARM.Collect$$libinit$$00000011) for .ARM.Collect$$libinit$$00000011
    libinit2.o(.ARM.Collect$$libinit$$00000028) refers to argv_veneer.o(.text) for __ARM_argv_veneer
    libinit2.o(.ARM.Collect$$libinit$$00000029) refers to argv_veneer.o(.text) for __ARM_argv_veneer
    sys_exit.o(.text) refers (Special) to use_no_semi.o(.text) for __I$use$semihosting
    sys_exit.o(.text) refers (Special) to indicate_semi.o(.text) for __semihosting_library_function
    sys_exit_hlt.o(.text) refers (Special) to use_no_semi.o(.text) for __I$use$semihosting
    sys_exit_hlt.o(.text) refers (Special) to indicate_semi.o(.text) for __semihosting_library_function
    __raise.o(.text) refers to defsig.o(CL$$defsig) for __default_signal_handler
    defsig_general.o(.text) refers to sys_wrch.o(.text) for _ttywrch
    sys_wrch.o(.text) refers (Special) to use_no_semi.o(.text) for __I$use$semihosting
    sys_wrch.o(.text) refers (Special) to indicate_semi.o(.text) for __semihosting_library_function
    sys_wrch_hlt.o(.text) refers (Special) to use_no_semi.o(.text) for __I$use$semihosting
    sys_wrch_hlt.o(.text) refers (Special) to indicate_semi.o(.text) for __semihosting_library_function
    defsig.o(CL$$defsig) refers to defsig_fpe_inner.o(.text) for __rt_SIGFPE_inner
    defsig.o(CL$$defsig) refers to defsig_rtmem_inner.o(.text) for __rt_SIGRTMEM_inner
    _get_argv_nomalloc.o(.text) refers (Special) to hrguard.o(.text) for __heap_region$guard
    _get_argv_nomalloc.o(.text) refers to defsig_rtmem_outer.o(.text) for __rt_SIGRTMEM
    _get_argv_nomalloc.o(.text) refers to sys_command.o(.text) for _sys_command_string
    sys_command.o(.text) refers (Special) to use_no_semi.o(.text) for __I$use$semihosting
    sys_command.o(.text) refers (Special) to indicate_semi.o(.text) for __semihosting_library_function
    sys_command_hlt.o(.text) refers (Special) to use_no_semi.o(.text) for __I$use$semihosting
    sys_command_hlt.o(.text) refers (Special) to indicate_semi.o(.text) for __semihosting_library_function
    defsig_abrt_inner.o(.text) refers to defsig_general.o(.text) for __default_signal_display
    defsig_rtred_inner.o(.text) refers to defsig_general.o(.text) for __default_signal_display
    defsig_rtmem_inner.o(.text) refers to defsig_general.o(.text) for __default_signal_display
    defsig_rtmem_outer.o(.text) refers to defsig_rtmem_inner.o(.text) for __rt_SIGRTMEM_inner
    defsig_rtmem_outer.o(.text) refers to defsig_exit.o(.text) for __sig_exit
    defsig_rtmem_formal.o(.text) refers to rt_raise.o(.text) for __rt_raise
    defsig_stak_inner.o(.text) refers to defsig_general.o(.text) for __default_signal_display
    defsig_pvfn_inner.o(.text) refers to defsig_general.o(.text) for __default_signal_display
    defsig_cppl_inner.o(.text) refers to defsig_general.o(.text) for __default_signal_display
    defsig_segv_inner.o(.text) refers to defsig_general.o(.text) for __default_signal_display
    defsig_other.o(.text) refers to defsig_general.o(.text) for __default_signal_display


==============================================================================

Removing Unused input sections from the image.

    Removing dice_counter.o(.ARM.exidx), (16 bytes).
    Removing main.o(.ARM.exidx), (8 bytes).
    Removing main.o(.ARM.use_no_argv), (4 bytes).
    Removing statistics.o(.ARM.exidx), (16 bytes).
    Removing lcd.o(.ARM.exidx), (24 bytes).
    Removing startup_ctboard.o(HEAP), (2048 bytes).
    Removing system_ctboard.o(.ARM.exidx), (72 bytes).
    Removing hal_ct_seg7.o(.ARM.exidx), (64 bytes).
    Removing hal_fmc.o(.ARM.exidx), (16 bytes).
    Removing hal_gpio.o(.ARM.exidx), (136 bytes).
    Removing hal_pwr.o(.ARM.exidx), (56 bytes).
    Removing hal_rcc.o(.ARM.exidx), (40 bytes).

12 unused section(s) (total 2500 bytes) removed from the image.

==============================================================================

Image Symbol Table

    Local Symbols

    Symbol Name                              Value     Ov Type        Size  Object(Section)

    ../clib/angel/rt.s                       0x00000000   Number         0  aeabi_idiv0.o ABSOLUTE
    ../clib/angel/rt.s                       0x00000000   Number         0  aeabi_idiv0_sigfpe.o ABSOLUTE
    ../clib/angel/rt.s                       0x00000000   Number         0  rt_div0.o ABSOLUTE
    ../clib/angel/rt.s                       0x00000000   Number         0  rt_ctype_table.o ABSOLUTE
    ../clib/angel/rt.s                       0x00000000   Number         0  rt_locale.o ABSOLUTE
    ../clib/angel/rt.s                       0x00000000   Number         0  rt_locale_intlibspace.o ABSOLUTE
    ../clib/angel/rt.s                       0x00000000   Number         0  rt_raise.o ABSOLUTE
    ../clib/angel/sys.s                      0x00000000   Number         0  libspace.o ABSOLUTE
    ../clib/angel/sys.s                      0x00000000   Number         0  use_no_semi.o ABSOLUTE
    ../clib/angel/sys.s                      0x00000000   Number         0  indicate_semi.o ABSOLUTE
    ../clib/angel/sysapp.c                   0x00000000   Number         0  sys_exit.o ABSOLUTE
    ../clib/angel/sysapp.c                   0x00000000   Number         0  sys_exit_hlt.o ABSOLUTE
    ../clib/angel/sysapp.c                   0x00000000   Number         0  sys_wrch.o ABSOLUTE
    ../clib/angel/sysapp.c                   0x00000000   Number         0  sys_wrch_hlt.o ABSOLUTE
    ../clib/angel/sysapp.c                   0x00000000   Number         0  sys_command.o ABSOLUTE
    ../clib/angel/sysapp.c                   0x00000000   Number         0  sys_command_hlt.o ABSOLUTE
    ../clib/armsys.c                         0x00000000   Number         0  argv_veneer.o ABSOLUTE
    ../clib/armsys.c                         0x00000000   Number         0  _get_argv_nomalloc.o ABSOLUTE
    ../clib/armsys.c                         0x00000000   Number         0  no_argv.o ABSOLUTE
    ../clib/bigflt.c                         0x00000000   Number         0  bigflt0.o ABSOLUTE
    ../clib/btod.c                           0x00000000   Number         0  btod.o ABSOLUTE
    ../clib/btod_accurate.c                  0x00000000   Number         0  btod_accurate.o ABSOLUTE
    ../clib/btod_accurate.c                  0x00000000   Number         0  btod_accurate_common.o ABSOLUTE
    ../clib/division.c                       0x00000000   Number         0  lludiv10.o ABSOLUTE
    ../clib/division.c                       0x00000000   Number         0  rtudiv10.o ABSOLUTE
    ../clib/division.s                       0x00000000   Number         0  aeabi_sdiv.o ABSOLUTE
    ../clib/division.s                       0x00000000   Number         0  aeabi_sdiv_div0.o ABSOLUTE
    ../clib/heapalloc.c                      0x00000000   Number         0  hrguard.o ABSOLUTE
    ../clib/libinit.s                        0x00000000   Number         0  libinit2.o ABSOLUTE
    ../clib/locale.c                         0x00000000   Number         0  _c32rtomb.o ABSOLUTE
    ../clib/locale.s                         0x00000000   Number         0  lc_numeric_c.o ABSOLUTE
    ../clib/locale.s                         0x00000000   Number         0  lc_ctype_c.o ABSOLUTE
    ../clib/longlong.c                       0x00000000   Number         0  llushr.o ABSOLUTE
    ../clib/misc.s                           0x00000000   Number         0  printf_stubs.o ABSOLUTE
    ../clib/printf.c                         0x00000000   Number         0  snprintf.o ABSOLUTE
    ../clib/printf.c                         0x00000000   Number         0  __printf.o ABSOLUTE
    ../clib/printf.c                         0x00000000   Number         0  _printf_pad.o ABSOLUTE
    ../clib/printf.c                         0x00000000   Number         0  _printf_truncate.o ABSOLUTE
    ../clib/printf.c                         0x00000000   Number         0  _printf_str.o ABSOLUTE
    ../clib/printf.c                         0x00000000   Number         0  _printf_dec.o ABSOLUTE
    ../clib/printf.c                         0x00000000   Number         0  _printf_charcount.o ABSOLUTE
    ../clib/printf.c                         0x00000000   Number         0  _printf_char_common.o ABSOLUTE
    ../clib/printf.c                         0x00000000   Number         0  _snputc.o ABSOLUTE
    ../clib/printf.c                         0x00000000   Number         0  _printf_wctomb.o ABSOLUTE
    ../clib/printf.c                         0x00000000   Number         0  _printf_longlong_dec.o ABSOLUTE
    ../clib/printf.c                         0x00000000   Number         0  _printf_oct_ll.o ABSOLUTE
    ../clib/printf.c                         0x00000000   Number         0  _printf_oct_int.o ABSOLUTE
    ../clib/printf.c                         0x00000000   Number         0  _printf_oct_int_ll.o ABSOLUTE
    ../clib/printf.c                         0x00000000   Number         0  _printf_hex_ll.o ABSOLUTE
    ../clib/printf.c                         0x00000000   Number         0  _printf_hex_int.o ABSOLUTE
    ../clib/printf.c                         0x00000000   Number         0  _printf_hex_int_ll.o ABSOLUTE
    ../clib/printf.c                         0x00000000   Number         0  _printf_hex_ptr.o ABSOLUTE
    ../clib/printf.c                         0x00000000   Number         0  _printf_hex_int_ptr.o ABSOLUTE
    ../clib/printf.c                         0x00000000   Number         0  _printf_hex_ll_ptr.o ABSOLUTE
    ../clib/printf.c                         0x00000000   Number         0  _printf_hex_int_ll_ptr.o ABSOLUTE
    ../clib/printf.c                         0x00000000   Number         0  __printf_flags.o ABSOLUTE
    ../clib/printf.c                         0x00000000   Number         0  __printf_ss.o ABSOLUTE
    ../clib/printf.c                         0x00000000   Number         0  __printf_flags_ss.o ABSOLUTE
    ../clib/printf.c                         0x00000000   Number         0  __printf_wp.o ABSOLUTE
    ../clib/printf.c                         0x00000000   Number         0  __printf_flags_wp.o ABSOLUTE
    ../clib/printf.c                         0x00000000   Number         0  __printf_ss_wp.o ABSOLUTE
    ../clib/printf.c                         0x00000000   Number         0  __printf_flags_ss_wp.o ABSOLUTE
    ../clib/printf.c                         0x00000000   Number         0  _printf_intcommon.o ABSOLUTE
    ../clib/printf.c                         0x00000000   Number         0  _printf_fp_dec.o ABSOLUTE
    ../clib/printf.c                         0x00000000   Number         0  _printf_fp_dec_accurate.o ABSOLUTE
    ../clib/printf.c                         0x00000000   Number         0  _printf_fp_hex.o ABSOLUTE
    ../clib/printf.c                         0x00000000   Number         0  __printf_nopercent.o ABSOLUTE
    ../clib/printf.c                         0x00000000   Number         0  _printf_char.o ABSOLUTE
    ../clib/printf.c                         0x00000000   Number         0  _printf_wchar.o ABSOLUTE
    ../clib/printf.c                         0x00000000   Number         0  _printf_fp_infnan.o ABSOLUTE
    ../clib/printf_percent.s                 0x00000000   Number         0  _printf_c.o ABSOLUTE
    ../clib/printf_percent.s                 0x00000000   Number         0  _printf_s.o ABSOLUTE
    ../clib/printf_percent.s                 0x00000000   Number         0  _printf_n.o ABSOLUTE
    ../clib/printf_percent.s                 0x00000000   Number         0  _printf_x.o ABSOLUTE
    ../clib/printf_percent.s                 0x00000000   Number         0  _printf_p.o ABSOLUTE
    ../clib/printf_percent.s                 0x00000000   Number         0  _printf_o.o ABSOLUTE
    ../clib/printf_percent.s                 0x00000000   Number         0  _printf_i.o ABSOLUTE
    ../clib/printf_percent.s                 0x00000000   Number         0  _printf_d.o ABSOLUTE
    ../clib/printf_percent.s                 0x00000000   Number         0  _printf_u.o ABSOLUTE
    ../clib/printf_percent.s                 0x00000000   Number         0  _printf_f.o ABSOLUTE
    ../clib/printf_percent.s                 0x00000000   Number         0  _printf_e.o ABSOLUTE
    ../clib/printf_percent.s                 0x00000000   Number         0  _printf_g.o ABSOLUTE
    ../clib/printf_percent.s                 0x00000000   Number         0  _printf_a.o ABSOLUTE
    ../clib/printf_percent.s                 0x00000000   Number         0  _printf_percent.o ABSOLUTE
    ../clib/printf_percent.s                 0x00000000   Number         0  _printf_lli.o ABSOLUTE
    ../clib/printf_percent.s                 0x00000000   Number         0  _printf_lld.o ABSOLUTE
    ../clib/printf_percent.s                 0x00000000   Number         0  _printf_llu.o ABSOLUTE
    ../clib/printf_percent.s                 0x00000000   Number         0  _printf_ll.o ABSOLUTE
    ../clib/printf_percent.s                 0x00000000   Number         0  _printf_l.o ABSOLUTE
    ../clib/printf_percent.s                 0x00000000   Number         0  _printf_lc.o ABSOLUTE
    ../clib/printf_percent.s                 0x00000000   Number         0  _printf_ls.o ABSOLUTE
    ../clib/printf_percent.s                 0x00000000   Number         0  _printf_llo.o ABSOLUTE
    ../clib/printf_percent.s                 0x00000000   Number         0  _printf_llx.o ABSOLUTE
    ../clib/printf_percent.s                 0x00000000   Number         0  _printf_percent_end.o ABSOLUTE
    ../clib/signal.c                         0x00000000   Number         0  defsig_fpe_outer.o ABSOLUTE
    ../clib/signal.c                         0x00000000   Number         0  defsig_fpe_formal.o ABSOLUTE
    ../clib/signal.c                         0x00000000   Number         0  defsig_exit.o ABSOLUTE
    ../clib/signal.c                         0x00000000   Number         0  defsig_fpe_inner.o ABSOLUTE
    ../clib/signal.c                         0x00000000   Number         0  __raise.o ABSOLUTE
    ../clib/signal.c                         0x00000000   Number         0  defsig_general.o ABSOLUTE
    ../clib/signal.c                         0x00000000   Number         0  defsig_abrt_inner.o ABSOLUTE
    ../clib/signal.c                         0x00000000   Number         0  defsig_rtred_inner.o ABSOLUTE
    ../clib/signal.c                         0x00000000   Number         0  defsig_rtmem_inner.o ABSOLUTE
    ../clib/signal.c                         0x00000000   Number         0  defsig_rtmem_outer.o ABSOLUTE
    ../clib/signal.c                         0x00000000   Number         0  defsig_rtmem_formal.o ABSOLUTE
    ../clib/signal.c                         0x00000000   Number         0  defsig_stak_inner.o ABSOLUTE
    ../clib/signal.c                         0x00000000   Number         0  defsig_pvfn_inner.o ABSOLUTE
    ../clib/signal.c                         0x00000000   Number         0  defsig_cppl_inner.o ABSOLUTE
    ../clib/signal.c                         0x00000000   Number         0  defsig_segv_inner.o ABSOLUTE
    ../clib/signal.c                         0x00000000   Number         0  defsig_other.o ABSOLUTE
    ../clib/signal.s                         0x00000000   Number         0  defsig.o ABSOLUTE
    ../clib/string.c                         0x00000000   Number         0  strlen.o ABSOLUTE
    ../clib/string.c                         0x00000000   Number         0  strcmp.o ABSOLUTE
    ../fplib/cfplib/fpinit.c                 0x00000000   Number         0  fpinit.o ABSOLUTE
    ../fplib/cfplib/ieee_status.c            0x00000000   Number         0  ieee_status.o ABSOLUTE
    ../fplib/printf1.s                       0x00000000   Number         0  printf1.o ABSOLUTE
    ../fplib/printf2.s                       0x00000000   Number         0  printf2.o ABSOLUTE
    ../fplib/printf2a.s                      0x00000000   Number         0  printf2a.o ABSOLUTE
    ../fplib/printf2b.s                      0x00000000   Number         0  printf2b.o ABSOLUTE
    ../fplib/usenofp.s                       0x00000000   Number         0  usenofp.o ABSOLUTE
    ../mathlib/fpclassify.c                  0x00000000   Number         0  fpclassify.o ABSOLUTE
    RTE/Device/CT_Board_HS14_M0/datainit_ctboard.s 0x00000000   Number         0  datainit_ctboard.o ABSOLUTE
    RTE/Device/CT_Board_HS14_M0/startup_ctboard.s 0x00000000   Number         0  startup_ctboard.o ABSOLUTE
    dc.s                                     0x00000000   Number         0  dc.o ABSOLUTE
    dice_counter.c                           0x00000000   Number         0  dice_counter.o ABSOLUTE
    hal_ct_seg7.c                            0x00000000   Number         0  hal_ct_seg7.o ABSOLUTE
    hal_fmc.c                                0x00000000   Number         0  hal_fmc.o ABSOLUTE
    hal_gpio.c                               0x00000000   Number         0  hal_gpio.o ABSOLUTE
    hal_pwr.c                                0x00000000   Number         0  hal_pwr.o ABSOLUTE
    hal_rcc.c                                0x00000000   Number         0  hal_rcc.o ABSOLUTE
    lcd.c                                    0x00000000   Number         0  lcd.o ABSOLUTE
    main.c                                   0x00000000   Number         0  main.o ABSOLUTE
    statistics.c                             0x00000000   Number         0  statistics.o ABSOLUTE
    system_ctboard.c                         0x00000000   Number         0  system_ctboard.o ABSOLUTE
    RESET                                    0x08000000   Section      428  startup_ctboard.o(RESET)
    .ARM.Collect$$_printf_percent$$00000000  0x080001ac   Section        2  _printf_percent.o(.ARM.Collect$$_printf_percent$$00000000)
    .ARM.Collect$$_printf_percent$$00000001  0x080001ae   Section       10  _printf_n.o(.ARM.Collect$$_printf_percent$$00000001)
    .ARM.Collect$$_printf_percent$$00000002  0x080001b8   Section       10  _printf_p.o(.ARM.Collect$$_printf_percent$$00000002)
    .ARM.Collect$$_printf_percent$$00000003  0x080001c2   Section       10  _printf_f.o(.ARM.Collect$$_printf_percent$$00000003)
    .ARM.Collect$$_printf_percent$$00000004  0x080001cc   Section       10  _printf_e.o(.ARM.Collect$$_printf_percent$$00000004)
    .ARM.Collect$$_printf_percent$$00000005  0x080001d6   Section       10  _printf_g.o(.ARM.Collect$$_printf_percent$$00000005)
    .ARM.Collect$$_printf_percent$$00000006  0x080001e0   Section       10  _printf_a.o(.ARM.Collect$$_printf_percent$$00000006)
    .ARM.Collect$$_printf_percent$$00000007  0x080001ea   Section       10  _printf_ll.o(.ARM.Collect$$_printf_percent$$00000007)
    .ARM.Collect$$_printf_percent$$00000008  0x080001f4   Section       10  _printf_i.o(.ARM.Collect$$_printf_percent$$00000008)
    .ARM.Collect$$_printf_percent$$00000009  0x080001fe   Section       10  _printf_d.o(.ARM.Collect$$_printf_percent$$00000009)
    .ARM.Collect$$_printf_percent$$0000000A  0x08000208   Section       10  _printf_u.o(.ARM.Collect$$_printf_percent$$0000000A)
    .ARM.Collect$$_printf_percent$$0000000B  0x08000212   Section       10  _printf_o.o(.ARM.Collect$$_printf_percent$$0000000B)
    .ARM.Collect$$_printf_percent$$0000000C  0x0800021c   Section       10  _printf_x.o(.ARM.Collect$$_printf_percent$$0000000C)
    .ARM.Collect$$_printf_percent$$0000000D  0x08000226   Section       10  _printf_lli.o(.ARM.Collect$$_printf_percent$$0000000D)
    .ARM.Collect$$_printf_percent$$0000000E  0x08000230   Section       10  _printf_lld.o(.ARM.Collect$$_printf_percent$$0000000E)
    .ARM.Collect$$_printf_percent$$0000000F  0x0800023a   Section       10  _printf_llu.o(.ARM.Collect$$_printf_percent$$0000000F)
    .ARM.Collect$$_printf_percent$$00000010  0x08000244   Section       10  _printf_llo.o(.ARM.Collect$$_printf_percent$$00000010)
    .ARM.Collect$$_printf_percent$$00000011  0x0800024e   Section       10  _printf_llx.o(.ARM.Collect$$_printf_percent$$00000011)
    .ARM.Collect$$_printf_percent$$00000012  0x08000258   Section       10  _printf_l.o(.ARM.Collect$$_printf_percent$$00000012)
    .ARM.Collect$$_printf_percent$$00000013  0x08000262   Section       10  _printf_c.o(.ARM.Collect$$_printf_percent$$00000013)
    .ARM.Collect$$_printf_percent$$00000014  0x0800026c   Section       10  _printf_s.o(.ARM.Collect$$_printf_percent$$00000014)
    .ARM.Collect$$_printf_percent$$00000015  0x08000276   Section       10  _printf_lc.o(.ARM.Collect$$_printf_percent$$00000015)
    .ARM.Collect$$_printf_percent$$00000016  0x08000280   Section       10  _printf_ls.o(.ARM.Collect$$_printf_percent$$00000016)
    .ARM.Collect$$_printf_percent$$00000017  0x0800028a   Section        4  _printf_percent_end.o(.ARM.Collect$$_printf_percent$$00000017)
    .ARM.Collect$$libinit$$00000015          0x0800028e   Section        0  libinit2.o(.ARM.Collect$$libinit$$00000015)
    .ARM.Collect$$libinit$$00000019          0x0800028e   Section        0  libinit2.o(.ARM.Collect$$libinit$$00000019)
    [Anonymous Symbol]                       0x08000290   Section        0  dice_counter.o(.text)
    __arm_cp.0_0                             0x080002b0   Number         4  dice_counter.o(.text)
    __arm_cp.1_0                             0x080002bc   Number         4  dice_counter.o(.text)
    [Anonymous Symbol]                       0x080002c0   Section        0  main.o(.text)
    __arm_cp.0_0                             0x08000364   Number         4  main.o(.text)
    [Anonymous Symbol]                       0x08000368   Section        0  statistics.o(.text)
    __arm_cp.0_0                             0x08000384   Number         4  statistics.o(.text)
    __arm_cp.1_0                             0x080003b8   Number         4  statistics.o(.text)
    [Anonymous Symbol]                       0x080003bc   Section        0  lcd.o(.text)
    __arm_cp.0_0                             0x0800041c   Number         4  lcd.o(.text)
    __arm_cp.0_1                             0x08000420   Number         4  lcd.o(.text)
    __arm_cp.0_2                             0x08000424   Number         4  lcd.o(.text)
    __arm_cp.0_3                             0x08000428   Number         4  lcd.o(.text)
    __arm_cp.0_4                             0x0800042c   Number         4  lcd.o(.text)
    __arm_cp.1_0                             0x08000484   Number         4  lcd.o(.text)
    __arm_cp.1_1                             0x08000488   Number         4  lcd.o(.text)
    __arm_cp.1_2                             0x0800048c   Number         4  lcd.o(.text)
    __arm_cp.1_3                             0x08000490   Number         4  lcd.o(.text)
    __arm_cp.1_4                             0x08000494   Number         4  lcd.o(.text)
    __arm_cp.2_0                             0x080004cc   Number         4  lcd.o(.text)
    __arm_cp.2_2                             0x080004d0   Number         4  lcd.o(.text)
    __arm_cp.2_3                             0x080004d4   Number         4  lcd.o(.text)
    __arm_cp.2_4                             0x080004d8   Number         4  lcd.o(.text)
    .text                                    0x080004dc   Section      124  datainit_ctboard.o(.text)
    .text                                    0x08000558   Section       36  startup_ctboard.o(.text)
    [Anonymous Symbol]                       0x0800057c   Section        0  system_ctboard.o(.text)
    init_SystemClock                         0x08000599   Thumb Code   168  system_ctboard.o(.text)
    __arm_cp.2_0                             0x08000640   Number         4  system_ctboard.o(.text)
    __arm_cp.2_1                             0x08000644   Number         4  system_ctboard.o(.text)
    __arm_cp.2_2                             0x08000648   Number         4  system_ctboard.o(.text)
    __arm_cp.2_3                             0x0800064c   Number         4  system_ctboard.o(.text)
    __arm_cp.2_4                             0x08000650   Number         4  system_ctboard.o(.text)
    init_FPU                                 0x08000655   Thumb Code     2  system_ctboard.o(.text)
    init_FMC_SRAM                            0x08000659   Thumb Code   340  system_ctboard.o(.text)
    __arm_cp.4_0                             0x080007ac   Number         4  system_ctboard.o(.text)
    __arm_cp.4_1                             0x080007b0   Number         4  system_ctboard.o(.text)
    __arm_cp.4_2                             0x080007b4   Number         4  system_ctboard.o(.text)
    __arm_cp.4_3                             0x080007b8   Number         4  system_ctboard.o(.text)
    __arm_cp.4_4                             0x080007bc   Number         4  system_ctboard.o(.text)
    __arm_cp.4_5                             0x080007c0   Number         4  system_ctboard.o(.text)
    __arm_cp.4_6                             0x080007c4   Number         4  system_ctboard.o(.text)
    __arm_cp.4_7                             0x080007c8   Number         4  system_ctboard.o(.text)
    __arm_cp.4_8                             0x080007cc   Number         4  system_ctboard.o(.text)
    __arm_cp.4_9                             0x080007d0   Number         4  system_ctboard.o(.text)
    init_LCD                                 0x080007d5   Thumb Code    32  system_ctboard.o(.text)
    __arm_cp.5_0                             0x080007f4   Number         4  system_ctboard.o(.text)
    [Anonymous Symbol]                       0x0800080c   Section        0  hal_ct_seg7.o(.text)
    __arm_cp.0_0                             0x080008bc   Number         4  hal_ct_seg7.o(.text)
    __arm_cp.0_1                             0x080008c0   Number         4  hal_ct_seg7.o(.text)
    __arm_cp.0_2                             0x080008c4   Number         4  hal_ct_seg7.o(.text)
    __arm_cp.0_3                             0x080008c8   Number         4  hal_ct_seg7.o(.text)
    __arm_cp.1_0                             0x080008dc   Number         4  hal_ct_seg7.o(.text)
    __arm_cp.2_0                             0x080008f8   Number         4  hal_ct_seg7.o(.text)
    __arm_cp.3_0                             0x08000908   Number         4  hal_ct_seg7.o(.text)
    __arm_cp.4_0                             0x08000924   Number         4  hal_ct_seg7.o(.text)
    __arm_cp.5_0                             0x08000940   Number         4  hal_ct_seg7.o(.text)
    __arm_cp.7_0                             0x080009ac   Number         4  hal_ct_seg7.o(.text)
    [Anonymous Symbol]                       0x080009b0   Section        0  hal_fmc.o(.text)
    __arm_cp.0_0                             0x08000a18   Number         4  hal_fmc.o(.text)
    __arm_cp.0_1                             0x08000a1c   Number         4  hal_fmc.o(.text)
    __arm_cp.0_2                             0x08000a20   Number         4  hal_fmc.o(.text)
    __arm_cp.0_3                             0x08000a24   Number         4  hal_fmc.o(.text)
    __arm_cp.0_4                             0x08000a28   Number         4  hal_fmc.o(.text)
    __arm_cp.0_5                             0x08000a2c   Number         4  hal_fmc.o(.text)
    __arm_cp.0_6                             0x08000a30   Number         4  hal_fmc.o(.text)
    __arm_cp.0_7                             0x08000a34   Number         4  hal_fmc.o(.text)
    __arm_cp.0_8                             0x08000a38   Number         4  hal_fmc.o(.text)
    __arm_cp.0_9                             0x08000a3c   Number         4  hal_fmc.o(.text)
    __arm_cp.1_0                             0x08000c6c   Number         4  hal_fmc.o(.text)
    __arm_cp.1_1                             0x08000c70   Number         4  hal_fmc.o(.text)
    __arm_cp.1_2                             0x08000c74   Number         4  hal_fmc.o(.text)
    __arm_cp.1_3                             0x08000c78   Number         4  hal_fmc.o(.text)
    __arm_cp.1_4                             0x08000c7c   Number         4  hal_fmc.o(.text)
    __arm_cp.1_5                             0x08000c80   Number         4  hal_fmc.o(.text)
    __arm_cp.1_6                             0x08000c84   Number         4  hal_fmc.o(.text)
    [Anonymous Symbol]                       0x08000c88   Section        0  hal_gpio.o(.text)
    __arm_cp.0_0                             0x08000cf8   Number         4  hal_gpio.o(.text)
    __arm_cp.0_1                             0x08000cfc   Number         4  hal_gpio.o(.text)
    intercept_overwrite_register             0x08000d7d   Thumb Code    48  hal_gpio.o(.text)
    __arm_cp.2_0                             0x08000dac   Number         4  hal_gpio.o(.text)
    __arm_cp.2_1                             0x08000db0   Number         4  hal_gpio.o(.text)
    __arm_cp.2_2                             0x08000db4   Number         4  hal_gpio.o(.text)
    create_pattern_mask                      0x08000db9   Thumb Code   156  hal_gpio.o(.text)
    __arm_cp.13_0                            0x08001468   Number         4  hal_gpio.o(.text)
    __arm_cp.13_1                            0x0800146c   Number         4  hal_gpio.o(.text)
    __arm_cp.13_2                            0x08001470   Number         4  hal_gpio.o(.text)
    __arm_cp.13_3                            0x08001474   Number         4  hal_gpio.o(.text)
    __arm_cp.13_4                            0x08001478   Number         4  hal_gpio.o(.text)
    __arm_cp.13_5                            0x0800147c   Number         4  hal_gpio.o(.text)
    __arm_cp.13_6                            0x08001480   Number         4  hal_gpio.o(.text)
    __arm_cp.13_7                            0x08001484   Number         4  hal_gpio.o(.text)
    __arm_cp.13_8                            0x08001488   Number         4  hal_gpio.o(.text)
    __arm_cp.13_9                            0x0800148c   Number         4  hal_gpio.o(.text)
    __arm_cp.13_10                           0x08001490   Number         4  hal_gpio.o(.text)
    __arm_cp.13_11                           0x08001494   Number         4  hal_gpio.o(.text)
    __arm_cp.13_12                           0x08001498   Number         4  hal_gpio.o(.text)
    get_syscfg_mask                          0x0800149d   Thumb Code   232  hal_gpio.o(.text)
    __arm_cp.14_0                            0x08001584   Number         4  hal_gpio.o(.text)
    __arm_cp.14_1                            0x08001588   Number         4  hal_gpio.o(.text)
    __arm_cp.14_2                            0x0800158c   Number         4  hal_gpio.o(.text)
    __arm_cp.14_3                            0x08001590   Number         4  hal_gpio.o(.text)
    __arm_cp.14_4                            0x08001594   Number         4  hal_gpio.o(.text)
    __arm_cp.14_5                            0x08001598   Number         4  hal_gpio.o(.text)
    __arm_cp.14_6                            0x0800159c   Number         4  hal_gpio.o(.text)
    __arm_cp.14_7                            0x080015a0   Number         4  hal_gpio.o(.text)
    __arm_cp.14_8                            0x080015a4   Number         4  hal_gpio.o(.text)
    __arm_cp.14_9                            0x080015a8   Number         4  hal_gpio.o(.text)
    __arm_cp.15_0                            0x080015ec   Number         4  hal_gpio.o(.text)
    __arm_cp.15_1                            0x080015f0   Number         4  hal_gpio.o(.text)
    __arm_cp.16_0                            0x0800160c   Number         4  hal_gpio.o(.text)
    [Anonymous Symbol]                       0x08001610   Section        0  hal_pwr.o(.text)
    __arm_cp.0_0                             0x08001620   Number         4  hal_pwr.o(.text)
    __arm_cp.0_1                             0x08001624   Number         4  hal_pwr.o(.text)
    __arm_cp.1_0                             0x080016bc   Number         4  hal_pwr.o(.text)
    __arm_cp.2_0                             0x080016ec   Number         4  hal_pwr.o(.text)
    __arm_cp.3_0                             0x0800171c   Number         4  hal_pwr.o(.text)
    __arm_cp.4_0                             0x0800174c   Number         4  hal_pwr.o(.text)
    [Anonymous Symbol]                       0x08001764   Section        0  hal_rcc.o(.text)
    __arm_cp.0_0                             0x080017f8   Number         4  hal_rcc.o(.text)
    __arm_cp.0_1                             0x080017fc   Number         4  hal_rcc.o(.text)
    __arm_cp.0_2                             0x08001800   Number         4  hal_rcc.o(.text)
    __arm_cp.0_3                             0x08001804   Number         4  hal_rcc.o(.text)
    __arm_cp.0_4                             0x08001808   Number         4  hal_rcc.o(.text)
    __arm_cp.0_5                             0x0800180c   Number         4  hal_rcc.o(.text)
    __arm_cp.0_6                             0x08001810   Number         4  hal_rcc.o(.text)
    __arm_cp.0_7                             0x08001814   Number         4  hal_rcc.o(.text)
    __arm_cp.0_8                             0x08001818   Number         4  hal_rcc.o(.text)
    __arm_cp.0_9                             0x0800181c   Number         4  hal_rcc.o(.text)
    __arm_cp.0_10                            0x08001820   Number         4  hal_rcc.o(.text)
    __arm_cp.0_11                            0x08001824   Number         4  hal_rcc.o(.text)
    __arm_cp.0_12                            0x08001828   Number         4  hal_rcc.o(.text)
    __arm_cp.0_13                            0x0800182c   Number         4  hal_rcc.o(.text)
    __arm_cp.0_14                            0x08001830   Number         4  hal_rcc.o(.text)
    __arm_cp.0_15                            0x08001834   Number         4  hal_rcc.o(.text)
    __arm_cp.0_16                            0x08001838   Number         4  hal_rcc.o(.text)
    __arm_cp.0_17                            0x0800183c   Number         4  hal_rcc.o(.text)
    __arm_cp.0_18                            0x08001840   Number         4  hal_rcc.o(.text)
    __arm_cp.0_19                            0x08001844   Number         4  hal_rcc.o(.text)
    __arm_cp.0_20                            0x08001848   Number         4  hal_rcc.o(.text)
    __arm_cp.0_21                            0x0800184c   Number         4  hal_rcc.o(.text)
    __arm_cp.0_22                            0x08001850   Number         4  hal_rcc.o(.text)
    __arm_cp.0_23                            0x08001854   Number         4  hal_rcc.o(.text)
    __arm_cp.0_24                            0x08001858   Number         4  hal_rcc.o(.text)
    __arm_cp.0_25                            0x0800185c   Number         4  hal_rcc.o(.text)
    __arm_cp.0_26                            0x08001860   Number         4  hal_rcc.o(.text)
    __arm_cp.0_27                            0x08001864   Number         4  hal_rcc.o(.text)
    __arm_cp.0_28                            0x08001868   Number         4  hal_rcc.o(.text)
    __arm_cp.0_29                            0x0800186c   Number         4  hal_rcc.o(.text)
    __arm_cp.0_30                            0x08001870   Number         4  hal_rcc.o(.text)
    __arm_cp.0_31                            0x08001874   Number         4  hal_rcc.o(.text)
    __arm_cp.1_0                             0x08001a04   Number         4  hal_rcc.o(.text)
    __arm_cp.1_1                             0x08001a08   Number         4  hal_rcc.o(.text)
    __arm_cp.1_2                             0x08001a0c   Number         4  hal_rcc.o(.text)
    __arm_cp.1_3                             0x08001a10   Number         4  hal_rcc.o(.text)
    __arm_cp.2_0                             0x08001b04   Number         4  hal_rcc.o(.text)
    __arm_cp.2_1                             0x08001b08   Number         4  hal_rcc.o(.text)
    __arm_cp.2_2                             0x08001b0c   Number         4  hal_rcc.o(.text)
    __arm_cp.3_0                             0x08001c48   Number         4  hal_rcc.o(.text)
    __arm_cp.3_1                             0x08001c4c   Number         4  hal_rcc.o(.text)
    __arm_cp.3_2                             0x08001c50   Number         4  hal_rcc.o(.text)
    __arm_cp.3_3                             0x08001c54   Number         4  hal_rcc.o(.text)
    __arm_cp.3_4                             0x08001c58   Number         4  hal_rcc.o(.text)
    __arm_cp.3_5                             0x08001c5c   Number         4  hal_rcc.o(.text)
    __arm_cp.4_0                             0x08001cf4   Number         4  hal_rcc.o(.text)
    __arm_cp.4_1                             0x08001cf8   Number         4  hal_rcc.o(.text)
    .text                                    0x08001cfc   Section        0  snprintf.o(.text)
    .text                                    0x08001d3c   Section        0  strlen.o(.text)
    .text                                    0x08001d80   Section      364  aeabi_sdiv.o(.text)
    .text                                    0x08001eec   Section        0  _printf_pad.o(.text)
    .text                                    0x08001f3a   Section        0  _printf_truncate.o(.text)
    .text                                    0x08001f5e   Section        0  _printf_str.o(.text)
    .text                                    0x08001fb0   Section        0  _printf_dec.o(.text)
    .text                                    0x0800201c   Section        0  _printf_charcount.o(.text)
    _printf_input_char                       0x08002045   Thumb Code    10  _printf_char_common.o(.text)
    .text                                    0x08002044   Section        0  _printf_char_common.o(.text)
    .text                                    0x08002074   Section        0  _snputc.o(.text)
    .text                                    0x08002084   Section        0  _printf_wctomb.o(.text)
    .text                                    0x08002140   Section        0  _printf_longlong_dec.o(.text)
    _printf_longlong_oct_internal            0x080021b1   Thumb Code     0  _printf_oct_int_ll.o(.text)
    .text                                    0x080021b0   Section        0  _printf_oct_int_ll.o(.text)
    _printf_hex_common                       0x08002221   Thumb Code     0  _printf_hex_int_ll_ptr.o(.text)
    .text                                    0x08002220   Section        0  _printf_hex_int_ll_ptr.o(.text)
    .text                                    0x080022b8   Section        0  __printf_flags_ss_wp.o(.text)
    .text                                    0x08002440   Section        0  lludiv10.o(.text)
    .text                                    0x080024ba   Section        0  _printf_intcommon.o(.text)
    _fp_digits                               0x0800256d   Thumb Code   412  _printf_fp_dec.o(.text)
    .text                                    0x0800256c   Section        0  _printf_fp_dec.o(.text)
    .text                                    0x08002980   Section        0  _printf_fp_hex.o(.text)
    .text                                    0x08002c58   Section        0  _printf_char.o(.text)
    .text                                    0x08002c86   Section        0  _printf_wchar.o(.text)
    .text                                    0x08002cb4   Section        0  _c32rtomb.o(.text)
    .text                                    0x08002cf6   Section        0  rtudiv10.o(.text)
    .text                                    0x08002d20   Section       16  rt_ctype_table.o(.text)
    .text                                    0x08002d30   Section        8  rt_locale.o(.text)
    .text                                    0x08002d38   Section        0  _printf_fp_infnan.o(.text)
    .text                                    0x08002dc0   Section        0  bigflt0.o(.text)
    .text                                    0x08002e98   Section        0  btod.o(.text)
    btod_internal_mul                        0x08002ed9   Thumb Code   492  btod.o(.text)
    btod_internal_div                        0x080030c5   Thumb Code   520  btod.o(.text)
    .text                                    0x08003418   Section        0  strcmp.o(.text)
    i.__ARM_common_ll_muluu                  0x080034a0   Section        0  btod.o(i.__ARM_common_ll_muluu)
    i.__ARM_fpclassify                       0x080034d0   Section        0  fpclassify.o(i.__ARM_fpclassify)
    i._is_digit                              0x080034fc   Section        0  __printf_wp.o(i._is_digit)
    locale$$code                             0x0800350c   Section       44  lc_numeric_c.o(locale$$code)
    locale$$code                             0x08003538   Section       44  lc_ctype_c.o(locale$$code)
    x$fpl$printf1                            0x08003564   Section       16  printf1.o(x$fpl$printf1)
    x$fpl$printf2                            0x08003574   Section       16  printf2.o(x$fpl$printf2)
    initial_mbstate                          0x08003584   Data           8  _printf_wctomb.o(.constdata)
    .constdata                               0x08003584   Section        8  _printf_wctomb.o(.constdata)
    x$fpl$usenofp                            0x08003584   Section        0  usenofp.o(x$fpl$usenofp)
    uc_hextab                                0x0800358c   Data          20  _printf_hex_int_ll_ptr.o(.constdata)
    .constdata                               0x0800358c   Section       40  _printf_hex_int_ll_ptr.o(.constdata)
    lc_hextab                                0x080035a0   Data          20  _printf_hex_int_ll_ptr.o(.constdata)
    maptable                                 0x080035b4   Data          17  __printf_flags_ss_wp.o(.constdata)
    .constdata                               0x080035b4   Section       17  __printf_flags_ss_wp.o(.constdata)
    lc_hextab                                0x080035c5   Data          19  _printf_fp_hex.o(.constdata)
    .constdata                               0x080035c5   Section       38  _printf_fp_hex.o(.constdata)
    uc_hextab                                0x080035d8   Data          19  _printf_fp_hex.o(.constdata)
    tenpwrs_x                                0x080035ec   Data          60  bigflt0.o(.constdata)
    .constdata                               0x080035ec   Section      148  bigflt0.o(.constdata)
    tenpwrs_i                                0x08003628   Data          64  bigflt0.o(.constdata)
    hal_ct_seg7_get_seg7.conv_tab            0x08003680   Data          16  hal_ct_seg7.o(.rodata.hal_ct_seg7_get_seg7.conv_tab)
    [Anonymous Symbol]                       0x08003680   Section        0  hal_ct_seg7.o(.rodata.hal_ct_seg7_get_seg7.conv_tab)
    [Anonymous Symbol]                       0x08003690   Section        0  lcd.o(.rodata.str1.1)
    locale$$data                             0x080036a0   Section       28  lc_numeric_c.o(locale$$data)
    __lcnum_c_name                           0x080036a4   Data           2  lc_numeric_c.o(locale$$data)
    __lcnum_c_start                          0x080036ac   Data           0  lc_numeric_c.o(locale$$data)
    __lcnum_c_point                          0x080036b8   Data           0  lc_numeric_c.o(locale$$data)
    __lcnum_c_thousands                      0x080036ba   Data           0  lc_numeric_c.o(locale$$data)
    __lcnum_c_grouping                       0x080036bb   Data           0  lc_numeric_c.o(locale$$data)
    __lcnum_c_end                            0x080036bc   Data           0  lc_numeric_c.o(locale$$data)
    locale$$data                             0x080036bc   Section      272  lc_ctype_c.o(locale$$data)
    __lcctype_c_name                         0x080036c0   Data           2  lc_ctype_c.o(locale$$data)
    __lcctype_c_start                        0x080036c8   Data           0  lc_ctype_c.o(locale$$data)
    __lcctype_c_end                          0x080037cc   Data           0  lc_ctype_c.o(locale$$data)
    clear                                    0x20000000   Data           1  lcd.o(.data.clear)
    [Anonymous Symbol]                       0x20000000   Section        0  lcd.o(.data.clear)
    dice_counter                             0x20000001   Data           1  dice_counter.o(.data.dice_counter)
    [Anonymous Symbol]                       0x20000001   Section        0  dice_counter.o(.data.dice_counter)
    __rt_locale_data                         0x20000008   Data          20  rt_locale.o(.bss)
    .bss                                     0x20000008   Section       20  rt_locale.o(.bss)
    buffer                                   0x2000001c   Data          20  lcd.o(.bss.buffer)
    [Anonymous Symbol]                       0x2000001c   Section        0  lcd.o(.bss.buffer)
    i                                        0x20000030   Data           1  lcd.o(.bss.i)
    [Anonymous Symbol]                       0x20000030   Section        0  lcd.o(.bss.i)
    nr_of_throws                             0x20000031   Data           7  statistics.o(.bss.nr_of_throws)
    [Anonymous Symbol]                       0x20000031   Section        0  statistics.o(.bss.nr_of_throws)
    text                                     0x20000038   Data          20  lcd.o(.bss.text)
    [Anonymous Symbol]                       0x20000038   Section        0  lcd.o(.bss.text)
    text_length                              0x2000004c   Data           1  lcd.o(.bss.text_length)
    [Anonymous Symbol]                       0x2000004c   Section        0  lcd.o(.bss.text_length)
    STACK                                    0x20000050   Section     8192  startup_ctboard.o(STACK)
    __initial_sp                             0x20002050   Data           0  startup_ctboard.o(STACK)

    Global Symbols

    Symbol Name                              Value     Ov Type        Size  Object(Section)

    BuildAttributes$$THM_ISAv3M$S$PE$A:L22$X:L11$S22$IEEE1$IW$~IW$USESV6$~STKCKD$USESV7$WCHAR32$ENUMINT$~SHL$OTIME$ROPI$IEEEJ$EBA8$STANDARDLIB$REQ8$PRES8$EABIv2 0x00000000   Number         0  anon$$obj.o ABSOLUTE
    _printf_flags                            0x00000000   Number         0  printf_stubs.o ABSOLUTE
    _printf_return_value                     0x00000000   Number         0  printf_stubs.o ABSOLUTE
    _printf_sizespec                         0x00000000   Number         0  printf_stubs.o ABSOLUTE
    _printf_widthprec                        0x00000000   Number         0  printf_stubs.o ABSOLUTE
    Image$$RO$$Limit                          - Undefined Weak Reference
    Image$$RW$$Base                           - Undefined Weak Reference
    Image$$ZI$$Base                           - Undefined Weak Reference
    Image$$ZI$$Limit                          - Undefined Weak Reference
    __ARM_exceptions_init                     - Undefined Weak Reference
    __alloca_initialize                       - Undefined Weak Reference
    __arm_preinit_                            - Undefined Weak Reference
    __arm_relocate_pie_                       - Undefined Weak Reference
    __cpp_initialize__aeabi_                  - Undefined Weak Reference
    __sigvec_lookup                           - Undefined Weak Reference
    _atexit_init                              - Undefined Weak Reference
    _clock_init                               - Undefined Weak Reference
    _fp_trap_init                             - Undefined Weak Reference
    _get_lc_collate                           - Undefined Weak Reference
    _get_lc_monetary                          - Undefined Weak Reference
    _get_lc_time                              - Undefined Weak Reference
    _getenv_init                              - Undefined Weak Reference
    _handle_redirection                       - Undefined Weak Reference
    _init_alloc                               - Undefined Weak Reference
    _init_user_alloc                          - Undefined Weak Reference
    _initio                                   - Undefined Weak Reference
    _printf_mbtowc                            - Undefined Weak Reference
    _printf_wc                                - Undefined Weak Reference
    _rand_init                                - Undefined Weak Reference
    _signal_init                              - Undefined Weak Reference
    __Vectors_Size                           0x000001ac   Number         0  startup_ctboard.o ABSOLUTE
    Stack_Size                               0x00002000   Number         0  startup_ctboard.o ABSOLUTE
    __Vectors                                0x08000000   Data           4  startup_ctboard.o(RESET)
    __Vectors_End                            0x080001ac   Data           0  startup_ctboard.o(RESET)
    _printf_percent                          0x080001ad   Thumb Code     0  _printf_percent.o(.ARM.Collect$$_printf_percent$$00000000)
    _printf_n                                0x080001af   Thumb Code     0  _printf_n.o(.ARM.Collect$$_printf_percent$$00000001)
    _printf_p                                0x080001b9   Thumb Code     0  _printf_p.o(.ARM.Collect$$_printf_percent$$00000002)
    _printf_f                                0x080001c3   Thumb Code     0  _printf_f.o(.ARM.Collect$$_printf_percent$$00000003)
    _printf_e                                0x080001cd   Thumb Code     0  _printf_e.o(.ARM.Collect$$_printf_percent$$00000004)
    _printf_g                                0x080001d7   Thumb Code     0  _printf_g.o(.ARM.Collect$$_printf_percent$$00000005)
    _printf_a                                0x080001e1   Thumb Code     0  _printf_a.o(.ARM.Collect$$_printf_percent$$00000006)
    _printf_ll                               0x080001eb   Thumb Code     0  _printf_ll.o(.ARM.Collect$$_printf_percent$$00000007)
    _printf_i                                0x080001f5   Thumb Code     0  _printf_i.o(.ARM.Collect$$_printf_percent$$00000008)
    _printf_d                                0x080001ff   Thumb Code     0  _printf_d.o(.ARM.Collect$$_printf_percent$$00000009)
    _printf_u                                0x08000209   Thumb Code     0  _printf_u.o(.ARM.Collect$$_printf_percent$$0000000A)
    _printf_o                                0x08000213   Thumb Code     0  _printf_o.o(.ARM.Collect$$_printf_percent$$0000000B)
    _printf_x                                0x0800021d   Thumb Code     0  _printf_x.o(.ARM.Collect$$_printf_percent$$0000000C)
    _printf_lli                              0x08000227   Thumb Code     0  _printf_lli.o(.ARM.Collect$$_printf_percent$$0000000D)
    _printf_lld                              0x08000231   Thumb Code     0  _printf_lld.o(.ARM.Collect$$_printf_percent$$0000000E)
    _printf_llu                              0x0800023b   Thumb Code     0  _printf_llu.o(.ARM.Collect$$_printf_percent$$0000000F)
    _printf_llo                              0x08000245   Thumb Code     0  _printf_llo.o(.ARM.Collect$$_printf_percent$$00000010)
    _printf_llx                              0x0800024f   Thumb Code     0  _printf_llx.o(.ARM.Collect$$_printf_percent$$00000011)
    _printf_l                                0x08000259   Thumb Code     0  _printf_l.o(.ARM.Collect$$_printf_percent$$00000012)
    _printf_c                                0x08000263   Thumb Code     0  _printf_c.o(.ARM.Collect$$_printf_percent$$00000013)
    _printf_s                                0x0800026d   Thumb Code     0  _printf_s.o(.ARM.Collect$$_printf_percent$$00000014)
    _printf_lc                               0x08000277   Thumb Code     0  _printf_lc.o(.ARM.Collect$$_printf_percent$$00000015)
    _printf_ls                               0x08000281   Thumb Code     0  _printf_ls.o(.ARM.Collect$$_printf_percent$$00000016)
    _printf_percent_end                      0x0800028b   Thumb Code     0  _printf_percent_end.o(.ARM.Collect$$_printf_percent$$00000017)
    __rt_lib_init_lc_ctype_2                 0x0800028f   Thumb Code     0  libinit2.o(.ARM.Collect$$libinit$$00000015)
    __rt_lib_init_lc_numeric_2               0x0800028f   Thumb Code     0  libinit2.o(.ARM.Collect$$libinit$$00000019)
    dice_counter_increment                   0x08000291   Thumb Code    32  dice_counter.o(.text)
    dice_counter_read                        0x080002b5   Thumb Code     8  dice_counter.o(.text)
    main                                     0x080002c1   Thumb Code   164  main.o(.text)
    stat_add_throw                           0x08000369   Thumb Code    28  statistics.o(.text)
    stat_read                                0x08000389   Thumb Code    48  statistics.o(.text)
    lcd_write_value                          0x080003bd   Thumb Code    96  lcd.o(.text)
    lcd_write_total                          0x08000431   Thumb Code    84  lcd.o(.text)
    hal_ct_lcd_clear                         0x08000499   Thumb Code    52  lcd.o(.text)
    __main                                   0x080004dd   Thumb Code    74  datainit_ctboard.o(.text)
    Reset_Handler                            0x08000559   Thumb Code     8  startup_ctboard.o(.text)
    NMI_Handler                              0x08000561   Thumb Code     2  startup_ctboard.o(.text)
    HardFault_Handler                        0x08000563   Thumb Code     2  startup_ctboard.o(.text)
    MemManage_Handler                        0x08000565   Thumb Code     2  startup_ctboard.o(.text)
    BusFault_Handler                         0x08000567   Thumb Code     2  startup_ctboard.o(.text)
    UsageFault_Handler                       0x08000569   Thumb Code     2  startup_ctboard.o(.text)
    SVC_Handler                              0x0800056b   Thumb Code     2  startup_ctboard.o(.text)
    DebugMon_Handler                         0x0800056d   Thumb Code     2  startup_ctboard.o(.text)
    PendSV_Handler                           0x0800056f   Thumb Code     2  startup_ctboard.o(.text)
    SysTick_Handler                          0x08000571   Thumb Code     2  startup_ctboard.o(.text)
    ADC_IRQHandler                           0x08000573   Thumb Code     0  startup_ctboard.o(.text)
    CAN1_RX0_IRQHandler                      0x08000573   Thumb Code     0  startup_ctboard.o(.text)
    CAN1_RX1_IRQHandler                      0x08000573   Thumb Code     0  startup_ctboard.o(.text)
    CAN1_SCE_IRQHandler                      0x08000573   Thumb Code     0  startup_ctboard.o(.text)
    CAN1_TX_IRQHandler                       0x08000573   Thumb Code     0  startup_ctboard.o(.text)
    CAN2_RX0_IRQHandler                      0x08000573   Thumb Code     0  startup_ctboard.o(.text)
    CAN2_RX1_IRQHandler                      0x08000573   Thumb Code     0  startup_ctboard.o(.text)
    CAN2_SCE_IRQHandler                      0x08000573   Thumb Code     0  startup_ctboard.o(.text)
    CAN2_TX_IRQHandler                       0x08000573   Thumb Code     0  startup_ctboard.o(.text)
    CRYP_IRQHandler                          0x08000573   Thumb Code     0  startup_ctboard.o(.text)
    DCMI_IRQHandler                          0x08000573   Thumb Code     0  startup_ctboard.o(.text)
    DMA1_Stream0_IRQHandler                  0x08000573   Thumb Code     0  startup_ctboard.o(.text)
    DMA1_Stream1_IRQHandler                  0x08000573   Thumb Code     0  startup_ctboard.o(.text)
    DMA1_Stream2_IRQHandler                  0x08000573   Thumb Code     0  startup_ctboard.o(.text)
    DMA1_Stream3_IRQHandler                  0x08000573   Thumb Code     0  startup_ctboard.o(.text)
    DMA1_Stream4_IRQHandler                  0x08000573   Thumb Code     0  startup_ctboard.o(.text)
    DMA1_Stream5_IRQHandler                  0x08000573   Thumb Code     0  startup_ctboard.o(.text)
    DMA1_Stream6_IRQHandler                  0x08000573   Thumb Code     0  startup_ctboard.o(.text)
    DMA1_Stream7_IRQHandler                  0x08000573   Thumb Code     0  startup_ctboard.o(.text)
    DMA2D_IRQHandler                         0x08000573   Thumb Code     0  startup_ctboard.o(.text)
    DMA2_Stream0_IRQHandler                  0x08000573   Thumb Code     0  startup_ctboard.o(.text)
    DMA2_Stream1_IRQHandler                  0x08000573   Thumb Code     0  startup_ctboard.o(.text)
    DMA2_Stream2_IRQHandler                  0x08000573   Thumb Code     0  startup_ctboard.o(.text)
    DMA2_Stream3_IRQHandler                  0x08000573   Thumb Code     0  startup_ctboard.o(.text)
    DMA2_Stream4_IRQHandler                  0x08000573   Thumb Code     0  startup_ctboard.o(.text)
    DMA2_Stream5_IRQHandler                  0x08000573   Thumb Code     0  startup_ctboard.o(.text)
    DMA2_Stream6_IRQHandler                  0x08000573   Thumb Code     0  startup_ctboard.o(.text)
    DMA2_Stream7_IRQHandler                  0x08000573   Thumb Code     0  startup_ctboard.o(.text)
    ETH_IRQHandler                           0x08000573   Thumb Code     0  startup_ctboard.o(.text)
    ETH_WKUP_IRQHandler                      0x08000573   Thumb Code     0  startup_ctboard.o(.text)
    EXTI0_IRQHandler                         0x08000573   Thumb Code     0  startup_ctboard.o(.text)
    EXTI15_10_IRQHandler                     0x08000573   Thumb Code     0  startup_ctboard.o(.text)
    EXTI1_IRQHandler                         0x08000573   Thumb Code     0  startup_ctboard.o(.text)
    EXTI2_IRQHandler                         0x08000573   Thumb Code     0  startup_ctboard.o(.text)
    EXTI3_IRQHandler                         0x08000573   Thumb Code     0  startup_ctboard.o(.text)
    EXTI4_IRQHandler                         0x08000573   Thumb Code     0  startup_ctboard.o(.text)
    EXTI9_5_IRQHandler                       0x08000573   Thumb Code     0  startup_ctboard.o(.text)
    FLASH_IRQHandler                         0x08000573   Thumb Code     0  startup_ctboard.o(.text)
    FMC_IRQHandler                           0x08000573   Thumb Code     0  startup_ctboard.o(.text)
    FPU_IRQHandler                           0x08000573   Thumb Code     0  startup_ctboard.o(.text)
    HASH_RNG_IRQHandler                      0x08000573   Thumb Code     0  startup_ctboard.o(.text)
    I2C1_ER_IRQHandler                       0x08000573   Thumb Code     0  startup_ctboard.o(.text)
    I2C1_EV_IRQHandler                       0x08000573   Thumb Code     0  startup_ctboard.o(.text)
    I2C2_ER_IRQHandler                       0x08000573   Thumb Code     0  startup_ctboard.o(.text)
    I2C2_EV_IRQHandler                       0x08000573   Thumb Code     0  startup_ctboard.o(.text)
    I2C3_ER_IRQHandler                       0x08000573   Thumb Code     0  startup_ctboard.o(.text)
    I2C3_EV_IRQHandler                       0x08000573   Thumb Code     0  startup_ctboard.o(.text)
    LTDC_ER_IRQHandler                       0x08000573   Thumb Code     0  startup_ctboard.o(.text)
    LTDC_IRQHandler                          0x08000573   Thumb Code     0  startup_ctboard.o(.text)
    OTG_FS_IRQHandler                        0x08000573   Thumb Code     0  startup_ctboard.o(.text)
    OTG_FS_WKUP_IRQHandler                   0x08000573   Thumb Code     0  startup_ctboard.o(.text)
    OTG_HS_EP1_IN_IRQHandler                 0x08000573   Thumb Code     0  startup_ctboard.o(.text)
    OTG_HS_EP1_OUT_IRQHandler                0x08000573   Thumb Code     0  startup_ctboard.o(.text)
    OTG_HS_IRQHandler                        0x08000573   Thumb Code     0  startup_ctboard.o(.text)
    OTG_HS_WKUP_IRQHandler                   0x08000573   Thumb Code     0  startup_ctboard.o(.text)
    PVD_IRQHandler                           0x08000573   Thumb Code     0  startup_ctboard.o(.text)
    RCC_IRQHandler                           0x08000573   Thumb Code     0  startup_ctboard.o(.text)
    RTC_Alarm_IRQHandler                     0x08000573   Thumb Code     0  startup_ctboard.o(.text)
    RTC_WKUP_IRQHandler                      0x08000573   Thumb Code     0  startup_ctboard.o(.text)
    SAI1_IRQHandler                          0x08000573   Thumb Code     0  startup_ctboard.o(.text)
    SDIO_IRQHandler                          0x08000573   Thumb Code     0  startup_ctboard.o(.text)
    SPI1_IRQHandler                          0x08000573   Thumb Code     0  startup_ctboard.o(.text)
    SPI2_IRQHandler                          0x08000573   Thumb Code     0  startup_ctboard.o(.text)
    SPI3_IRQHandler                          0x08000573   Thumb Code     0  startup_ctboard.o(.text)
    SPI4_IRQHandler                          0x08000573   Thumb Code     0  startup_ctboard.o(.text)
    SPI5_IRQHandler                          0x08000573   Thumb Code     0  startup_ctboard.o(.text)
    SPI6_IRQHandler                          0x08000573   Thumb Code     0  startup_ctboard.o(.text)
    TAMP_STAMP_IRQHandler                    0x08000573   Thumb Code     0  startup_ctboard.o(.text)
    TIM1_BRK_TIM9_IRQHandler                 0x08000573   Thumb Code     0  startup_ctboard.o(.text)
    TIM1_CC_IRQHandler                       0x08000573   Thumb Code     0  startup_ctboard.o(.text)
    TIM1_TRG_COM_TIM11_IRQHandler            0x08000573   Thumb Code     0  startup_ctboard.o(.text)
    TIM1_UP_TIM10_IRQHandler                 0x08000573   Thumb Code     0  startup_ctboard.o(.text)
    TIM2_IRQHandler                          0x08000573   Thumb Code     0  startup_ctboard.o(.text)
    TIM3_IRQHandler                          0x08000573   Thumb Code     0  startup_ctboard.o(.text)
    TIM4_IRQHandler                          0x08000573   Thumb Code     0  startup_ctboard.o(.text)
    TIM5_IRQHandler                          0x08000573   Thumb Code     0  startup_ctboard.o(.text)
    TIM6_DAC_IRQHandler                      0x08000573   Thumb Code     0  startup_ctboard.o(.text)
    TIM7_IRQHandler                          0x08000573   Thumb Code     0  startup_ctboard.o(.text)
    TIM8_BRK_TIM12_IRQHandler                0x08000573   Thumb Code     0  startup_ctboard.o(.text)
    TIM8_CC_IRQHandler                       0x08000573   Thumb Code     0  startup_ctboard.o(.text)
    TIM8_TRG_COM_TIM14_IRQHandler            0x08000573   Thumb Code     0  startup_ctboard.o(.text)
    TIM8_UP_TIM13_IRQHandler                 0x08000573   Thumb Code     0  startup_ctboard.o(.text)
    UART4_IRQHandler                         0x08000573   Thumb Code     0  startup_ctboard.o(.text)
    UART5_IRQHandler                         0x08000573   Thumb Code     0  startup_ctboard.o(.text)
    UART7_IRQHandler                         0x08000573   Thumb Code     0  startup_ctboard.o(.text)
    UART8_IRQHandler                         0x08000573   Thumb Code     0  startup_ctboard.o(.text)
    USART1_IRQHandler                        0x08000573   Thumb Code     0  startup_ctboard.o(.text)
    USART2_IRQHandler                        0x08000573   Thumb Code     0  startup_ctboard.o(.text)
    USART3_IRQHandler                        0x08000573   Thumb Code     0  startup_ctboard.o(.text)
    USART6_IRQHandler                        0x08000573   Thumb Code     0  startup_ctboard.o(.text)
    WWDG_IRQHandler                          0x08000573   Thumb Code     0  startup_ctboard.o(.text)
    __system                                 0x0800057d   Thumb Code     8  system_ctboard.o(.text)
    system_enter_run                         0x08000585   Thumb Code    20  system_ctboard.o(.text)
    system_enter_sleep                       0x080007f9   Thumb Code     8  system_ctboard.o(.text)
    system_enter_stop                        0x08000801   Thumb Code    10  system_ctboard.o(.text)
    system_enter_standby                     0x0800080b   Thumb Code     2  system_ctboard.o(.text)
    hal_ct_seg7_raw_write                    0x0800080d   Thumb Code   176  hal_ct_seg7.o(.text)
    hal_ct_seg7_bin_write                    0x080008cd   Thumb Code    16  hal_ct_seg7.o(.text)
    hal_ct_seg7_clear                        0x080008e1   Thumb Code    24  hal_ct_seg7.o(.text)
    hal_ct_seg7_clear_all                    0x080008fd   Thumb Code    12  hal_ct_seg7.o(.text)
    hal_ct_seg7_dot_set                      0x0800090d   Thumb Code    24  hal_ct_seg7.o(.text)
    hal_ct_seg7_dot_clear                    0x08000929   Thumb Code    24  hal_ct_seg7.o(.text)
    hal_ct_seg7_get_bcd                      0x08000945   Thumb Code    54  hal_ct_seg7.o(.text)
    hal_ct_seg7_get_seg7                     0x0800097d   Thumb Code    48  hal_ct_seg7.o(.text)
    hal_fmc_reset                            0x080009b1   Thumb Code   104  hal_fmc.o(.text)
    hal_fmc_init_sram                        0x08000a41   Thumb Code   556  hal_fmc.o(.text)
    hal_gpio_reset                           0x08000c89   Thumb Code   112  hal_gpio.o(.text)
    hal_gpio_init_input                      0x08000d01   Thumb Code   122  hal_gpio.o(.text)
    hal_gpio_init_analog                     0x08000e55   Thumb Code    74  hal_gpio.o(.text)
    hal_gpio_init_output                     0x08000e9f   Thumb Code   206  hal_gpio.o(.text)
    hal_gpio_init_alternate                  0x08000f6d   Thumb Code   186  hal_gpio.o(.text)
    hal_gpio_input_read                      0x08001027   Thumb Code    14  hal_gpio.o(.text)
    hal_gpio_output_read                     0x08001035   Thumb Code    14  hal_gpio.o(.text)
    hal_gpio_output_write                    0x08001043   Thumb Code    42  hal_gpio.o(.text)
    hal_gpio_bit_set                         0x0800106d   Thumb Code    54  hal_gpio.o(.text)
    hal_gpio_bit_reset                       0x080010a3   Thumb Code    54  hal_gpio.o(.text)
    hal_gpio_bit_toggle                      0x080010d9   Thumb Code    78  hal_gpio.o(.text)
    hal_gpio_irq_set                         0x08001129   Thumb Code   832  hal_gpio.o(.text)
    hal_gpio_irq_status                      0x080015ad   Thumb Code    64  hal_gpio.o(.text)
    hal_gpio_irq_clear                       0x080015f5   Thumb Code    24  hal_gpio.o(.text)
    hal_pwr_reset                            0x08001611   Thumb Code    16  hal_pwr.o(.text)
    hal_pwr_set_backup_domain                0x08001629   Thumb Code   148  hal_pwr.o(.text)
    hal_pwr_set_backup_access                0x080016c1   Thumb Code    44  hal_pwr.o(.text)
    hal_pwr_set_wakeup_pin                   0x080016f1   Thumb Code    44  hal_pwr.o(.text)
    hal_pwr_set_flash_powerdown              0x08001721   Thumb Code    44  hal_pwr.o(.text)
    hal_pwr_set_overdrive                    0x08001751   Thumb Code    10  hal_pwr.o(.text)
    hal_pwr_set_underdrive                   0x0800175b   Thumb Code    10  hal_pwr.o(.text)
    hal_rcc_reset                            0x08001765   Thumb Code   148  hal_rcc.o(.text)
    hal_rcc_set_peripheral                   0x08001879   Thumb Code   396  hal_rcc.o(.text)
    hal_rcc_set_osc                          0x08001a15   Thumb Code   240  hal_rcc.o(.text)
    hal_rcc_setup_pll                        0x08001b11   Thumb Code   312  hal_rcc.o(.text)
    hal_rcc_setup_clock                      0x08001c61   Thumb Code   148  hal_rcc.o(.text)
    snprintf                                 0x08001cfd   Thumb Code    60  snprintf.o(.text)
    strlen                                   0x08001d3d   Thumb Code    62  strlen.o(.text)
    __aeabi_uidiv                            0x08001d81   Thumb Code     0  aeabi_sdiv.o(.text)
    __aeabi_uidivmod                         0x08001d81   Thumb Code    20  aeabi_sdiv.o(.text)
    __aeabi_idiv                             0x08001d95   Thumb Code     0  aeabi_sdiv.o(.text)
    __aeabi_idivmod                          0x08001d95   Thumb Code   338  aeabi_sdiv.o(.text)
    _printf_pre_padding                      0x08001eed   Thumb Code    44  _printf_pad.o(.text)
    _printf_post_padding                     0x08001f19   Thumb Code    34  _printf_pad.o(.text)
    _printf_truncate_signed                  0x08001f3b   Thumb Code    18  _printf_truncate.o(.text)
    _printf_truncate_unsigned                0x08001f4d   Thumb Code    18  _printf_truncate.o(.text)
    _printf_str                              0x08001f5f   Thumb Code    82  _printf_str.o(.text)
    _printf_int_dec                          0x08001fb1   Thumb Code    90  _printf_dec.o(.text)
    _printf_charcount                        0x0800201d   Thumb Code    38  _printf_charcount.o(.text)
    _printf_char_common                      0x0800204f   Thumb Code    32  _printf_char_common.o(.text)
    _snputc                                  0x08002075   Thumb Code    16  _snputc.o(.text)
    _printf_wctomb                           0x08002085   Thumb Code   182  _printf_wctomb.o(.text)
    _printf_longlong_dec                     0x08002141   Thumb Code    94  _printf_longlong_dec.o(.text)
    _printf_longlong_oct                     0x080021b1   Thumb Code    68  _printf_oct_int_ll.o(.text)
    _printf_int_oct                          0x080021f5   Thumb Code    24  _printf_oct_int_ll.o(.text)
    _printf_ll_oct                           0x0800220d   Thumb Code    10  _printf_oct_int_ll.o(.text)
    _printf_longlong_hex                     0x08002221   Thumb Code    88  _printf_hex_int_ll_ptr.o(.text)
    _printf_int_hex                          0x08002279   Thumb Code    28  _printf_hex_int_ll_ptr.o(.text)
    _printf_ll_hex                           0x08002295   Thumb Code    10  _printf_hex_int_ll_ptr.o(.text)
    _printf_hex_ptr                          0x0800229f   Thumb Code    22  _printf_hex_int_ll_ptr.o(.text)
    __printf                                 0x080022b9   Thumb Code   386  __printf_flags_ss_wp.o(.text)
    _ll_udiv10                               0x08002441   Thumb Code   122  lludiv10.o(.text)
    _printf_int_common                       0x080024bb   Thumb Code   176  _printf_intcommon.o(.text)
    _printf_fp_dec_real                      0x08002709   Thumb Code   620  _printf_fp_dec.o(.text)
    _printf_fp_hex_real                      0x08002981   Thumb Code   718  _printf_fp_hex.o(.text)
    _printf_cs_common                        0x08002c59   Thumb Code    22  _printf_char.o(.text)
    _printf_char                             0x08002c6f   Thumb Code    16  _printf_char.o(.text)
    _printf_string                           0x08002c7f   Thumb Code     8  _printf_char.o(.text)
    _printf_lcs_common                       0x08002c87   Thumb Code    22  _printf_wchar.o(.text)
    _printf_wchar                            0x08002c9d   Thumb Code    16  _printf_wchar.o(.text)
    _printf_wstring                          0x08002cad   Thumb Code     8  _printf_wchar.o(.text)
    _c32rtomb                                0x08002cb5   Thumb Code    66  _c32rtomb.o(.text)
    _wcrtomb                                 0x08002cb5   Thumb Code     0  _c32rtomb.o(.text)
    __rt_udiv10                              0x08002cf7   Thumb Code    40  rtudiv10.o(.text)
    __rt_ctype_table                         0x08002d21   Thumb Code    16  rt_ctype_table.o(.text)
    __rt_locale                              0x08002d31   Thumb Code     8  rt_locale.o(.text)
    _printf_fp_infnan                        0x08002d39   Thumb Code   120  _printf_fp_infnan.o(.text)
    _btod_etento                             0x08002dc1   Thumb Code   210  bigflt0.o(.text)
    _btod_d2e                                0x08002e99   Thumb Code    64  btod.o(.text)
    _btod_emul                               0x080032cd   Thumb Code    28  btod.o(.text)
    _btod_emuld                              0x080032e9   Thumb Code   144  btod.o(.text)
    _btod_ediv                               0x08003379   Thumb Code    26  btod.o(.text)
    _btod_edivd                              0x08003393   Thumb Code   124  btod.o(.text)
    strcmp                                   0x08003419   Thumb Code   132  strcmp.o(.text)
    __ARM_common_ll_muluu                    0x080034a1   Thumb Code    48  btod.o(i.__ARM_common_ll_muluu)
    __ARM_fpclassify                         0x080034d1   Thumb Code    40  fpclassify.o(i.__ARM_fpclassify)
    _is_digit                                0x080034fd   Thumb Code    14  __printf_wp.o(i._is_digit)
    _get_lc_numeric                          0x0800350d   Thumb Code    44  lc_numeric_c.o(locale$$code)
    _get_lc_ctype                            0x08003539   Thumb Code    44  lc_ctype_c.o(locale$$code)
    _printf_fp_dec                           0x08003565   Thumb Code    16  printf1.o(x$fpl$printf1)
    _printf_fp_hex                           0x08003575   Thumb Code    16  printf2.o(x$fpl$printf2)
    __I$use$fp                               0x08003584   Number         0  usenofp.o(x$fpl$usenofp)
    __ctype                                  0x080036c9   Data           0  lc_ctype_c.o(locale$$data)
    Image$$ER_IROM1$$Limit                   0x080037cc   Number         0  anon$$obj.o ABSOLUTE
    Image$$RW_IRAM1$$Base                    0x20000000   Number         0  anon$$obj.o ABSOLUTE
    Image$$RW_IRAM1$$ZI$$Base                0x20000008   Number         0  anon$$obj.o ABSOLUTE
    Stack_Mem                                0x20000050   Data        8192  startup_ctboard.o(STACK)
    Image$$RW_IRAM1$$ZI$$Limit               0x20002050   Number         0  anon$$obj.o ABSOLUTE



==============================================================================

Memory Map of the image

  Image Entry point : 0x08000559

  Load Region LR_IROM1 (Base: 0x08000000, Size: 0x000037d8, Max: 0x00200000, ABSOLUTE)

    Execution Region ER_IROM1 (Exec base: 0x08000000, Load base: 0x08000000, Size: 0x000037cc, Max: 0x00200000, ABSOLUTE)

    Exec Addr    Load Addr    Size         Type   Attr      Idx    E Section Name        Object

    0x08000000   0x08000000   0x000001ac   Data   RO           46    RESET               startup_ctboard.o
    0x080001ac   0x080001ac   0x00000002   Code   RO          189    .ARM.Collect$$_printf_percent$$00000000  c_pu.l(_printf_percent.o)
    0x080001ae   0x080001ae   0x0000000a   Code   RO          178    .ARM.Collect$$_printf_percent$$00000001  c_pu.l(_printf_n.o)
    0x080001b8   0x080001b8   0x0000000a   Code   RO          180    .ARM.Collect$$_printf_percent$$00000002  c_pu.l(_printf_p.o)
    0x080001c2   0x080001c2   0x0000000a   Code   RO          185    .ARM.Collect$$_printf_percent$$00000003  c_pu.l(_printf_f.o)
    0x080001cc   0x080001cc   0x0000000a   Code   RO          186    .ARM.Collect$$_printf_percent$$00000004  c_pu.l(_printf_e.o)
    0x080001d6   0x080001d6   0x0000000a   Code   RO          187    .ARM.Collect$$_printf_percent$$00000005  c_pu.l(_printf_g.o)
    0x080001e0   0x080001e0   0x0000000a   Code   RO          188    .ARM.Collect$$_printf_percent$$00000006  c_pu.l(_printf_a.o)
    0x080001ea   0x080001ea   0x0000000a   Code   RO          193    .ARM.Collect$$_printf_percent$$00000007  c_pu.l(_printf_ll.o)
    0x080001f4   0x080001f4   0x0000000a   Code   RO          182    .ARM.Collect$$_printf_percent$$00000008  c_pu.l(_printf_i.o)
    0x080001fe   0x080001fe   0x0000000a   Code   RO          183    .ARM.Collect$$_printf_percent$$00000009  c_pu.l(_printf_d.o)
    0x08000208   0x08000208   0x0000000a   Code   RO          184    .ARM.Collect$$_printf_percent$$0000000A  c_pu.l(_printf_u.o)
    0x08000212   0x08000212   0x0000000a   Code   RO          181    .ARM.Collect$$_printf_percent$$0000000B  c_pu.l(_printf_o.o)
    0x0800021c   0x0800021c   0x0000000a   Code   RO          179    .ARM.Collect$$_printf_percent$$0000000C  c_pu.l(_printf_x.o)
    0x08000226   0x08000226   0x0000000a   Code   RO          190    .ARM.Collect$$_printf_percent$$0000000D  c_pu.l(_printf_lli.o)
    0x08000230   0x08000230   0x0000000a   Code   RO          191    .ARM.Collect$$_printf_percent$$0000000E  c_pu.l(_printf_lld.o)
    0x0800023a   0x0800023a   0x0000000a   Code   RO          192    .ARM.Collect$$_printf_percent$$0000000F  c_pu.l(_printf_llu.o)
    0x08000244   0x08000244   0x0000000a   Code   RO          197    .ARM.Collect$$_printf_percent$$00000010  c_pu.l(_printf_llo.o)
    0x0800024e   0x0800024e   0x0000000a   Code   RO          198    .ARM.Collect$$_printf_percent$$00000011  c_pu.l(_printf_llx.o)
    0x08000258   0x08000258   0x0000000a   Code   RO          194    .ARM.Collect$$_printf_percent$$00000012  c_pu.l(_printf_l.o)
    0x08000262   0x08000262   0x0000000a   Code   RO          176    .ARM.Collect$$_printf_percent$$00000013  c_pu.l(_printf_c.o)
    0x0800026c   0x0800026c   0x0000000a   Code   RO          177    .ARM.Collect$$_printf_percent$$00000014  c_pu.l(_printf_s.o)
    0x08000276   0x08000276   0x0000000a   Code   RO          195    .ARM.Collect$$_printf_percent$$00000015  c_pu.l(_printf_lc.o)
    0x08000280   0x08000280   0x0000000a   Code   RO          196    .ARM.Collect$$_printf_percent$$00000016  c_pu.l(_printf_ls.o)
    0x0800028a   0x0800028a   0x00000004   Code   RO          226    .ARM.Collect$$_printf_percent$$00000017  c_pu.l(_printf_percent_end.o)
    0x0800028e   0x0800028e   0x00000000   Code   RO          294    .ARM.Collect$$libinit$$00000015  c_pu.l(libinit2.o)
    0x0800028e   0x0800028e   0x00000000   Code   RO          298    .ARM.Collect$$libinit$$00000019  c_pu.l(libinit2.o)
    0x0800028e   0x0800028e   0x00000002   PAD
    0x08000290   0x08000290   0x00000030   Code   RO            1    .text               dice_counter.o
    0x080002c0   0x080002c0   0x000000a8   Code   RO            9    .text               main.o
    0x08000368   0x08000368   0x00000054   Code   RO           17    .text               statistics.o
    0x080003bc   0x080003bc   0x00000120   Code   RO           25    .text               lcd.o
    0x080004dc   0x080004dc   0x0000007c   Code   RO           38    .text               datainit_ctboard.o
    0x08000558   0x08000558   0x00000024   Code   RO           47  * .text               startup_ctboard.o
    0x0800057c   0x0800057c   0x00000290   Code   RO           51    .text               system_ctboard.o
    0x0800080c   0x0800080c   0x000001a4   Code   RO           58    .text               hal_ct_seg7.o
    0x080009b0   0x080009b0   0x000002d8   Code   RO           66    .text               hal_fmc.o
    0x08000c88   0x08000c88   0x00000988   Code   RO           73    .text               hal_gpio.o
    0x08001610   0x08001610   0x00000154   Code   RO           80    .text               hal_pwr.o
    0x08001764   0x08001764   0x00000598   Code   RO           87    .text               hal_rcc.o
    0x08001cfc   0x08001cfc   0x00000040   Code   RO           96    .text               c_pu.l(snprintf.o)
    0x08001d3c   0x08001d3c   0x00000044   Code   RO           98    .text               c_pu.l(strlen.o)
    0x08001d80   0x08001d80   0x0000016c   Code   RO          100    .text               c_pu.l(aeabi_sdiv.o)
    0x08001eec   0x08001eec   0x0000004e   Code   RO          110    .text               c_pu.l(_printf_pad.o)
    0x08001f3a   0x08001f3a   0x00000024   Code   RO          112    .text               c_pu.l(_printf_truncate.o)
    0x08001f5e   0x08001f5e   0x00000052   Code   RO          114    .text               c_pu.l(_printf_str.o)
    0x08001fb0   0x08001fb0   0x0000006c   Code   RO          116    .text               c_pu.l(_printf_dec.o)
    0x0800201c   0x0800201c   0x00000026   Code   RO          118    .text               c_pu.l(_printf_charcount.o)
    0x08002042   0x08002042   0x00000002   PAD
    0x08002044   0x08002044   0x00000030   Code   RO          120    .text               c_pu.l(_printf_char_common.o)
    0x08002074   0x08002074   0x00000010   Code   RO          122    .text               c_pu.l(_snputc.o)
    0x08002084   0x08002084   0x000000bc   Code   RO          124    .text               c_pu.l(_printf_wctomb.o)
    0x08002140   0x08002140   0x00000070   Code   RO          127    .text               c_pu.l(_printf_longlong_dec.o)
    0x080021b0   0x080021b0   0x00000070   Code   RO          133    .text               c_pu.l(_printf_oct_int_ll.o)
    0x08002220   0x08002220   0x00000098   Code   RO          153    .text               c_pu.l(_printf_hex_int_ll_ptr.o)
    0x080022b8   0x080022b8   0x00000188   Code   RO          173    .text               c_pu.l(__printf_flags_ss_wp.o)
    0x08002440   0x08002440   0x0000007a   Code   RO          209    .text               c_pu.l(lludiv10.o)
    0x080024ba   0x080024ba   0x000000b0   Code   RO          211    .text               c_pu.l(_printf_intcommon.o)
    0x0800256a   0x0800256a   0x00000002   PAD
    0x0800256c   0x0800256c   0x00000414   Code   RO          213    .text               c_pu.l(_printf_fp_dec.o)
    0x08002980   0x08002980   0x000002d8   Code   RO          217    .text               c_pu.l(_printf_fp_hex.o)
    0x08002c58   0x08002c58   0x0000002e   Code   RO          222    .text               c_pu.l(_printf_char.o)
    0x08002c86   0x08002c86   0x0000002e   Code   RO          224    .text               c_pu.l(_printf_wchar.o)
    0x08002cb4   0x08002cb4   0x00000042   Code   RO          227    .text               c_pu.l(_c32rtomb.o)
    0x08002cf6   0x08002cf6   0x00000028   Code   RO          229    .text               c_pu.l(rtudiv10.o)
    0x08002d1e   0x08002d1e   0x00000002   PAD
    0x08002d20   0x08002d20   0x00000010   Code   RO          231    .text               c_pu.l(rt_ctype_table.o)
    0x08002d30   0x08002d30   0x00000008   Code   RO          233    .text               c_pu.l(rt_locale.o)
    0x08002d38   0x08002d38   0x00000088   Code   RO          238    .text               c_pu.l(_printf_fp_infnan.o)
    0x08002dc0   0x08002dc0   0x000000d8   Code   RO          240    .text               c_pu.l(bigflt0.o)
    0x08002e98   0x08002e98   0x00000580   Code   RO          243    .text               c_pu.l(btod.o)
    0x08003418   0x08003418   0x00000088   Code   RO          275    .text               c_pu.l(strcmp.o)
    0x080034a0   0x080034a0   0x00000030   Code   RO          245    i.__ARM_common_ll_muluu  c_pu.l(btod.o)
    0x080034d0   0x080034d0   0x0000002c   Code   RO          259    i.__ARM_fpclassify  m_ps.l(fpclassify.o)
    0x080034fc   0x080034fc   0x0000000e   Code   RO          166    i._is_digit         c_pu.l(__printf_wp.o)
    0x0800350a   0x0800350a   0x00000002   PAD
    0x0800350c   0x0800350c   0x0000002c   Code   RO          250    locale$$code        c_pu.l(lc_numeric_c.o)
    0x08003538   0x08003538   0x0000002c   Code   RO          269    locale$$code        c_pu.l(lc_ctype_c.o)
    0x08003564   0x08003564   0x00000010   Code   RO          199    x$fpl$printf1       fz_ps.l(printf1.o)
    0x08003574   0x08003574   0x00000010   Code   RO          201    x$fpl$printf2       fz_ps.l(printf2.o)
    0x08003584   0x08003584   0x00000000   Code   RO          258    x$fpl$usenofp       fz_ps.l(usenofp.o)
    0x08003584   0x08003584   0x00000008   Data   RO          125    .constdata          c_pu.l(_printf_wctomb.o)
    0x0800358c   0x0800358c   0x00000028   Data   RO          154    .constdata          c_pu.l(_printf_hex_int_ll_ptr.o)
    0x080035b4   0x080035b4   0x00000011   Data   RO          174    .constdata          c_pu.l(__printf_flags_ss_wp.o)
    0x080035c5   0x080035c5   0x00000026   Data   RO          218    .constdata          c_pu.l(_printf_fp_hex.o)
    0x080035eb   0x080035eb   0x00000001   PAD
    0x080035ec   0x080035ec   0x00000094   Data   RO          241    .constdata          c_pu.l(bigflt0.o)
    0x08003680   0x08003680   0x00000010   Data   RO           60    .rodata.hal_ct_seg7_get_seg7.conv_tab  hal_ct_seg7.o
    0x08003690   0x08003690   0x00000010   Data   RO           28    .rodata.str1.1      lcd.o
    0x080036a0   0x080036a0   0x0000001c   Data   RO          249    locale$$data        c_pu.l(lc_numeric_c.o)
    0x080036bc   0x080036bc   0x00000110   Data   RO          268    locale$$data        c_pu.l(lc_ctype_c.o)


    Execution Region RW_IRAM1 (Exec base: 0x20000000, Load base: 0x080037d0, Size: 0x00002050, Max: 0x00030000, ABSOLUTE)

    Exec Addr    Load Addr    Size         Type   Attr      Idx    E Section Name        Object

    0x20000000   0x080037d0   0x00000001   Data   RW           32    .data.clear         lcd.o
    0x20000001   0x080037d1   0x00000001   Data   RW            3    .data.dice_counter  dice_counter.o
    0x20000002   0x080037d2   0x00000006   PAD
    0x20000008        -       0x00000014   Zero   RW          234    .bss                c_pu.l(rt_locale.o)
    0x2000001c        -       0x00000014   Zero   RW           27    .bss.buffer         lcd.o
    0x20000030        -       0x00000001   Zero   RW           30    .bss.i              lcd.o
    0x20000031        -       0x00000007   Zero   RW           19    .bss.nr_of_throws   statistics.o
    0x20000038        -       0x00000014   Zero   RW           31    .bss.text           lcd.o
    0x2000004c        -       0x00000001   Zero   RW           29    .bss.text_length    lcd.o
    0x2000004d   0x080037d2   0x00000003   PAD
    0x20000050        -       0x00002000   Zero   RW           44    STACK               startup_ctboard.o


==============================================================================

Image component sizes


      Code (inc. data)   RO Data    RW Data    ZI Data      Debug   Object Name

       124         50          0          0          0        468   datainit_ctboard.o
        48          8          0          1          0        660   dice_counter.o
       420        140         16          0          0       2578   hal_ct_seg7.o
       728        100          0          0          0       3129   hal_fmc.o
      2440        124          0          0          0       8352   hal_gpio.o
       340         24          0          0          0       1855   hal_pwr.o
      1432        280          0          0          0       4701   hal_rcc.o
       288         56         16          1         42       2290   lcd.o
       168          4          0          0          0        876   main.o
        36          8        428          0       8192        836   startup_ctboard.o
        84          8          0          0          7        820   statistics.o
       656         64          0          0          0       6717   system_ctboard.o

    ----------------------------------------------------------------------
      6764        866        460          4       8248      33282   Object Totals
         0          0          0          0          0          0   (incl. Generated)
         0          0          0          2          7          0   (incl. Padding)

    ----------------------------------------------------------------------

      Code (inc. data)   RO Data    RW Data    ZI Data      Debug   Library Member Name

       392          6         17          0          0         76   __printf_flags_ss_wp.o
        14          0          0          0          0         60   __printf_wp.o
        66          0          0          0          0         76   _c32rtomb.o
        10          0          0          0          0          0   _printf_a.o
        10          0          0          0          0          0   _printf_c.o
        46          0          0          0          0        100   _printf_char.o
        48          6          0          0          0         88   _printf_char_common.o
        38          0          0          0          0         60   _printf_charcount.o
        10          0          0          0          0          0   _printf_d.o
       108         18          0          0          0         76   _printf_dec.o
        10          0          0          0          0          0   _printf_e.o
        10          0          0          0          0          0   _printf_f.o
      1044         12          0          0          0        116   _printf_fp_dec.o
       728         10         38          0          0         84   _printf_fp_hex.o
       136         16          0          0          0         76   _printf_fp_infnan.o
        10          0          0          0          0          0   _printf_g.o
       152          4         40          0          0        148   _printf_hex_int_ll_ptr.o
        10          0          0          0          0          0   _printf_i.o
       176          0          0          0          0         84   _printf_intcommon.o
        10          0          0          0          0          0   _printf_l.o
        10          0          0          0          0          0   _printf_lc.o
        10          0          0          0          0          0   _printf_ll.o
        10          0          0          0          0          0   _printf_lld.o
        10          0          0          0          0          0   _printf_lli.o
        10          0          0          0          0          0   _printf_llo.o
        10          0          0          0          0          0   _printf_llu.o
        10          0          0          0          0          0   _printf_llx.o
       112         18          0          0          0         76   _printf_longlong_dec.o
        10          0          0          0          0          0   _printf_ls.o
        10          0          0          0          0          0   _printf_n.o
        10          0          0          0          0          0   _printf_o.o
       112         10          0          0          0        112   _printf_oct_int_ll.o
        10          0          0          0          0          0   _printf_p.o
        78          0          0          0          0        100   _printf_pad.o
         2          0          0          0          0          0   _printf_percent.o
         4          0          0          0          0          0   _printf_percent_end.o
        10          0          0          0          0          0   _printf_s.o
        82          0          0          0          0         72   _printf_str.o
        36          0          0          0          0         76   _printf_truncate.o
        10          0          0          0          0          0   _printf_u.o
        46          0          0          0          0        100   _printf_wchar.o
       188          6          8          0          0         80   _printf_wctomb.o
        10          0          0          0          0          0   _printf_x.o
        16          0          0          0          0         60   _snputc.o
       364          4          0          0          0         92   aeabi_sdiv.o
       216          6        148          0          0         80   bigflt0.o
      1456         30          0          0          0        336   btod.o
        44         10        272          0          0         76   lc_ctype_c.o
        44         10         28          0          0         76   lc_numeric_c.o
         0          0          0          0          0          0   libinit2.o
       122          0          0          0          0         72   lludiv10.o
        16          4          0          0          0         76   rt_ctype_table.o
         8          4          0          0         20         68   rt_locale.o
        40          0          0          0          0         60   rtudiv10.o
        64          4          0          0          0         84   snprintf.o
       136          4          0          0          0         72   strcmp.o
        68          6          0          0          0         72   strlen.o
        16          4          0          0          0         76   printf1.o
        16          4          0          0          0         76   printf2.o
         0          0          0          0          0          0   usenofp.o
        44          4          0          0          0         60   fpclassify.o

    ----------------------------------------------------------------------
      6508        200        552          0         20       3096   Library Totals
        10          0          1          0          0          0   (incl. Padding)

    ----------------------------------------------------------------------

      Code (inc. data)   RO Data    RW Data    ZI Data      Debug   Library Name

      6422        188        551          0         20       2884   c_pu.l
        32          8          0          0          0        152   fz_ps.l
        44          4          0          0          0         60   m_ps.l

    ----------------------------------------------------------------------
      6508        200        552          0         20       3096   Library Totals

    ----------------------------------------------------------------------

==============================================================================


      Code (inc. data)   RO Data    RW Data    ZI Data      Debug   

     13272       1066       1012          4       8268      34550   Grand Totals
     13272       1066       1012          4       8268      34550   ELF Image Totals
     13272       1066       1012          4          0          0   ROM Totals

==============================================================================

    Total RO  Size (Code + RO Data)                14284 (  13.95kB)
    Total RW  Size (RW Data + ZI Data)              8272 (   8.08kB)
    Total ROM Size (Code + RO Data + RW Data)      14288 (  13.95kB)

==============================================================================

