Component: Arm Compiler for Embedded 6.18 Tool: armlink [5e4cc100]

==============================================================================

Section Cross References

    main.o(.text) refers to adc.o(.text) for adc_init
    main.o(.text) refers to aeabi_sdiv.o(.text) for __aeabi_uidiv
    main.o(.text) refers to hal_ct_lcd.o(.text) for hal_ct_lcd_write
    main.o(.ARM.exidx) refers to main.o(.text) for [Anonymous Symbol]
    adc.o(.text) refers to adc.o(.bss.bufferIndex) for bufferIndex
    adc.o(.text) refers to adc.o(.bss.buffer) for buffer
    adc.o(.ARM.exidx) refers to adc.o(.text) for [Anonymous Symbol]
    datainit_ctboard.o(.text) refers to __scatter.o(!!!scatter) for __scatterload
    datainit_ctboard.o(.text) refers to main.o(.text) for main
    datainit_ctboard.o(.text) refers (Weak) to startup_ctboard.o(STACK) for Stack_Mem
    startup_ctboard.o(RESET) refers to startup_ctboard.o(STACK) for __initial_sp
    startup_ctboard.o(RESET) refers to startup_ctboard.o(.text) for Reset_Handler
    startup_ctboard.o(.text) refers to system_ctboard.o(.text) for __system
    startup_ctboard.o(.text) refers to datainit_ctboard.o(.text) for __main
    system_ctboard.o(.text) refers to hal_rcc.o(.text) for hal_rcc_reset
    system_ctboard.o(.text) refers to hal_pwr.o(.text) for hal_pwr_set_overdrive
    system_ctboard.o(.text) refers to hal_gpio.o(.text) for hal_gpio_init_alternate
    system_ctboard.o(.text) refers to hal_fmc.o(.text) for hal_fmc_init_sram
    system_ctboard.o(.ARM.exidx) refers to system_ctboard.o(.text) for [Anonymous Symbol]
    hal_ct_lcd.o(.text) refers to hal_ct_lcd.o(.rodata.str1.1) for [Anonymous Symbol]
    hal_ct_lcd.o(.ARM.exidx) refers to hal_ct_lcd.o(.text) for [Anonymous Symbol]
    hal_fmc.o(.ARM.exidx) refers to hal_fmc.o(.text) for [Anonymous Symbol]
    hal_gpio.o(.text) refers to aeabi_sdiv.o(.text) for __aeabi_uidiv
    hal_gpio.o(.ARM.exidx) refers to hal_gpio.o(.text) for [Anonymous Symbol]
    hal_pwr.o(.ARM.exidx) refers to hal_pwr.o(.text) for [Anonymous Symbol]
    hal_rcc.o(.ARM.exidx) refers to hal_rcc.o(.text) for [Anonymous Symbol]
    __scatter.o(!!!scatter) refers to __rtentry.o(.ARM.Collect$$rtentry$$00000000) for __rt_entry
    __rtentry.o(.ARM.Collect$$rtentry$$00000000) refers (Special) to __rtentry2.o(.ARM.Collect$$rtentry$$0000000A) for __rt_entry_li
    __rtentry.o(.ARM.Collect$$rtentry$$00000000) refers (Special) to __rtentry2.o(.ARM.Collect$$rtentry$$0000000D) for __rt_entry_main
    __rtentry.o(.ARM.Collect$$rtentry$$00000000) refers (Special) to __rtentry2.o(.ARM.Collect$$rtentry$$0000000C) for __rt_entry_postli_1
    __rtentry.o(.ARM.Collect$$rtentry$$00000000) refers (Special) to __rtentry2.o(.ARM.Collect$$rtentry$$00000009) for __rt_entry_postsh_1
    __rtentry.o(.ARM.Collect$$rtentry$$00000000) refers (Special) to __rtentry2.o(.ARM.Collect$$rtentry$$00000002) for __rt_entry_presh_1
    __rtentry.o(.ARM.Collect$$rtentry$$00000000) refers (Special) to __rtentry4.o(.ARM.Collect$$rtentry$$00000004) for __rt_entry_sh
    aeabi_idiv0_sigfpe.o(.text) refers to rt_div0.o(.text) for __rt_div0
    __rtentry2.o(.ARM.Collect$$rtentry$$00000008) refers to boardinit2.o(.text) for _platform_post_stackheap_init
    __rtentry2.o(.ARM.Collect$$rtentry$$0000000A) refers to libinit.o(.ARM.Collect$$libinit$$00000000) for __rt_lib_init
    __rtentry2.o(.ARM.Collect$$rtentry$$0000000B) refers to boardinit3.o(.text) for _platform_post_lib_init
    __rtentry2.o(.ARM.Collect$$rtentry$$0000000D) refers to main.o(.text) for main
    __rtentry2.o(.ARM.Collect$$rtentry$$0000000D) refers to exit.o(.text) for exit
    __rtentry2.o(.ARM.exidx) refers to __rtentry2.o(.ARM.Collect$$rtentry$$00000001) for .ARM.Collect$$rtentry$$00000001
    __rtentry2.o(.ARM.exidx) refers to __rtentry2.o(.ARM.Collect$$rtentry$$00000008) for .ARM.Collect$$rtentry$$00000008
    __rtentry2.o(.ARM.exidx) refers to __rtentry2.o(.ARM.Collect$$rtentry$$0000000A) for .ARM.Collect$$rtentry$$0000000A
    __rtentry2.o(.ARM.exidx) refers to __rtentry2.o(.ARM.Collect$$rtentry$$0000000B) for .ARM.Collect$$rtentry$$0000000B
    __rtentry2.o(.ARM.exidx) refers to __rtentry2.o(.ARM.Collect$$rtentry$$0000000D) for .ARM.Collect$$rtentry$$0000000D
    __rtentry4.o(.ARM.Collect$$rtentry$$00000004) refers to datainit_ctboard.o(.text) for __user_setup_stackheap
    __rtentry4.o(.ARM.exidx) refers to __rtentry4.o(.ARM.Collect$$rtentry$$00000004) for .ARM.Collect$$rtentry$$00000004
    rt_div0.o(.text) refers to defsig_fpe_outer.o(.text) for __rt_SIGFPE
    exit.o(.text) refers to rtexit.o(.ARM.Collect$$rtexit$$00000000) for __rt_exit
    defsig_fpe_outer.o(.text) refers to defsig_fpe_inner.o(.text) for __rt_SIGFPE_inner
    defsig_fpe_outer.o(.text) refers to defsig_exit.o(.text) for __sig_exit
    defsig_fpe_formal.o(.text) refers to rt_raise.o(.text) for __rt_raise
    libinit.o(.ARM.Collect$$libinit$$00000000) refers (Special) to libinit2.o(.ARM.Collect$$libinit$$00000030) for __rt_lib_init_alloca_1
    libinit.o(.ARM.Collect$$libinit$$00000000) refers (Special) to libinit2.o(.ARM.Collect$$libinit$$0000002E) for __rt_lib_init_argv_1
    libinit.o(.ARM.Collect$$libinit$$00000000) refers (Special) to libinit2.o(.ARM.Collect$$libinit$$0000001D) for __rt_lib_init_atexit_1
    libinit.o(.ARM.Collect$$libinit$$00000000) refers (Special) to libinit2.o(.ARM.Collect$$libinit$$00000023) for __rt_lib_init_clock_1
    libinit.o(.ARM.Collect$$libinit$$00000000) refers (Special) to libinit2.o(.ARM.Collect$$libinit$$00000034) for __rt_lib_init_cpp_1
    libinit.o(.ARM.Collect$$libinit$$00000000) refers (Special) to libinit2.o(.ARM.Collect$$libinit$$00000032) for __rt_lib_init_exceptions_1
    libinit.o(.ARM.Collect$$libinit$$00000000) refers (Special) to libinit2.o(.ARM.Collect$$libinit$$00000002) for __rt_lib_init_fp_1
    libinit.o(.ARM.Collect$$libinit$$00000000) refers (Special) to libinit2.o(.ARM.Collect$$libinit$$00000021) for __rt_lib_init_fp_trap_1
    libinit.o(.ARM.Collect$$libinit$$00000000) refers (Special) to libinit2.o(.ARM.Collect$$libinit$$00000025) for __rt_lib_init_getenv_1
    libinit.o(.ARM.Collect$$libinit$$00000000) refers (Special) to libinit2.o(.ARM.Collect$$libinit$$0000000C) for __rt_lib_init_heap_1
    libinit.o(.ARM.Collect$$libinit$$00000000) refers (Special) to libinit2.o(.ARM.Collect$$libinit$$00000013) for __rt_lib_init_lc_collate_1
    libinit.o(.ARM.Collect$$libinit$$00000000) refers (Special) to libinit2.o(.ARM.Collect$$libinit$$00000015) for __rt_lib_init_lc_ctype_1
    libinit.o(.ARM.Collect$$libinit$$00000000) refers (Special) to libinit2.o(.ARM.Collect$$libinit$$00000017) for __rt_lib_init_lc_monetary_1
    libinit.o(.ARM.Collect$$libinit$$00000000) refers (Special) to libinit2.o(.ARM.Collect$$libinit$$00000019) for __rt_lib_init_lc_numeric_1
    libinit.o(.ARM.Collect$$libinit$$00000000) refers (Special) to libinit2.o(.ARM.Collect$$libinit$$0000001B) for __rt_lib_init_lc_time_1
    libinit.o(.ARM.Collect$$libinit$$00000000) refers (Special) to libinit2.o(.ARM.Collect$$libinit$$00000006) for __rt_lib_init_preinit_1
    libinit.o(.ARM.Collect$$libinit$$00000000) refers (Special) to libinit2.o(.ARM.Collect$$libinit$$00000010) for __rt_lib_init_rand_1
    libinit.o(.ARM.Collect$$libinit$$00000000) refers (Special) to libinit2.o(.ARM.Collect$$libinit$$00000004) for __rt_lib_init_relocate_pie_1
    libinit.o(.ARM.Collect$$libinit$$00000000) refers (Special) to libinit2.o(.ARM.Collect$$libinit$$00000035) for __rt_lib_init_return
    libinit.o(.ARM.Collect$$libinit$$00000000) refers (Special) to libinit2.o(.ARM.Collect$$libinit$$0000001F) for __rt_lib_init_signal_1
    libinit.o(.ARM.Collect$$libinit$$00000000) refers (Special) to libinit2.o(.ARM.Collect$$libinit$$00000027) for __rt_lib_init_stdio_1
    libinit.o(.ARM.Collect$$libinit$$00000000) refers (Special) to libinit2.o(.ARM.Collect$$libinit$$0000000E) for __rt_lib_init_user_alloc_1
    rtexit.o(.ARM.Collect$$rtexit$$00000000) refers (Special) to rtexit2.o(.ARM.Collect$$rtexit$$00000004) for __rt_exit_exit
    rtexit.o(.ARM.Collect$$rtexit$$00000000) refers (Special) to rtexit2.o(.ARM.Collect$$rtexit$$00000003) for __rt_exit_ls
    rtexit.o(.ARM.Collect$$rtexit$$00000000) refers (Special) to rtexit2.o(.ARM.Collect$$rtexit$$00000002) for __rt_exit_prels_1
    rtexit.o(.ARM.exidx) refers (Special) to rtexit2.o(.ARM.Collect$$rtexit$$00000004) for __rt_exit_exit
    rtexit.o(.ARM.exidx) refers (Special) to rtexit2.o(.ARM.Collect$$rtexit$$00000003) for __rt_exit_ls
    rtexit.o(.ARM.exidx) refers (Special) to rtexit2.o(.ARM.Collect$$rtexit$$00000002) for __rt_exit_prels_1
    rtexit.o(.ARM.exidx) refers to rtexit.o(.ARM.Collect$$rtexit$$00000000) for .ARM.Collect$$rtexit$$00000000
    rt_raise.o(.text) refers to __raise.o(.text) for __raise
    rt_raise.o(.text) refers to sys_exit.o(.text) for _sys_exit
    defsig_exit.o(.text) refers to sys_exit.o(.text) for _sys_exit
    defsig_fpe_inner.o(.text) refers to defsig_general.o(.text) for __default_signal_display
    libinit2.o(.ARM.Collect$$libinit$$00000012) refers to libinit2.o(.ARM.Collect$$libinit$$00000011) for .ARM.Collect$$libinit$$00000011
    libinit2.o(.ARM.Collect$$libinit$$00000014) refers to libinit2.o(.ARM.Collect$$libinit$$00000011) for .ARM.Collect$$libinit$$00000011
    libinit2.o(.ARM.Collect$$libinit$$00000016) refers to libinit2.o(.ARM.Collect$$libinit$$00000011) for .ARM.Collect$$libinit$$00000011
    libinit2.o(.ARM.Collect$$libinit$$00000018) refers to libinit2.o(.ARM.Collect$$libinit$$00000011) for .ARM.Collect$$libinit$$00000011
    libinit2.o(.ARM.Collect$$libinit$$0000001A) refers to libinit2.o(.ARM.Collect$$libinit$$00000011) for .ARM.Collect$$libinit$$00000011
    libinit2.o(.ARM.Collect$$libinit$$00000028) refers to argv_veneer.o(.text) for __ARM_argv_veneer
    libinit2.o(.ARM.Collect$$libinit$$00000029) refers to argv_veneer.o(.text) for __ARM_argv_veneer
    sys_exit.o(.text) refers (Special) to use_no_semi.o(.text) for __I$use$semihosting
    sys_exit.o(.text) refers (Special) to indicate_semi.o(.text) for __semihosting_library_function
    sys_exit_hlt.o(.text) refers (Special) to use_no_semi.o(.text) for __I$use$semihosting
    sys_exit_hlt.o(.text) refers (Special) to indicate_semi.o(.text) for __semihosting_library_function
    rtexit2.o(.ARM.Collect$$rtexit$$00000003) refers to libshutdown.o(.ARM.Collect$$libshutdown$$00000000) for __rt_lib_shutdown
    rtexit2.o(.ARM.Collect$$rtexit$$00000004) refers to sys_exit.o(.text) for _sys_exit
    rtexit2.o(.ARM.exidx) refers to rtexit2.o(.ARM.Collect$$rtexit$$00000001) for .ARM.Collect$$rtexit$$00000001
    rtexit2.o(.ARM.exidx) refers to rtexit2.o(.ARM.Collect$$rtexit$$00000003) for .ARM.Collect$$rtexit$$00000003
    rtexit2.o(.ARM.exidx) refers to rtexit2.o(.ARM.Collect$$rtexit$$00000004) for .ARM.Collect$$rtexit$$00000004
    __raise.o(.text) refers to defsig.o(CL$$defsig) for __default_signal_handler
    defsig_general.o(.text) refers to sys_wrch.o(.text) for _ttywrch
    sys_wrch.o(.text) refers (Special) to use_no_semi.o(.text) for __I$use$semihosting
    sys_wrch.o(.text) refers (Special) to indicate_semi.o(.text) for __semihosting_library_function
    sys_wrch_hlt.o(.text) refers (Special) to use_no_semi.o(.text) for __I$use$semihosting
    sys_wrch_hlt.o(.text) refers (Special) to indicate_semi.o(.text) for __semihosting_library_function
    defsig.o(CL$$defsig) refers to defsig_fpe_inner.o(.text) for __rt_SIGFPE_inner
    defsig.o(CL$$defsig) refers to defsig_rtmem_inner.o(.text) for __rt_SIGRTMEM_inner
    _get_argv_nomalloc.o(.text) refers (Special) to hrguard.o(.text) for __heap_region$guard
    _get_argv_nomalloc.o(.text) refers to defsig_rtmem_outer.o(.text) for __rt_SIGRTMEM
    _get_argv_nomalloc.o(.text) refers to sys_command.o(.text) for _sys_command_string
    libshutdown.o(.ARM.Collect$$libshutdown$$00000000) refers (Special) to libshutdown2.o(.ARM.Collect$$libshutdown$$00000002) for __rt_lib_shutdown_cpp_1
    libshutdown.o(.ARM.Collect$$libshutdown$$00000000) refers (Special) to libshutdown2.o(.ARM.Collect$$libshutdown$$00000007) for __rt_lib_shutdown_fp_trap_1
    libshutdown.o(.ARM.Collect$$libshutdown$$00000000) refers (Special) to libshutdown2.o(.ARM.Collect$$libshutdown$$0000000F) for __rt_lib_shutdown_heap_1
    libshutdown.o(.ARM.Collect$$libshutdown$$00000000) refers (Special) to libshutdown2.o(.ARM.Collect$$libshutdown$$00000010) for __rt_lib_shutdown_return
    libshutdown.o(.ARM.Collect$$libshutdown$$00000000) refers (Special) to libshutdown2.o(.ARM.Collect$$libshutdown$$0000000A) for __rt_lib_shutdown_signal_1
    libshutdown.o(.ARM.Collect$$libshutdown$$00000000) refers (Special) to libshutdown2.o(.ARM.Collect$$libshutdown$$00000004) for __rt_lib_shutdown_stdio_1
    libshutdown.o(.ARM.Collect$$libshutdown$$00000000) refers (Special) to libshutdown2.o(.ARM.Collect$$libshutdown$$0000000C) for __rt_lib_shutdown_user_alloc_1
    sys_command.o(.text) refers (Special) to use_no_semi.o(.text) for __I$use$semihosting
    sys_command.o(.text) refers (Special) to indicate_semi.o(.text) for __semihosting_library_function
    sys_command_hlt.o(.text) refers (Special) to use_no_semi.o(.text) for __I$use$semihosting
    sys_command_hlt.o(.text) refers (Special) to indicate_semi.o(.text) for __semihosting_library_function
    defsig_abrt_inner.o(.text) refers to defsig_general.o(.text) for __default_signal_display
    defsig_rtred_inner.o(.text) refers to defsig_general.o(.text) for __default_signal_display
    defsig_rtmem_inner.o(.text) refers to defsig_general.o(.text) for __default_signal_display
    defsig_rtmem_outer.o(.text) refers to defsig_rtmem_inner.o(.text) for __rt_SIGRTMEM_inner
    defsig_rtmem_outer.o(.text) refers to defsig_exit.o(.text) for __sig_exit
    defsig_rtmem_formal.o(.text) refers to rt_raise.o(.text) for __rt_raise
    defsig_stak_inner.o(.text) refers to defsig_general.o(.text) for __default_signal_display
    defsig_pvfn_inner.o(.text) refers to defsig_general.o(.text) for __default_signal_display
    defsig_cppl_inner.o(.text) refers to defsig_general.o(.text) for __default_signal_display
    defsig_segv_inner.o(.text) refers to defsig_general.o(.text) for __default_signal_display
    defsig_other.o(.text) refers to defsig_general.o(.text) for __default_signal_display


==============================================================================

Removing Unused input sections from the image.

    Removing main.o(.ARM.exidx), (32 bytes).
    Removing main.o(.ARM.use_no_argv), (4 bytes).
    Removing adc.o(.ARM.exidx), (32 bytes).
    Removing startup_ctboard.o(HEAP), (2048 bytes).
    Removing system_ctboard.o(.ARM.exidx), (72 bytes).
    Removing hal_ct_lcd.o(.ARM.exidx), (24 bytes).
    Removing hal_fmc.o(.ARM.exidx), (16 bytes).
    Removing hal_gpio.o(.ARM.exidx), (136 bytes).
    Removing hal_pwr.o(.ARM.exidx), (56 bytes).
    Removing hal_rcc.o(.ARM.exidx), (40 bytes).

10 unused section(s) (total 2460 bytes) removed from the image.

==============================================================================

Image Symbol Table

    Local Symbols

    Symbol Name                              Value     Ov Type        Size  Object(Section)

    ../clib/angel/boardlib.s                 0x00000000   Number         0  boardinit1.o ABSOLUTE
    ../clib/angel/boardlib.s                 0x00000000   Number         0  boardinit2.o ABSOLUTE
    ../clib/angel/boardlib.s                 0x00000000   Number         0  boardinit3.o ABSOLUTE
    ../clib/angel/boardlib.s                 0x00000000   Number         0  boardshut.o ABSOLUTE
    ../clib/angel/handlers.s                 0x00000000   Number         0  __scatter_zi.o ABSOLUTE
    ../clib/angel/kernel.s                   0x00000000   Number         0  __rtentry.o ABSOLUTE
    ../clib/angel/kernel.s                   0x00000000   Number         0  __rtentry2.o ABSOLUTE
    ../clib/angel/kernel.s                   0x00000000   Number         0  __rtentry4.o ABSOLUTE
    ../clib/angel/kernel.s                   0x00000000   Number         0  rtexit.o ABSOLUTE
    ../clib/angel/kernel.s                   0x00000000   Number         0  rtexit2.o ABSOLUTE
    ../clib/angel/rt.s                       0x00000000   Number         0  aeabi_idiv0.o ABSOLUTE
    ../clib/angel/rt.s                       0x00000000   Number         0  aeabi_idiv0_sigfpe.o ABSOLUTE
    ../clib/angel/rt.s                       0x00000000   Number         0  rt_div0.o ABSOLUTE
    ../clib/angel/rt.s                       0x00000000   Number         0  rt_raise.o ABSOLUTE
    ../clib/angel/scatterp.s                 0x00000000   Number         0  __scatter.o ABSOLUTE
    ../clib/angel/sys.s                      0x00000000   Number         0  use_no_semi.o ABSOLUTE
    ../clib/angel/sys.s                      0x00000000   Number         0  indicate_semi.o ABSOLUTE
    ../clib/angel/sysapp.c                   0x00000000   Number         0  sys_exit.o ABSOLUTE
    ../clib/angel/sysapp.c                   0x00000000   Number         0  sys_exit_hlt.o ABSOLUTE
    ../clib/angel/sysapp.c                   0x00000000   Number         0  sys_wrch.o ABSOLUTE
    ../clib/angel/sysapp.c                   0x00000000   Number         0  sys_wrch_hlt.o ABSOLUTE
    ../clib/angel/sysapp.c                   0x00000000   Number         0  sys_command.o ABSOLUTE
    ../clib/angel/sysapp.c                   0x00000000   Number         0  sys_command_hlt.o ABSOLUTE
    ../clib/armsys.c                         0x00000000   Number         0  argv_veneer.o ABSOLUTE
    ../clib/armsys.c                         0x00000000   Number         0  _get_argv_nomalloc.o ABSOLUTE
    ../clib/armsys.c                         0x00000000   Number         0  no_argv.o ABSOLUTE
    ../clib/division.s                       0x00000000   Number         0  aeabi_sdiv.o ABSOLUTE
    ../clib/division.s                       0x00000000   Number         0  aeabi_sdiv_div0.o ABSOLUTE
    ../clib/heapalloc.c                      0x00000000   Number         0  hrguard.o ABSOLUTE
    ../clib/libinit.s                        0x00000000   Number         0  libinit.o ABSOLUTE
    ../clib/libinit.s                        0x00000000   Number         0  libinit2.o ABSOLUTE
    ../clib/libinit.s                        0x00000000   Number         0  libshutdown.o ABSOLUTE
    ../clib/libinit.s                        0x00000000   Number         0  libshutdown2.o ABSOLUTE
    ../clib/signal.c                         0x00000000   Number         0  defsig_fpe_outer.o ABSOLUTE
    ../clib/signal.c                         0x00000000   Number         0  defsig_fpe_formal.o ABSOLUTE
    ../clib/signal.c                         0x00000000   Number         0  defsig_exit.o ABSOLUTE
    ../clib/signal.c                         0x00000000   Number         0  defsig_fpe_inner.o ABSOLUTE
    ../clib/signal.c                         0x00000000   Number         0  __raise.o ABSOLUTE
    ../clib/signal.c                         0x00000000   Number         0  defsig_general.o ABSOLUTE
    ../clib/signal.c                         0x00000000   Number         0  defsig_abrt_inner.o ABSOLUTE
    ../clib/signal.c                         0x00000000   Number         0  defsig_rtred_inner.o ABSOLUTE
    ../clib/signal.c                         0x00000000   Number         0  defsig_rtmem_inner.o ABSOLUTE
    ../clib/signal.c                         0x00000000   Number         0  defsig_rtmem_outer.o ABSOLUTE
    ../clib/signal.c                         0x00000000   Number         0  defsig_rtmem_formal.o ABSOLUTE
    ../clib/signal.c                         0x00000000   Number         0  defsig_stak_inner.o ABSOLUTE
    ../clib/signal.c                         0x00000000   Number         0  defsig_pvfn_inner.o ABSOLUTE
    ../clib/signal.c                         0x00000000   Number         0  defsig_cppl_inner.o ABSOLUTE
    ../clib/signal.c                         0x00000000   Number         0  defsig_segv_inner.o ABSOLUTE
    ../clib/signal.c                         0x00000000   Number         0  defsig_other.o ABSOLUTE
    ../clib/signal.s                         0x00000000   Number         0  defsig.o ABSOLUTE
    ../clib/stdlib.c                         0x00000000   Number         0  exit.o ABSOLUTE
    ../fplib/cfplib/fpinit.c                 0x00000000   Number         0  fpinit.o ABSOLUTE
    RTE/Device/CT_Board_HS14_M0/datainit_ctboard.s 0x00000000   Number         0  datainit_ctboard.o ABSOLUTE
    RTE/Device/CT_Board_HS14_M0/startup_ctboard.s 0x00000000   Number         0  startup_ctboard.o ABSOLUTE
    adc.c                                    0x00000000   Number         0  adc.o ABSOLUTE
    dc.s                                     0x00000000   Number         0  dc.o ABSOLUTE
    hal_ct_lcd.c                             0x00000000   Number         0  hal_ct_lcd.o ABSOLUTE
    hal_fmc.c                                0x00000000   Number         0  hal_fmc.o ABSOLUTE
    hal_gpio.c                               0x00000000   Number         0  hal_gpio.o ABSOLUTE
    hal_pwr.c                                0x00000000   Number         0  hal_pwr.o ABSOLUTE
    hal_rcc.c                                0x00000000   Number         0  hal_rcc.o ABSOLUTE
    main.c                                   0x00000000   Number         0  main.o ABSOLUTE
    system_ctboard.c                         0x00000000   Number         0  system_ctboard.o ABSOLUTE
    RESET                                    0x08000000   Section      428  startup_ctboard.o(RESET)
    !!!scatter                               0x080001ac   Section       60  __scatter.o(!!!scatter)
    !!handler_zi                             0x080001e8   Section       28  __scatter_zi.o(!!handler_zi)
    .ARM.Collect$$libinit$$00000000          0x08000204   Section        2  libinit.o(.ARM.Collect$$libinit$$00000000)
    .ARM.Collect$$libinit$$00000002          0x08000206   Section        0  libinit2.o(.ARM.Collect$$libinit$$00000002)
    .ARM.Collect$$libinit$$00000004          0x08000206   Section        0  libinit2.o(.ARM.Collect$$libinit$$00000004)
    .ARM.Collect$$libinit$$00000006          0x08000206   Section        0  libinit2.o(.ARM.Collect$$libinit$$00000006)
    .ARM.Collect$$libinit$$0000000C          0x08000206   Section        0  libinit2.o(.ARM.Collect$$libinit$$0000000C)
    .ARM.Collect$$libinit$$0000000E          0x08000206   Section        0  libinit2.o(.ARM.Collect$$libinit$$0000000E)
    .ARM.Collect$$libinit$$00000010          0x08000206   Section        0  libinit2.o(.ARM.Collect$$libinit$$00000010)
    .ARM.Collect$$libinit$$00000013          0x08000206   Section        0  libinit2.o(.ARM.Collect$$libinit$$00000013)
    .ARM.Collect$$libinit$$00000015          0x08000206   Section        0  libinit2.o(.ARM.Collect$$libinit$$00000015)
    .ARM.Collect$$libinit$$00000017          0x08000206   Section        0  libinit2.o(.ARM.Collect$$libinit$$00000017)
    .ARM.Collect$$libinit$$00000019          0x08000206   Section        0  libinit2.o(.ARM.Collect$$libinit$$00000019)
    .ARM.Collect$$libinit$$0000001B          0x08000206   Section        0  libinit2.o(.ARM.Collect$$libinit$$0000001B)
    .ARM.Collect$$libinit$$0000001D          0x08000206   Section        0  libinit2.o(.ARM.Collect$$libinit$$0000001D)
    .ARM.Collect$$libinit$$0000001F          0x08000206   Section        0  libinit2.o(.ARM.Collect$$libinit$$0000001F)
    .ARM.Collect$$libinit$$00000021          0x08000206   Section        0  libinit2.o(.ARM.Collect$$libinit$$00000021)
    .ARM.Collect$$libinit$$00000023          0x08000206   Section        0  libinit2.o(.ARM.Collect$$libinit$$00000023)
    .ARM.Collect$$libinit$$00000025          0x08000206   Section        0  libinit2.o(.ARM.Collect$$libinit$$00000025)
    .ARM.Collect$$libinit$$00000027          0x08000206   Section        0  libinit2.o(.ARM.Collect$$libinit$$00000027)
    .ARM.Collect$$libinit$$0000002E          0x08000206   Section        0  libinit2.o(.ARM.Collect$$libinit$$0000002E)
    .ARM.Collect$$libinit$$00000030          0x08000206   Section        0  libinit2.o(.ARM.Collect$$libinit$$00000030)
    .ARM.Collect$$libinit$$00000032          0x08000206   Section        0  libinit2.o(.ARM.Collect$$libinit$$00000032)
    .ARM.Collect$$libinit$$00000034          0x08000206   Section        0  libinit2.o(.ARM.Collect$$libinit$$00000034)
    .ARM.Collect$$libinit$$00000035          0x08000206   Section        2  libinit2.o(.ARM.Collect$$libinit$$00000035)
    .ARM.Collect$$libshutdown$$00000000      0x08000208   Section        2  libshutdown.o(.ARM.Collect$$libshutdown$$00000000)
    .ARM.Collect$$libshutdown$$00000002      0x0800020a   Section        0  libshutdown2.o(.ARM.Collect$$libshutdown$$00000002)
    .ARM.Collect$$libshutdown$$00000004      0x0800020a   Section        0  libshutdown2.o(.ARM.Collect$$libshutdown$$00000004)
    .ARM.Collect$$libshutdown$$00000007      0x0800020a   Section        0  libshutdown2.o(.ARM.Collect$$libshutdown$$00000007)
    .ARM.Collect$$libshutdown$$0000000A      0x0800020a   Section        0  libshutdown2.o(.ARM.Collect$$libshutdown$$0000000A)
    .ARM.Collect$$libshutdown$$0000000C      0x0800020a   Section        0  libshutdown2.o(.ARM.Collect$$libshutdown$$0000000C)
    .ARM.Collect$$libshutdown$$0000000F      0x0800020a   Section        0  libshutdown2.o(.ARM.Collect$$libshutdown$$0000000F)
    .ARM.Collect$$libshutdown$$00000010      0x0800020a   Section        2  libshutdown2.o(.ARM.Collect$$libshutdown$$00000010)
    .ARM.Collect$$rtentry$$00000000          0x0800020c   Section        0  __rtentry.o(.ARM.Collect$$rtentry$$00000000)
    .ARM.Collect$$rtentry$$00000002          0x0800020c   Section        0  __rtentry2.o(.ARM.Collect$$rtentry$$00000002)
    .ARM.Collect$$rtentry$$00000004          0x0800020c   Section        6  __rtentry4.o(.ARM.Collect$$rtentry$$00000004)
    .ARM.Collect$$rtentry$$00000009          0x08000212   Section        0  __rtentry2.o(.ARM.Collect$$rtentry$$00000009)
    .ARM.Collect$$rtentry$$0000000A          0x08000212   Section        4  __rtentry2.o(.ARM.Collect$$rtentry$$0000000A)
    .ARM.Collect$$rtentry$$0000000C          0x08000216   Section        0  __rtentry2.o(.ARM.Collect$$rtentry$$0000000C)
    .ARM.Collect$$rtentry$$0000000D          0x08000216   Section        8  __rtentry2.o(.ARM.Collect$$rtentry$$0000000D)
    .ARM.Collect$$rtexit$$00000000           0x0800021e   Section        2  rtexit.o(.ARM.Collect$$rtexit$$00000000)
    .ARM.Collect$$rtexit$$00000002           0x08000220   Section        0  rtexit2.o(.ARM.Collect$$rtexit$$00000002)
    .ARM.Collect$$rtexit$$00000003           0x08000220   Section        4  rtexit2.o(.ARM.Collect$$rtexit$$00000003)
    .ARM.Collect$$rtexit$$00000004           0x08000224   Section        6  rtexit2.o(.ARM.Collect$$rtexit$$00000004)
    [Anonymous Symbol]                       0x0800022c   Section        0  main.o(.text)
    normalize_value                          0x08000271   Thumb Code   148  main.o(.text)
    __arm_cp.1_0                             0x08000304   Number         4  main.o(.text)
    __arm_cp.1_1                             0x08000308   Number         4  main.o(.text)
    __arm_cp.1_2                             0x0800030c   Number         4  main.o(.text)
    display_on_lcd                           0x08000311   Thumb Code   290  main.o(.text)
    convert_hex_to_ascii                     0x08000433   Thumb Code   194  main.o(.text)
    [Anonymous Symbol]                       0x080004f4   Section        0  adc.o(.text)
    __arm_cp.0_0                             0x08000540   Number         4  adc.o(.text)
    __arm_cp.0_1                             0x08000544   Number         4  adc.o(.text)
    __arm_cp.0_2                             0x08000548   Number         4  adc.o(.text)
    __arm_cp.0_3                             0x0800054c   Number         4  adc.o(.text)
    __arm_cp.0_4                             0x08000550   Number         4  adc.o(.text)
    __arm_cp.0_5                             0x08000554   Number         4  adc.o(.text)
    __arm_cp.0_6                             0x08000558   Number         4  adc.o(.text)
    __arm_cp.0_7                             0x0800055c   Number         4  adc.o(.text)
    __arm_cp.0_8                             0x08000560   Number         4  adc.o(.text)
    __arm_cp.0_9                             0x08000564   Number         4  adc.o(.text)
    __arm_cp.0_10                            0x08000568   Number         4  adc.o(.text)
    __arm_cp.1_0                             0x080005a0   Number         4  adc.o(.text)
    __arm_cp.1_1                             0x080005a4   Number         4  adc.o(.text)
    __arm_cp.1_2                             0x080005a8   Number         4  adc.o(.text)
    __arm_cp.1_3                             0x080005ac   Number         4  adc.o(.text)
    __arm_cp.2_0                             0x08000614   Number         4  adc.o(.text)
    __arm_cp.2_1                             0x08000618   Number         4  adc.o(.text)
    __arm_cp.3_0                             0x080006a0   Number         4  adc.o(.text)
    __arm_cp.3_1                             0x080006a4   Number         4  adc.o(.text)
    __arm_cp.3_2                             0x080006a8   Number         4  adc.o(.text)
    __arm_cp.3_3                             0x080006ac   Number         4  adc.o(.text)
    .text                                    0x080006b0   Section       40  datainit_ctboard.o(.text)
    .text                                    0x080006d8   Section       36  startup_ctboard.o(.text)
    [Anonymous Symbol]                       0x080006fc   Section        0  system_ctboard.o(.text)
    init_SystemClock                         0x08000719   Thumb Code   168  system_ctboard.o(.text)
    __arm_cp.2_0                             0x080007c0   Number         4  system_ctboard.o(.text)
    __arm_cp.2_1                             0x080007c4   Number         4  system_ctboard.o(.text)
    __arm_cp.2_2                             0x080007c8   Number         4  system_ctboard.o(.text)
    __arm_cp.2_3                             0x080007cc   Number         4  system_ctboard.o(.text)
    __arm_cp.2_4                             0x080007d0   Number         4  system_ctboard.o(.text)
    init_FPU                                 0x080007d5   Thumb Code     2  system_ctboard.o(.text)
    init_FMC_SRAM                            0x080007d9   Thumb Code   340  system_ctboard.o(.text)
    __arm_cp.4_0                             0x0800092c   Number         4  system_ctboard.o(.text)
    __arm_cp.4_1                             0x08000930   Number         4  system_ctboard.o(.text)
    __arm_cp.4_2                             0x08000934   Number         4  system_ctboard.o(.text)
    __arm_cp.4_3                             0x08000938   Number         4  system_ctboard.o(.text)
    __arm_cp.4_4                             0x0800093c   Number         4  system_ctboard.o(.text)
    __arm_cp.4_5                             0x08000940   Number         4  system_ctboard.o(.text)
    __arm_cp.4_6                             0x08000944   Number         4  system_ctboard.o(.text)
    __arm_cp.4_7                             0x08000948   Number         4  system_ctboard.o(.text)
    __arm_cp.4_8                             0x0800094c   Number         4  system_ctboard.o(.text)
    __arm_cp.4_9                             0x08000950   Number         4  system_ctboard.o(.text)
    init_LCD                                 0x08000955   Thumb Code    32  system_ctboard.o(.text)
    __arm_cp.5_0                             0x08000974   Number         4  system_ctboard.o(.text)
    [Anonymous Symbol]                       0x0800098c   Section        0  hal_ct_lcd.o(.text)
    __arm_cp.0_0                             0x080009e4   Number         4  hal_ct_lcd.o(.text)
    __arm_cp.1_0                             0x08000a28   Number         4  hal_ct_lcd.o(.text)
    __arm_cp.1_1                             0x08000a2c   Number         4  hal_ct_lcd.o(.text)
    __arm_cp.1_2                             0x08000a30   Number         4  hal_ct_lcd.o(.text)
    __arm_cp.2_0                             0x08000a50   Number         4  hal_ct_lcd.o(.text)
    [Anonymous Symbol]                       0x08000a54   Section        0  hal_fmc.o(.text)
    __arm_cp.0_0                             0x08000abc   Number         4  hal_fmc.o(.text)
    __arm_cp.0_1                             0x08000ac0   Number         4  hal_fmc.o(.text)
    __arm_cp.0_2                             0x08000ac4   Number         4  hal_fmc.o(.text)
    __arm_cp.0_3                             0x08000ac8   Number         4  hal_fmc.o(.text)
    __arm_cp.0_4                             0x08000acc   Number         4  hal_fmc.o(.text)
    __arm_cp.0_5                             0x08000ad0   Number         4  hal_fmc.o(.text)
    __arm_cp.0_6                             0x08000ad4   Number         4  hal_fmc.o(.text)
    __arm_cp.0_7                             0x08000ad8   Number         4  hal_fmc.o(.text)
    __arm_cp.0_8                             0x08000adc   Number         4  hal_fmc.o(.text)
    __arm_cp.0_9                             0x08000ae0   Number         4  hal_fmc.o(.text)
    __arm_cp.1_0                             0x08000d10   Number         4  hal_fmc.o(.text)
    __arm_cp.1_1                             0x08000d14   Number         4  hal_fmc.o(.text)
    __arm_cp.1_2                             0x08000d18   Number         4  hal_fmc.o(.text)
    __arm_cp.1_3                             0x08000d1c   Number         4  hal_fmc.o(.text)
    __arm_cp.1_4                             0x08000d20   Number         4  hal_fmc.o(.text)
    __arm_cp.1_5                             0x08000d24   Number         4  hal_fmc.o(.text)
    __arm_cp.1_6                             0x08000d28   Number         4  hal_fmc.o(.text)
    [Anonymous Symbol]                       0x08000d2c   Section        0  hal_gpio.o(.text)
    __arm_cp.0_0                             0x08000d9c   Number         4  hal_gpio.o(.text)
    __arm_cp.0_1                             0x08000da0   Number         4  hal_gpio.o(.text)
    intercept_overwrite_register             0x08000e21   Thumb Code    48  hal_gpio.o(.text)
    __arm_cp.2_0                             0x08000e50   Number         4  hal_gpio.o(.text)
    __arm_cp.2_1                             0x08000e54   Number         4  hal_gpio.o(.text)
    __arm_cp.2_2                             0x08000e58   Number         4  hal_gpio.o(.text)
    create_pattern_mask                      0x08000e5d   Thumb Code   156  hal_gpio.o(.text)
    __arm_cp.13_0                            0x0800150c   Number         4  hal_gpio.o(.text)
    __arm_cp.13_1                            0x08001510   Number         4  hal_gpio.o(.text)
    __arm_cp.13_2                            0x08001514   Number         4  hal_gpio.o(.text)
    __arm_cp.13_3                            0x08001518   Number         4  hal_gpio.o(.text)
    __arm_cp.13_4                            0x0800151c   Number         4  hal_gpio.o(.text)
    __arm_cp.13_5                            0x08001520   Number         4  hal_gpio.o(.text)
    __arm_cp.13_6                            0x08001524   Number         4  hal_gpio.o(.text)
    __arm_cp.13_7                            0x08001528   Number         4  hal_gpio.o(.text)
    __arm_cp.13_8                            0x0800152c   Number         4  hal_gpio.o(.text)
    __arm_cp.13_9                            0x08001530   Number         4  hal_gpio.o(.text)
    __arm_cp.13_10                           0x08001534   Number         4  hal_gpio.o(.text)
    __arm_cp.13_11                           0x08001538   Number         4  hal_gpio.o(.text)
    __arm_cp.13_12                           0x0800153c   Number         4  hal_gpio.o(.text)
    get_syscfg_mask                          0x08001541   Thumb Code   232  hal_gpio.o(.text)
    __arm_cp.14_0                            0x08001628   Number         4  hal_gpio.o(.text)
    __arm_cp.14_1                            0x0800162c   Number         4  hal_gpio.o(.text)
    __arm_cp.14_2                            0x08001630   Number         4  hal_gpio.o(.text)
    __arm_cp.14_3                            0x08001634   Number         4  hal_gpio.o(.text)
    __arm_cp.14_4                            0x08001638   Number         4  hal_gpio.o(.text)
    __arm_cp.14_5                            0x0800163c   Number         4  hal_gpio.o(.text)
    __arm_cp.14_6                            0x08001640   Number         4  hal_gpio.o(.text)
    __arm_cp.14_7                            0x08001644   Number         4  hal_gpio.o(.text)
    __arm_cp.14_8                            0x08001648   Number         4  hal_gpio.o(.text)
    __arm_cp.14_9                            0x0800164c   Number         4  hal_gpio.o(.text)
    __arm_cp.15_0                            0x08001690   Number         4  hal_gpio.o(.text)
    __arm_cp.15_1                            0x08001694   Number         4  hal_gpio.o(.text)
    __arm_cp.16_0                            0x080016b0   Number         4  hal_gpio.o(.text)
    [Anonymous Symbol]                       0x080016b4   Section        0  hal_pwr.o(.text)
    __arm_cp.0_0                             0x080016c4   Number         4  hal_pwr.o(.text)
    __arm_cp.0_1                             0x080016c8   Number         4  hal_pwr.o(.text)
    __arm_cp.1_0                             0x08001760   Number         4  hal_pwr.o(.text)
    __arm_cp.2_0                             0x08001790   Number         4  hal_pwr.o(.text)
    __arm_cp.3_0                             0x080017c0   Number         4  hal_pwr.o(.text)
    __arm_cp.4_0                             0x080017f0   Number         4  hal_pwr.o(.text)
    [Anonymous Symbol]                       0x08001808   Section        0  hal_rcc.o(.text)
    __arm_cp.0_0                             0x0800189c   Number         4  hal_rcc.o(.text)
    __arm_cp.0_1                             0x080018a0   Number         4  hal_rcc.o(.text)
    __arm_cp.0_2                             0x080018a4   Number         4  hal_rcc.o(.text)
    __arm_cp.0_3                             0x080018a8   Number         4  hal_rcc.o(.text)
    __arm_cp.0_4                             0x080018ac   Number         4  hal_rcc.o(.text)
    __arm_cp.0_5                             0x080018b0   Number         4  hal_rcc.o(.text)
    __arm_cp.0_6                             0x080018b4   Number         4  hal_rcc.o(.text)
    __arm_cp.0_7                             0x080018b8   Number         4  hal_rcc.o(.text)
    __arm_cp.0_8                             0x080018bc   Number         4  hal_rcc.o(.text)
    __arm_cp.0_9                             0x080018c0   Number         4  hal_rcc.o(.text)
    __arm_cp.0_10                            0x080018c4   Number         4  hal_rcc.o(.text)
    __arm_cp.0_11                            0x080018c8   Number         4  hal_rcc.o(.text)
    __arm_cp.0_12                            0x080018cc   Number         4  hal_rcc.o(.text)
    __arm_cp.0_13                            0x080018d0   Number         4  hal_rcc.o(.text)
    __arm_cp.0_14                            0x080018d4   Number         4  hal_rcc.o(.text)
    __arm_cp.0_15                            0x080018d8   Number         4  hal_rcc.o(.text)
    __arm_cp.0_16                            0x080018dc   Number         4  hal_rcc.o(.text)
    __arm_cp.0_17                            0x080018e0   Number         4  hal_rcc.o(.text)
    __arm_cp.0_18                            0x080018e4   Number         4  hal_rcc.o(.text)
    __arm_cp.0_19                            0x080018e8   Number         4  hal_rcc.o(.text)
    __arm_cp.0_20                            0x080018ec   Number         4  hal_rcc.o(.text)
    __arm_cp.0_21                            0x080018f0   Number         4  hal_rcc.o(.text)
    __arm_cp.0_22                            0x080018f4   Number         4  hal_rcc.o(.text)
    __arm_cp.0_23                            0x080018f8   Number         4  hal_rcc.o(.text)
    __arm_cp.0_24                            0x080018fc   Number         4  hal_rcc.o(.text)
    __arm_cp.0_25                            0x08001900   Number         4  hal_rcc.o(.text)
    __arm_cp.0_26                            0x08001904   Number         4  hal_rcc.o(.text)
    __arm_cp.0_27                            0x08001908   Number         4  hal_rcc.o(.text)
    __arm_cp.0_28                            0x0800190c   Number         4  hal_rcc.o(.text)
    __arm_cp.0_29                            0x08001910   Number         4  hal_rcc.o(.text)
    __arm_cp.0_30                            0x08001914   Number         4  hal_rcc.o(.text)
    __arm_cp.0_31                            0x08001918   Number         4  hal_rcc.o(.text)
    __arm_cp.1_0                             0x08001aa8   Number         4  hal_rcc.o(.text)
    __arm_cp.1_1                             0x08001aac   Number         4  hal_rcc.o(.text)
    __arm_cp.1_2                             0x08001ab0   Number         4  hal_rcc.o(.text)
    __arm_cp.1_3                             0x08001ab4   Number         4  hal_rcc.o(.text)
    __arm_cp.2_0                             0x08001ba8   Number         4  hal_rcc.o(.text)
    __arm_cp.2_1                             0x08001bac   Number         4  hal_rcc.o(.text)
    __arm_cp.2_2                             0x08001bb0   Number         4  hal_rcc.o(.text)
    __arm_cp.3_0                             0x08001cec   Number         4  hal_rcc.o(.text)
    __arm_cp.3_1                             0x08001cf0   Number         4  hal_rcc.o(.text)
    __arm_cp.3_2                             0x08001cf4   Number         4  hal_rcc.o(.text)
    __arm_cp.3_3                             0x08001cf8   Number         4  hal_rcc.o(.text)
    __arm_cp.3_4                             0x08001cfc   Number         4  hal_rcc.o(.text)
    __arm_cp.3_5                             0x08001d00   Number         4  hal_rcc.o(.text)
    __arm_cp.4_0                             0x08001d98   Number         4  hal_rcc.o(.text)
    __arm_cp.4_1                             0x08001d9c   Number         4  hal_rcc.o(.text)
    .text                                    0x08001da0   Section      364  aeabi_sdiv.o(.text)
    .text                                    0x08001f0c   Section        0  exit.o(.text)
    .text                                    0x08001f1c   Section        0  sys_exit.o(.text)
    .text                                    0x08001f28   Section        2  use_no_semi.o(.text)
    [Anonymous Symbol]                       0x08001f2a   Section        0  hal_ct_lcd.o(.rodata.str1.1)
    .text                                    0x08001f2a   Section        0  indicate_semi.o(.text)
    STACK                                    0x20000028   Section     8192  startup_ctboard.o(STACK)
    __initial_sp                             0x20002028   Data           0  startup_ctboard.o(STACK)

    Global Symbols

    Symbol Name                              Value     Ov Type        Size  Object(Section)

    BuildAttributes$$THM_ISAv3M$S$PE$A:L22$X:L11$S22$IEEE1$IW$~IW$USESV6$~STKCKD$USESV7$WCHAR32$ENUMINT$~SHL$OSPACE$ROPI$EBA8$UX$STANDARDLIB$REQ8$PRES8$EABIv2 0x00000000   Number         0  anon$$obj.o ABSOLUTE
    __ARM_exceptions_init                     - Undefined Weak Reference
    __alloca_initialize                       - Undefined Weak Reference
    __arm_preinit_                            - Undefined Weak Reference
    __arm_relocate_pie_                       - Undefined Weak Reference
    __cpp_initialize__aeabi_                  - Undefined Weak Reference
    __cxa_finalize                            - Undefined Weak Reference
    __rt_locale                               - Undefined Weak Reference
    __sigvec_lookup                           - Undefined Weak Reference
    _atexit_init                              - Undefined Weak Reference
    _call_atexit_fns                          - Undefined Weak Reference
    _clock_init                               - Undefined Weak Reference
    _fp_trap_init                             - Undefined Weak Reference
    _fp_trap_shutdown                         - Undefined Weak Reference
    _get_lc_collate                           - Undefined Weak Reference
    _get_lc_ctype                             - Undefined Weak Reference
    _get_lc_monetary                          - Undefined Weak Reference
    _get_lc_numeric                           - Undefined Weak Reference
    _get_lc_time                              - Undefined Weak Reference
    _getenv_init                              - Undefined Weak Reference
    _handle_redirection                       - Undefined Weak Reference
    _init_alloc                               - Undefined Weak Reference
    _init_user_alloc                          - Undefined Weak Reference
    _initio                                   - Undefined Weak Reference
    _rand_init                                - Undefined Weak Reference
    _signal_finish                            - Undefined Weak Reference
    _signal_init                              - Undefined Weak Reference
    _terminate_alloc                          - Undefined Weak Reference
    _terminate_user_alloc                     - Undefined Weak Reference
    _terminateio                              - Undefined Weak Reference
    __Vectors_Size                           0x000001ac   Number         0  startup_ctboard.o ABSOLUTE
    Stack_Size                               0x00002000   Number         0  startup_ctboard.o ABSOLUTE
    __Vectors                                0x08000000   Data           4  startup_ctboard.o(RESET)
    __Vectors_End                            0x080001ac   Data           0  startup_ctboard.o(RESET)
    __scatterload                            0x080001ad   Thumb Code     0  __scatter.o(!!!scatter)
    __scatterload_rt2                        0x080001ad   Thumb Code    52  __scatter.o(!!!scatter)
    __scatterload_rt2_thumb_only             0x080001ad   Thumb Code     0  __scatter.o(!!!scatter)
    __scatterload_null                       0x080001bd   Thumb Code     0  __scatter.o(!!!scatter)
    __scatterload_zeroinit                   0x080001e9   Thumb Code    28  __scatter_zi.o(!!handler_zi)
    __rt_lib_init                            0x08000205   Thumb Code     0  libinit.o(.ARM.Collect$$libinit$$00000000)
    __rt_lib_init_alloca_1                   0x08000207   Thumb Code     0  libinit2.o(.ARM.Collect$$libinit$$00000030)
    __rt_lib_init_argv_1                     0x08000207   Thumb Code     0  libinit2.o(.ARM.Collect$$libinit$$0000002E)
    __rt_lib_init_atexit_1                   0x08000207   Thumb Code     0  libinit2.o(.ARM.Collect$$libinit$$0000001D)
    __rt_lib_init_clock_1                    0x08000207   Thumb Code     0  libinit2.o(.ARM.Collect$$libinit$$00000023)
    __rt_lib_init_cpp_1                      0x08000207   Thumb Code     0  libinit2.o(.ARM.Collect$$libinit$$00000034)
    __rt_lib_init_exceptions_1               0x08000207   Thumb Code     0  libinit2.o(.ARM.Collect$$libinit$$00000032)
    __rt_lib_init_fp_1                       0x08000207   Thumb Code     0  libinit2.o(.ARM.Collect$$libinit$$00000002)
    __rt_lib_init_fp_trap_1                  0x08000207   Thumb Code     0  libinit2.o(.ARM.Collect$$libinit$$00000021)
    __rt_lib_init_getenv_1                   0x08000207   Thumb Code     0  libinit2.o(.ARM.Collect$$libinit$$00000025)
    __rt_lib_init_heap_1                     0x08000207   Thumb Code     0  libinit2.o(.ARM.Collect$$libinit$$0000000C)
    __rt_lib_init_lc_collate_1               0x08000207   Thumb Code     0  libinit2.o(.ARM.Collect$$libinit$$00000013)
    __rt_lib_init_lc_ctype_1                 0x08000207   Thumb Code     0  libinit2.o(.ARM.Collect$$libinit$$00000015)
    __rt_lib_init_lc_monetary_1              0x08000207   Thumb Code     0  libinit2.o(.ARM.Collect$$libinit$$00000017)
    __rt_lib_init_lc_numeric_1               0x08000207   Thumb Code     0  libinit2.o(.ARM.Collect$$libinit$$00000019)
    __rt_lib_init_lc_time_1                  0x08000207   Thumb Code     0  libinit2.o(.ARM.Collect$$libinit$$0000001B)
    __rt_lib_init_preinit_1                  0x08000207   Thumb Code     0  libinit2.o(.ARM.Collect$$libinit$$00000006)
    __rt_lib_init_rand_1                     0x08000207   Thumb Code     0  libinit2.o(.ARM.Collect$$libinit$$00000010)
    __rt_lib_init_relocate_pie_1             0x08000207   Thumb Code     0  libinit2.o(.ARM.Collect$$libinit$$00000004)
    __rt_lib_init_return                     0x08000207   Thumb Code     0  libinit2.o(.ARM.Collect$$libinit$$00000035)
    __rt_lib_init_signal_1                   0x08000207   Thumb Code     0  libinit2.o(.ARM.Collect$$libinit$$0000001F)
    __rt_lib_init_stdio_1                    0x08000207   Thumb Code     0  libinit2.o(.ARM.Collect$$libinit$$00000027)
    __rt_lib_init_user_alloc_1               0x08000207   Thumb Code     0  libinit2.o(.ARM.Collect$$libinit$$0000000E)
    __rt_lib_shutdown                        0x08000209   Thumb Code     0  libshutdown.o(.ARM.Collect$$libshutdown$$00000000)
    __rt_lib_shutdown_cpp_1                  0x0800020b   Thumb Code     0  libshutdown2.o(.ARM.Collect$$libshutdown$$00000002)
    __rt_lib_shutdown_fp_trap_1              0x0800020b   Thumb Code     0  libshutdown2.o(.ARM.Collect$$libshutdown$$00000007)
    __rt_lib_shutdown_heap_1                 0x0800020b   Thumb Code     0  libshutdown2.o(.ARM.Collect$$libshutdown$$0000000F)
    __rt_lib_shutdown_return                 0x0800020b   Thumb Code     0  libshutdown2.o(.ARM.Collect$$libshutdown$$00000010)
    __rt_lib_shutdown_signal_1               0x0800020b   Thumb Code     0  libshutdown2.o(.ARM.Collect$$libshutdown$$0000000A)
    __rt_lib_shutdown_stdio_1                0x0800020b   Thumb Code     0  libshutdown2.o(.ARM.Collect$$libshutdown$$00000004)
    __rt_lib_shutdown_user_alloc_1           0x0800020b   Thumb Code     0  libshutdown2.o(.ARM.Collect$$libshutdown$$0000000C)
    __rt_entry                               0x0800020d   Thumb Code     0  __rtentry.o(.ARM.Collect$$rtentry$$00000000)
    __rt_entry_presh_1                       0x0800020d   Thumb Code     0  __rtentry2.o(.ARM.Collect$$rtentry$$00000002)
    __rt_entry_sh                            0x0800020d   Thumb Code     0  __rtentry4.o(.ARM.Collect$$rtentry$$00000004)
    __rt_entry_li                            0x08000213   Thumb Code     0  __rtentry2.o(.ARM.Collect$$rtentry$$0000000A)
    __rt_entry_postsh_1                      0x08000213   Thumb Code     0  __rtentry2.o(.ARM.Collect$$rtentry$$00000009)
    __rt_entry_main                          0x08000217   Thumb Code     0  __rtentry2.o(.ARM.Collect$$rtentry$$0000000D)
    __rt_entry_postli_1                      0x08000217   Thumb Code     0  __rtentry2.o(.ARM.Collect$$rtentry$$0000000C)
    __rt_exit                                0x0800021f   Thumb Code     0  rtexit.o(.ARM.Collect$$rtexit$$00000000)
    __rt_exit_ls                             0x08000221   Thumb Code     0  rtexit2.o(.ARM.Collect$$rtexit$$00000003)
    __rt_exit_prels_1                        0x08000221   Thumb Code     0  rtexit2.o(.ARM.Collect$$rtexit$$00000002)
    __rt_exit_exit                           0x08000225   Thumb Code     0  rtexit2.o(.ARM.Collect$$rtexit$$00000004)
    main                                     0x0800022d   Thumb Code    68  main.o(.text)
    adc_init                                 0x080004f5   Thumb Code    76  adc.o(.text)
    adc_get_value                            0x0800056d   Thumb Code    52  adc.o(.text)
    adc_filter_value                         0x080005b1   Thumb Code   100  adc.o(.text)
    choose_resolution                        0x0800061d   Thumb Code   132  adc.o(.text)
    __main                                   0x080006b1   Thumb Code     8  datainit_ctboard.o(.text)
    __user_setup_stackheap                   0x080006b9   Thumb Code    16  datainit_ctboard.o(.text)
    Reset_Handler                            0x080006d9   Thumb Code     8  startup_ctboard.o(.text)
    NMI_Handler                              0x080006e1   Thumb Code     2  startup_ctboard.o(.text)
    HardFault_Handler                        0x080006e3   Thumb Code     2  startup_ctboard.o(.text)
    MemManage_Handler                        0x080006e5   Thumb Code     2  startup_ctboard.o(.text)
    BusFault_Handler                         0x080006e7   Thumb Code     2  startup_ctboard.o(.text)
    UsageFault_Handler                       0x080006e9   Thumb Code     2  startup_ctboard.o(.text)
    SVC_Handler                              0x080006eb   Thumb Code     2  startup_ctboard.o(.text)
    DebugMon_Handler                         0x080006ed   Thumb Code     2  startup_ctboard.o(.text)
    PendSV_Handler                           0x080006ef   Thumb Code     2  startup_ctboard.o(.text)
    SysTick_Handler                          0x080006f1   Thumb Code     2  startup_ctboard.o(.text)
    ADC_IRQHandler                           0x080006f3   Thumb Code     0  startup_ctboard.o(.text)
    CAN1_RX0_IRQHandler                      0x080006f3   Thumb Code     0  startup_ctboard.o(.text)
    CAN1_RX1_IRQHandler                      0x080006f3   Thumb Code     0  startup_ctboard.o(.text)
    CAN1_SCE_IRQHandler                      0x080006f3   Thumb Code     0  startup_ctboard.o(.text)
    CAN1_TX_IRQHandler                       0x080006f3   Thumb Code     0  startup_ctboard.o(.text)
    CAN2_RX0_IRQHandler                      0x080006f3   Thumb Code     0  startup_ctboard.o(.text)
    CAN2_RX1_IRQHandler                      0x080006f3   Thumb Code     0  startup_ctboard.o(.text)
    CAN2_SCE_IRQHandler                      0x080006f3   Thumb Code     0  startup_ctboard.o(.text)
    CAN2_TX_IRQHandler                       0x080006f3   Thumb Code     0  startup_ctboard.o(.text)
    CRYP_IRQHandler                          0x080006f3   Thumb Code     0  startup_ctboard.o(.text)
    DCMI_IRQHandler                          0x080006f3   Thumb Code     0  startup_ctboard.o(.text)
    DMA1_Stream0_IRQHandler                  0x080006f3   Thumb Code     0  startup_ctboard.o(.text)
    DMA1_Stream1_IRQHandler                  0x080006f3   Thumb Code     0  startup_ctboard.o(.text)
    DMA1_Stream2_IRQHandler                  0x080006f3   Thumb Code     0  startup_ctboard.o(.text)
    DMA1_Stream3_IRQHandler                  0x080006f3   Thumb Code     0  startup_ctboard.o(.text)
    DMA1_Stream4_IRQHandler                  0x080006f3   Thumb Code     0  startup_ctboard.o(.text)
    DMA1_Stream5_IRQHandler                  0x080006f3   Thumb Code     0  startup_ctboard.o(.text)
    DMA1_Stream6_IRQHandler                  0x080006f3   Thumb Code     0  startup_ctboard.o(.text)
    DMA1_Stream7_IRQHandler                  0x080006f3   Thumb Code     0  startup_ctboard.o(.text)
    DMA2D_IRQHandler                         0x080006f3   Thumb Code     0  startup_ctboard.o(.text)
    DMA2_Stream0_IRQHandler                  0x080006f3   Thumb Code     0  startup_ctboard.o(.text)
    DMA2_Stream1_IRQHandler                  0x080006f3   Thumb Code     0  startup_ctboard.o(.text)
    DMA2_Stream2_IRQHandler                  0x080006f3   Thumb Code     0  startup_ctboard.o(.text)
    DMA2_Stream3_IRQHandler                  0x080006f3   Thumb Code     0  startup_ctboard.o(.text)
    DMA2_Stream4_IRQHandler                  0x080006f3   Thumb Code     0  startup_ctboard.o(.text)
    DMA2_Stream5_IRQHandler                  0x080006f3   Thumb Code     0  startup_ctboard.o(.text)
    DMA2_Stream6_IRQHandler                  0x080006f3   Thumb Code     0  startup_ctboard.o(.text)
    DMA2_Stream7_IRQHandler                  0x080006f3   Thumb Code     0  startup_ctboard.o(.text)
    ETH_IRQHandler                           0x080006f3   Thumb Code     0  startup_ctboard.o(.text)
    ETH_WKUP_IRQHandler                      0x080006f3   Thumb Code     0  startup_ctboard.o(.text)
    EXTI0_IRQHandler                         0x080006f3   Thumb Code     0  startup_ctboard.o(.text)
    EXTI15_10_IRQHandler                     0x080006f3   Thumb Code     0  startup_ctboard.o(.text)
    EXTI1_IRQHandler                         0x080006f3   Thumb Code     0  startup_ctboard.o(.text)
    EXTI2_IRQHandler                         0x080006f3   Thumb Code     0  startup_ctboard.o(.text)
    EXTI3_IRQHandler                         0x080006f3   Thumb Code     0  startup_ctboard.o(.text)
    EXTI4_IRQHandler                         0x080006f3   Thumb Code     0  startup_ctboard.o(.text)
    EXTI9_5_IRQHandler                       0x080006f3   Thumb Code     0  startup_ctboard.o(.text)
    FLASH_IRQHandler                         0x080006f3   Thumb Code     0  startup_ctboard.o(.text)
    FMC_IRQHandler                           0x080006f3   Thumb Code     0  startup_ctboard.o(.text)
    FPU_IRQHandler                           0x080006f3   Thumb Code     0  startup_ctboard.o(.text)
    HASH_RNG_IRQHandler                      0x080006f3   Thumb Code     0  startup_ctboard.o(.text)
    I2C1_ER_IRQHandler                       0x080006f3   Thumb Code     0  startup_ctboard.o(.text)
    I2C1_EV_IRQHandler                       0x080006f3   Thumb Code     0  startup_ctboard.o(.text)
    I2C2_ER_IRQHandler                       0x080006f3   Thumb Code     0  startup_ctboard.o(.text)
    I2C2_EV_IRQHandler                       0x080006f3   Thumb Code     0  startup_ctboard.o(.text)
    I2C3_ER_IRQHandler                       0x080006f3   Thumb Code     0  startup_ctboard.o(.text)
    I2C3_EV_IRQHandler                       0x080006f3   Thumb Code     0  startup_ctboard.o(.text)
    LTDC_ER_IRQHandler                       0x080006f3   Thumb Code     0  startup_ctboard.o(.text)
    LTDC_IRQHandler                          0x080006f3   Thumb Code     0  startup_ctboard.o(.text)
    OTG_FS_IRQHandler                        0x080006f3   Thumb Code     0  startup_ctboard.o(.text)
    OTG_FS_WKUP_IRQHandler                   0x080006f3   Thumb Code     0  startup_ctboard.o(.text)
    OTG_HS_EP1_IN_IRQHandler                 0x080006f3   Thumb Code     0  startup_ctboard.o(.text)
    OTG_HS_EP1_OUT_IRQHandler                0x080006f3   Thumb Code     0  startup_ctboard.o(.text)
    OTG_HS_IRQHandler                        0x080006f3   Thumb Code     0  startup_ctboard.o(.text)
    OTG_HS_WKUP_IRQHandler                   0x080006f3   Thumb Code     0  startup_ctboard.o(.text)
    PVD_IRQHandler                           0x080006f3   Thumb Code     0  startup_ctboard.o(.text)
    RCC_IRQHandler                           0x080006f3   Thumb Code     0  startup_ctboard.o(.text)
    RTC_Alarm_IRQHandler                     0x080006f3   Thumb Code     0  startup_ctboard.o(.text)
    RTC_WKUP_IRQHandler                      0x080006f3   Thumb Code     0  startup_ctboard.o(.text)
    SAI1_IRQHandler                          0x080006f3   Thumb Code     0  startup_ctboard.o(.text)
    SDIO_IRQHandler                          0x080006f3   Thumb Code     0  startup_ctboard.o(.text)
    SPI1_IRQHandler                          0x080006f3   Thumb Code     0  startup_ctboard.o(.text)
    SPI2_IRQHandler                          0x080006f3   Thumb Code     0  startup_ctboard.o(.text)
    SPI3_IRQHandler                          0x080006f3   Thumb Code     0  startup_ctboard.o(.text)
    SPI4_IRQHandler                          0x080006f3   Thumb Code     0  startup_ctboard.o(.text)
    SPI5_IRQHandler                          0x080006f3   Thumb Code     0  startup_ctboard.o(.text)
    SPI6_IRQHandler                          0x080006f3   Thumb Code     0  startup_ctboard.o(.text)
    TAMP_STAMP_IRQHandler                    0x080006f3   Thumb Code     0  startup_ctboard.o(.text)
    TIM1_BRK_TIM9_IRQHandler                 0x080006f3   Thumb Code     0  startup_ctboard.o(.text)
    TIM1_CC_IRQHandler                       0x080006f3   Thumb Code     0  startup_ctboard.o(.text)
    TIM1_TRG_COM_TIM11_IRQHandler            0x080006f3   Thumb Code     0  startup_ctboard.o(.text)
    TIM1_UP_TIM10_IRQHandler                 0x080006f3   Thumb Code     0  startup_ctboard.o(.text)
    TIM2_IRQHandler                          0x080006f3   Thumb Code     0  startup_ctboard.o(.text)
    TIM3_IRQHandler                          0x080006f3   Thumb Code     0  startup_ctboard.o(.text)
    TIM4_IRQHandler                          0x080006f3   Thumb Code     0  startup_ctboard.o(.text)
    TIM5_IRQHandler                          0x080006f3   Thumb Code     0  startup_ctboard.o(.text)
    TIM6_DAC_IRQHandler                      0x080006f3   Thumb Code     0  startup_ctboard.o(.text)
    TIM7_IRQHandler                          0x080006f3   Thumb Code     0  startup_ctboard.o(.text)
    TIM8_BRK_TIM12_IRQHandler                0x080006f3   Thumb Code     0  startup_ctboard.o(.text)
    TIM8_CC_IRQHandler                       0x080006f3   Thumb Code     0  startup_ctboard.o(.text)
    TIM8_TRG_COM_TIM14_IRQHandler            0x080006f3   Thumb Code     0  startup_ctboard.o(.text)
    TIM8_UP_TIM13_IRQHandler                 0x080006f3   Thumb Code     0  startup_ctboard.o(.text)
    UART4_IRQHandler                         0x080006f3   Thumb Code     0  startup_ctboard.o(.text)
    UART5_IRQHandler                         0x080006f3   Thumb Code     0  startup_ctboard.o(.text)
    UART7_IRQHandler                         0x080006f3   Thumb Code     0  startup_ctboard.o(.text)
    UART8_IRQHandler                         0x080006f3   Thumb Code     0  startup_ctboard.o(.text)
    USART1_IRQHandler                        0x080006f3   Thumb Code     0  startup_ctboard.o(.text)
    USART2_IRQHandler                        0x080006f3   Thumb Code     0  startup_ctboard.o(.text)
    USART3_IRQHandler                        0x080006f3   Thumb Code     0  startup_ctboard.o(.text)
    USART6_IRQHandler                        0x080006f3   Thumb Code     0  startup_ctboard.o(.text)
    WWDG_IRQHandler                          0x080006f3   Thumb Code     0  startup_ctboard.o(.text)
    __system                                 0x080006fd   Thumb Code     8  system_ctboard.o(.text)
    system_enter_run                         0x08000705   Thumb Code    20  system_ctboard.o(.text)
    system_enter_sleep                       0x08000979   Thumb Code     8  system_ctboard.o(.text)
    system_enter_stop                        0x08000981   Thumb Code    10  system_ctboard.o(.text)
    system_enter_standby                     0x0800098b   Thumb Code     2  system_ctboard.o(.text)
    hal_ct_lcd_write                         0x0800098d   Thumb Code    88  hal_ct_lcd.o(.text)
    hal_ct_lcd_color                         0x080009e9   Thumb Code    64  hal_ct_lcd.o(.text)
    hal_ct_lcd_clear                         0x08000a35   Thumb Code    28  hal_ct_lcd.o(.text)
    hal_fmc_reset                            0x08000a55   Thumb Code   104  hal_fmc.o(.text)
    hal_fmc_init_sram                        0x08000ae5   Thumb Code   556  hal_fmc.o(.text)
    hal_gpio_reset                           0x08000d2d   Thumb Code   112  hal_gpio.o(.text)
    hal_gpio_init_input                      0x08000da5   Thumb Code   122  hal_gpio.o(.text)
    hal_gpio_init_analog                     0x08000ef9   Thumb Code    74  hal_gpio.o(.text)
    hal_gpio_init_output                     0x08000f43   Thumb Code   206  hal_gpio.o(.text)
    hal_gpio_init_alternate                  0x08001011   Thumb Code   186  hal_gpio.o(.text)
    hal_gpio_input_read                      0x080010cb   Thumb Code    14  hal_gpio.o(.text)
    hal_gpio_output_read                     0x080010d9   Thumb Code    14  hal_gpio.o(.text)
    hal_gpio_output_write                    0x080010e7   Thumb Code    42  hal_gpio.o(.text)
    hal_gpio_bit_set                         0x08001111   Thumb Code    54  hal_gpio.o(.text)
    hal_gpio_bit_reset                       0x08001147   Thumb Code    54  hal_gpio.o(.text)
    hal_gpio_bit_toggle                      0x0800117d   Thumb Code    78  hal_gpio.o(.text)
    hal_gpio_irq_set                         0x080011cd   Thumb Code   832  hal_gpio.o(.text)
    hal_gpio_irq_status                      0x08001651   Thumb Code    64  hal_gpio.o(.text)
    hal_gpio_irq_clear                       0x08001699   Thumb Code    24  hal_gpio.o(.text)
    hal_pwr_reset                            0x080016b5   Thumb Code    16  hal_pwr.o(.text)
    hal_pwr_set_backup_domain                0x080016cd   Thumb Code   148  hal_pwr.o(.text)
    hal_pwr_set_backup_access                0x08001765   Thumb Code    44  hal_pwr.o(.text)
    hal_pwr_set_wakeup_pin                   0x08001795   Thumb Code    44  hal_pwr.o(.text)
    hal_pwr_set_flash_powerdown              0x080017c5   Thumb Code    44  hal_pwr.o(.text)
    hal_pwr_set_overdrive                    0x080017f5   Thumb Code    10  hal_pwr.o(.text)
    hal_pwr_set_underdrive                   0x080017ff   Thumb Code    10  hal_pwr.o(.text)
    hal_rcc_reset                            0x08001809   Thumb Code   148  hal_rcc.o(.text)
    hal_rcc_set_peripheral                   0x0800191d   Thumb Code   396  hal_rcc.o(.text)
    hal_rcc_set_osc                          0x08001ab9   Thumb Code   240  hal_rcc.o(.text)
    hal_rcc_setup_pll                        0x08001bb5   Thumb Code   312  hal_rcc.o(.text)
    hal_rcc_setup_clock                      0x08001d05   Thumb Code   148  hal_rcc.o(.text)
    __aeabi_uidiv                            0x08001da1   Thumb Code     0  aeabi_sdiv.o(.text)
    __aeabi_uidivmod                         0x08001da1   Thumb Code    20  aeabi_sdiv.o(.text)
    __aeabi_idiv                             0x08001db5   Thumb Code     0  aeabi_sdiv.o(.text)
    __aeabi_idivmod                          0x08001db5   Thumb Code   338  aeabi_sdiv.o(.text)
    exit                                     0x08001f0d   Thumb Code    16  exit.o(.text)
    _sys_exit                                0x08001f1d   Thumb Code     8  sys_exit.o(.text)
    __I$use$semihosting                      0x08001f29   Thumb Code     0  use_no_semi.o(.text)
    __use_no_semihosting_swi                 0x08001f29   Thumb Code     2  use_no_semi.o(.text)
    __semihosting_library_function           0x08001f2b   Thumb Code     0  indicate_semi.o(.text)
    Region$$Table$$Base                      0x08001f40   Number         0  anon$$obj.o(Region$$Table)
    Region$$Table$$Limit                     0x08001f50   Number         0  anon$$obj.o(Region$$Table)
    buffer                                   0x20000000   Data          32  adc.o(.bss.buffer)
    bufferIndex                              0x20000020   Data           2  adc.o(.bss.bufferIndex)
    Stack_Mem                                0x20000028   Data        8192  startup_ctboard.o(STACK)



==============================================================================

Memory Map of the image

  Image Entry point : 0x080006d9

  Load Region LR_IROM1 (Base: 0x08000000, Size: 0x00001f50, Max: 0x00200000, ABSOLUTE)

    Execution Region ER_IROM1 (Exec base: 0x08000000, Load base: 0x08000000, Size: 0x00001f50, Max: 0x00200000, ABSOLUTE)

    Exec Addr    Load Addr    Size         Type   Attr      Idx    E Section Name        Object

    0x08000000   0x08000000   0x000001ac   Data   RO           26    RESET               startup_ctboard.o
    0x080001ac   0x080001ac   0x0000003c   Code   RO           80    !!!scatter          c_pu.l(__scatter.o)
    0x080001e8   0x080001e8   0x0000001c   Code   RO          250    !!handler_zi        c_pu.l(__scatter_zi.o)
    0x08000204   0x08000204   0x00000002   Code   RO          115    .ARM.Collect$$libinit$$00000000  c_pu.l(libinit.o)
    0x08000206   0x08000206   0x00000000   Code   RO          125    .ARM.Collect$$libinit$$00000002  c_pu.l(libinit2.o)
    0x08000206   0x08000206   0x00000000   Code   RO          127    .ARM.Collect$$libinit$$00000004  c_pu.l(libinit2.o)
    0x08000206   0x08000206   0x00000000   Code   RO          129    .ARM.Collect$$libinit$$00000006  c_pu.l(libinit2.o)
    0x08000206   0x08000206   0x00000000   Code   RO          132    .ARM.Collect$$libinit$$0000000C  c_pu.l(libinit2.o)
    0x08000206   0x08000206   0x00000000   Code   RO          134    .ARM.Collect$$libinit$$0000000E  c_pu.l(libinit2.o)
    0x08000206   0x08000206   0x00000000   Code   RO          136    .ARM.Collect$$libinit$$00000010  c_pu.l(libinit2.o)
    0x08000206   0x08000206   0x00000000   Code   RO          139    .ARM.Collect$$libinit$$00000013  c_pu.l(libinit2.o)
    0x08000206   0x08000206   0x00000000   Code   RO          141    .ARM.Collect$$libinit$$00000015  c_pu.l(libinit2.o)
    0x08000206   0x08000206   0x00000000   Code   RO          143    .ARM.Collect$$libinit$$00000017  c_pu.l(libinit2.o)
    0x08000206   0x08000206   0x00000000   Code   RO          145    .ARM.Collect$$libinit$$00000019  c_pu.l(libinit2.o)
    0x08000206   0x08000206   0x00000000   Code   RO          147    .ARM.Collect$$libinit$$0000001B  c_pu.l(libinit2.o)
    0x08000206   0x08000206   0x00000000   Code   RO          149    .ARM.Collect$$libinit$$0000001D  c_pu.l(libinit2.o)
    0x08000206   0x08000206   0x00000000   Code   RO          151    .ARM.Collect$$libinit$$0000001F  c_pu.l(libinit2.o)
    0x08000206   0x08000206   0x00000000   Code   RO          153    .ARM.Collect$$libinit$$00000021  c_pu.l(libinit2.o)
    0x08000206   0x08000206   0x00000000   Code   RO          155    .ARM.Collect$$libinit$$00000023  c_pu.l(libinit2.o)
    0x08000206   0x08000206   0x00000000   Code   RO          157    .ARM.Collect$$libinit$$00000025  c_pu.l(libinit2.o)
    0x08000206   0x08000206   0x00000000   Code   RO          159    .ARM.Collect$$libinit$$00000027  c_pu.l(libinit2.o)
    0x08000206   0x08000206   0x00000000   Code   RO          163    .ARM.Collect$$libinit$$0000002E  c_pu.l(libinit2.o)
    0x08000206   0x08000206   0x00000000   Code   RO          165    .ARM.Collect$$libinit$$00000030  c_pu.l(libinit2.o)
    0x08000206   0x08000206   0x00000000   Code   RO          167    .ARM.Collect$$libinit$$00000032  c_pu.l(libinit2.o)
    0x08000206   0x08000206   0x00000000   Code   RO          169    .ARM.Collect$$libinit$$00000034  c_pu.l(libinit2.o)
    0x08000206   0x08000206   0x00000002   Code   RO          170    .ARM.Collect$$libinit$$00000035  c_pu.l(libinit2.o)
    0x08000208   0x08000208   0x00000002   Code   RO          205    .ARM.Collect$$libshutdown$$00000000  c_pu.l(libshutdown.o)
    0x0800020a   0x0800020a   0x00000000   Code   RO          233    .ARM.Collect$$libshutdown$$00000002  c_pu.l(libshutdown2.o)
    0x0800020a   0x0800020a   0x00000000   Code   RO          235    .ARM.Collect$$libshutdown$$00000004  c_pu.l(libshutdown2.o)
    0x0800020a   0x0800020a   0x00000000   Code   RO          238    .ARM.Collect$$libshutdown$$00000007  c_pu.l(libshutdown2.o)
    0x0800020a   0x0800020a   0x00000000   Code   RO          241    .ARM.Collect$$libshutdown$$0000000A  c_pu.l(libshutdown2.o)
    0x0800020a   0x0800020a   0x00000000   Code   RO          243    .ARM.Collect$$libshutdown$$0000000C  c_pu.l(libshutdown2.o)
    0x0800020a   0x0800020a   0x00000000   Code   RO          246    .ARM.Collect$$libshutdown$$0000000F  c_pu.l(libshutdown2.o)
    0x0800020a   0x0800020a   0x00000002   Code   RO          247    .ARM.Collect$$libshutdown$$00000010  c_pu.l(libshutdown2.o)
    0x0800020c   0x0800020c   0x00000000   Code   RO           82    .ARM.Collect$$rtentry$$00000000  c_pu.l(__rtentry.o)
    0x0800020c   0x0800020c   0x00000000   Code   RO           88    .ARM.Collect$$rtentry$$00000002  c_pu.l(__rtentry2.o)
    0x0800020c   0x0800020c   0x00000006   Code   RO          100    .ARM.Collect$$rtentry$$00000004  c_pu.l(__rtentry4.o)
    0x08000212   0x08000212   0x00000000   Code   RO           90    .ARM.Collect$$rtentry$$00000009  c_pu.l(__rtentry2.o)
    0x08000212   0x08000212   0x00000004   Code   RO           91    .ARM.Collect$$rtentry$$0000000A  c_pu.l(__rtentry2.o)
    0x08000216   0x08000216   0x00000000   Code   RO           93    .ARM.Collect$$rtentry$$0000000C  c_pu.l(__rtentry2.o)
    0x08000216   0x08000216   0x00000008   Code   RO           94    .ARM.Collect$$rtentry$$0000000D  c_pu.l(__rtentry2.o)
    0x0800021e   0x0800021e   0x00000002   Code   RO          116    .ARM.Collect$$rtexit$$00000000  c_pu.l(rtexit.o)
    0x08000220   0x08000220   0x00000000   Code   RO          176    .ARM.Collect$$rtexit$$00000002  c_pu.l(rtexit2.o)
    0x08000220   0x08000220   0x00000004   Code   RO          177    .ARM.Collect$$rtexit$$00000003  c_pu.l(rtexit2.o)
    0x08000224   0x08000224   0x00000006   Code   RO          178    .ARM.Collect$$rtexit$$00000004  c_pu.l(rtexit2.o)
    0x0800022a   0x0800022a   0x00000002   PAD
    0x0800022c   0x0800022c   0x000002c8   Code   RO            1    .text               main.o
    0x080004f4   0x080004f4   0x000001bc   Code   RO            9    .text               adc.o
    0x080006b0   0x080006b0   0x00000028   Code   RO           18    .text               datainit_ctboard.o
    0x080006d8   0x080006d8   0x00000024   Code   RO           27  * .text               startup_ctboard.o
    0x080006fc   0x080006fc   0x00000290   Code   RO           31    .text               system_ctboard.o
    0x0800098c   0x0800098c   0x000000c8   Code   RO           38    .text               hal_ct_lcd.o
    0x08000a54   0x08000a54   0x000002d8   Code   RO           46    .text               hal_fmc.o
    0x08000d2c   0x08000d2c   0x00000988   Code   RO           53    .text               hal_gpio.o
    0x080016b4   0x080016b4   0x00000154   Code   RO           60    .text               hal_pwr.o
    0x08001808   0x08001808   0x00000598   Code   RO           67    .text               hal_rcc.o
    0x08001da0   0x08001da0   0x0000016c   Code   RO           76    .text               c_pu.l(aeabi_sdiv.o)
    0x08001f0c   0x08001f0c   0x00000010   Code   RO          104    .text               c_pu.l(exit.o)
    0x08001f1c   0x08001f1c   0x0000000c   Code   RO          171    .text               c_pu.l(sys_exit.o)
    0x08001f28   0x08001f28   0x00000002   Code   RO          194    .text               c_pu.l(use_no_semi.o)
    0x08001f2a   0x08001f2a   0x00000000   Code   RO          196    .text               c_pu.l(indicate_semi.o)
    0x08001f2a   0x08001f2a   0x00000015   Data   RO           40    .rodata.str1.1      hal_ct_lcd.o
    0x08001f3f   0x08001f3f   0x00000001   PAD
    0x08001f40   0x08001f40   0x00000010   Data   RO          249    Region$$Table       anon$$obj.o


    Execution Region RW_IRAM1 (Exec base: 0x20000000, Load base: 0x08001f50, Size: 0x00002028, Max: 0x00030000, ABSOLUTE)

    Exec Addr    Load Addr    Size         Type   Attr      Idx    E Section Name        Object

    0x20000000        -       0x00000020   Zero   RW           12    .bss.buffer         adc.o
    0x20000020        -       0x00000002   Zero   RW           11    .bss.bufferIndex    adc.o
    0x20000022   0x08001f50   0x00000006   PAD
    0x20000028        -       0x00002000   Zero   RW           24    STACK               startup_ctboard.o


==============================================================================

Image component sizes


      Code (inc. data)   RO Data    RW Data    ZI Data      Debug   Object Name

       444        100          0          0         34       3469   adc.o
        40         16          0          0          0        484   datainit_ctboard.o
       200         20         21          0          0       2383   hal_ct_lcd.o
       728        100          0          0          0       3120   hal_fmc.o
      2440        124          0          0          0       8343   hal_gpio.o
       340         24          0          0          0       1846   hal_pwr.o
      1432        280          0          0          0       4692   hal_rcc.o
       712         12          0          0          0       2394   main.o
        36          8        428          0       8192        828   startup_ctboard.o
       656         64          0          0          0       6708   system_ctboard.o

    ----------------------------------------------------------------------
      7028        748        466          0       8232      34267   Object Totals
         0          0         16          0          0          0   (incl. Generated)
         0          0          1          0          6          0   (incl. Padding)

    ----------------------------------------------------------------------

      Code (inc. data)   RO Data    RW Data    ZI Data      Debug   Library Member Name

         0          0          0          0          0          0   __rtentry.o
        12          0          0          0          0          0   __rtentry2.o
         6          0          0          0          0          0   __rtentry4.o
        60          8          0          0          0         68   __scatter.o
        28          0          0          0          0          0   __scatter_zi.o
       364          4          0          0          0         92   aeabi_sdiv.o
        16          0          0          0          0         68   exit.o
         0          0          0          0          0          0   indicate_semi.o
         2          0          0          0          0          0   libinit.o
         2          0          0          0          0          0   libinit2.o
         2          0          0          0          0          0   libshutdown.o
         2          0          0          0          0          0   libshutdown2.o
         2          0          0          0          0          0   rtexit.o
        10          0          0          0          0          0   rtexit2.o
        12          4          0          0          0         60   sys_exit.o
         2          0          0          0          0         68   use_no_semi.o

    ----------------------------------------------------------------------
       522         16          0          0          0        356   Library Totals
         2          0          0          0          0          0   (incl. Padding)

    ----------------------------------------------------------------------

      Code (inc. data)   RO Data    RW Data    ZI Data      Debug   Library Name

       520         16          0          0          0        356   c_pu.l

    ----------------------------------------------------------------------
       522         16          0          0          0        356   Library Totals

    ----------------------------------------------------------------------

==============================================================================


      Code (inc. data)   RO Data    RW Data    ZI Data      Debug   

      7550        764        466          0       8232      34299   Grand Totals
      7550        764        466          0       8232      34299   ELF Image Totals
      7550        764        466          0          0          0   ROM Totals

==============================================================================

    Total RO  Size (Code + RO Data)                 8016 (   7.83kB)
    Total RW  Size (RW Data + ZI Data)              8232 (   8.04kB)
    Total ROM Size (Code + RO Data + RW Data)       8016 (   7.83kB)

==============================================================================

