Component: Arm Compiler for Embedded 6.18 Tool: armlink [5e4cc100]

==============================================================================

Section Cross References

    action_handler.o(.text.action_handler_init) refers to hal_timer.o(.text.hal_timer_init_base) for hal_timer_init_base
    action_handler.o(.text.action_handler_init) refers to hal_timer.o(.text.hal_timer_irq_set) for hal_timer_irq_set
    action_handler.o(.text.action_handler_init) refers to hal_timer.o(.text.hal_timer_start) for hal_timer_start
    action_handler.o(.ARM.exidx.text.action_handler_init) refers to action_handler.o(.text.action_handler_init) for [Anonymous Symbol]
    action_handler.o(.text.ah_motor) refers to action_handler.o(.text.ah_show_exception) for ah_show_exception
    action_handler.o(.text.ah_motor) refers to action_handler.o(.data.door_state) for [Anonymous Symbol]
    action_handler.o(.text.ah_motor) refers to action_handler.o(.rodata.str1.1) for [Anonymous Symbol]
    action_handler.o(.text.ah_motor) refers to action_handler.o(.bss.elevator_state) for [Anonymous Symbol]
    action_handler.o(.ARM.exidx.text.ah_motor) refers to action_handler.o(.text.ah_motor) for [Anonymous Symbol]
    action_handler.o(.text.ah_show_exception) refers to hal_ct_lcd.o(.text.hal_ct_lcd_write) for hal_ct_lcd_write
    action_handler.o(.text.ah_show_exception) refers to action_handler.o(.rodata.str1.1) for [Anonymous Symbol]
    action_handler.o(.ARM.exidx.text.ah_show_exception) refers to action_handler.o(.text.ah_show_exception) for [Anonymous Symbol]
    action_handler.o(.text.ah_door) refers to action_handler.o(.text.ah_show_exception) for ah_show_exception
    action_handler.o(.text.ah_door) refers to action_handler.o(.bss.elevator_state) for [Anonymous Symbol]
    action_handler.o(.text.ah_door) refers to action_handler.o(.rodata.str1.1) for [Anonymous Symbol]
    action_handler.o(.text.ah_door) refers to action_handler.o(.data.door_state) for [Anonymous Symbol]
    action_handler.o(.ARM.exidx.text.ah_door) refers to action_handler.o(.text.ah_door) for [Anonymous Symbol]
    action_handler.o(.text.ah_signal) refers to action_handler.o(.bss.signal_state) for [Anonymous Symbol]
    action_handler.o(.ARM.exidx.text.ah_signal) refers to action_handler.o(.text.ah_signal) for [Anonymous Symbol]
    action_handler.o(.text.ah_show_state) refers to hal_ct_lcd.o(.text.hal_ct_lcd_write) for hal_ct_lcd_write
    action_handler.o(.text.ah_show_state) refers to action_handler.o(.rodata.str1.1) for [Anonymous Symbol]
    action_handler.o(.ARM.exidx.text.ah_show_state) refers to action_handler.o(.text.ah_show_state) for [Anonymous Symbol]
    action_handler.o(.text.TIM3_IRQHandler) refers to hal_timer.o(.text.hal_timer_irq_status) for hal_timer_irq_status
    action_handler.o(.text.TIM3_IRQHandler) refers to hal_timer.o(.text.hal_timer_irq_clear) for hal_timer_irq_clear
    action_handler.o(.text.TIM3_IRQHandler) refers to aeabi_sdiv.o(.text) for __aeabi_uidivmod
    action_handler.o(.text.TIM3_IRQHandler) refers to action_handler.o(.text.ah_show_exception) for ah_show_exception
    action_handler.o(.text.TIM3_IRQHandler) refers to action_handler.o(.bss.TIM3_IRQHandler.timer_count) for [Anonymous Symbol]
    action_handler.o(.text.TIM3_IRQHandler) refers to action_handler.o(.bss.elevator_state) for [Anonymous Symbol]
    action_handler.o(.text.TIM3_IRQHandler) refers to action_handler.o(.bss.TIM3_IRQHandler.elevator_position) for [Anonymous Symbol]
    action_handler.o(.text.TIM3_IRQHandler) refers to event_handler.o(.bss.flag_F0_Reached) for flag_F0_Reached
    action_handler.o(.text.TIM3_IRQHandler) refers to action_handler.o(.rodata.str1.1) for [Anonymous Symbol]
    action_handler.o(.text.TIM3_IRQHandler) refers to event_handler.o(.bss.flag_F1_Reached) for flag_F1_Reached
    action_handler.o(.text.TIM3_IRQHandler) refers to action_handler.o(.data.door_state) for [Anonymous Symbol]
    action_handler.o(.text.TIM3_IRQHandler) refers to action_handler.o(.bss.TIM3_IRQHandler.door_position) for [Anonymous Symbol]
    action_handler.o(.text.TIM3_IRQHandler) refers to action_handler.o(.bss.TIM3_IRQHandler.door_pattern) for [Anonymous Symbol]
    action_handler.o(.text.TIM3_IRQHandler) refers to action_handler.o(.bss.TIM3_IRQHandler.elevator_pattern) for [Anonymous Symbol]
    action_handler.o(.text.TIM3_IRQHandler) refers to action_handler.o(.bss.signal_state) for [Anonymous Symbol]
    action_handler.o(.ARM.exidx.text.TIM3_IRQHandler) refers to action_handler.o(.text.TIM3_IRQHandler) for [Anonymous Symbol]
    event_handler.o(.ARM.exidx.text.eh_init) refers to event_handler.o(.text.eh_init) for [Anonymous Symbol]
    event_handler.o(.text.eh_get_event) refers to timer.o(.text.timer_read) for timer_read
    event_handler.o(.text.eh_get_event) refers to event_handler.o(.text.eh_7seg_display) for eh_7seg_display
    event_handler.o(.text.eh_get_event) refers to event_handler.o(.bss.eh_get_event.timer_old) for [Anonymous Symbol]
[...]
    .text                                    0x08001b00   Section        0  sys_exit.o(.text)
    .text                                    0x08001b0c   Section        2  use_no_semi.o(.text)
    .text                                    0x08001b0e   Section        0  indicate_semi.o(.text)
    [Anonymous Symbol]                       0x08001b10   Section        0  action_handler.o(.text.TIM3_IRQHandler)
    __arm_cp.6_0                             0x08001ce4   Number         4  action_handler.o(.text.TIM3_IRQHandler)
    __arm_cp.6_2                             0x08001ce8   Number         4  action_handler.o(.text.TIM3_IRQHandler)
    __arm_cp.6_3                             0x08001cec   Number         4  action_handler.o(.text.TIM3_IRQHandler)
    __arm_cp.6_4                             0x08001cf0   Number         4  action_handler.o(.text.TIM3_IRQHandler)
    __arm_cp.6_6                             0x08001cf4   Number         4  action_handler.o(.text.TIM3_IRQHandler)
    __arm_cp.6_7                             0x08001cf8   Number         4  action_handler.o(.text.TIM3_IRQHandler)
    __arm_cp.6_8                             0x08001cfc   Number         4  action_handler.o(.text.TIM3_IRQHandler)
    __arm_cp.6_9                             0x08001d00   Number         4  action_handler.o(.text.TIM3_IRQHandler)
    __arm_cp.6_10                            0x08001d04   Number         4  action_handler.o(.text.TIM3_IRQHandler)
    __arm_cp.6_12                            0x08001d08   Number         4  action_handler.o(.text.TIM3_IRQHandler)
    __arm_cp.6_13                            0x08001d0c   Number         4  action_handler.o(.text.TIM3_IRQHandler)
    __arm_cp.6_15                            0x08001d10   Number         4  action_handler.o(.text.TIM3_IRQHandler)
    __arm_cp.6_17                            0x08001d14   Number         4  action_handler.o(.text.TIM3_IRQHandler)
    [Anonymous Symbol]                       0x08001d18   Section        0  timer.o(.text.TIM4_IRQHandler)
    __arm_cp.0_0                             0x08001d48   Number         4  timer.o(.text.TIM4_IRQHandler)
    __arm_cp.0_1                             0x08001d4c   Number         4  timer.o(.text.TIM4_IRQHandler)
    [Anonymous Symbol]                       0x08001d50   Section        0  system_ctboard.o(.text.__system)
    [Anonymous Symbol]                       0x08001d58   Section        0  action_handler.o(.text.action_handler_init)
    __arm_cp.0_0                             0x08001da0   Number         4  action_handler.o(.text.action_handler_init)
    __arm_cp.0_1                             0x08001da4   Number         4  action_handler.o(.text.action_handler_init)
    [Anonymous Symbol]                       0x08001da8   Section        0  action_handler.o(.text.ah_door)
    __arm_cp.3_1                             0x08001e70   Number         4  action_handler.o(.text.ah_door)
    __arm_cp.3_3                             0x08001e74   Number         4  action_handler.o(.text.ah_door)
    __arm_cp.3_4                             0x08001e78   Number         4  action_handler.o(.text.ah_door)
    __arm_cp.3_5                             0x08001e7c   Number         4  action_handler.o(.text.ah_door)
    [Anonymous Symbol]                       0x08001e80   Section        0  action_handler.o(.text.ah_motor)
    __arm_cp.1_0                             0x08001ee4   Number         4  action_handler.o(.text.ah_motor)
    __arm_cp.1_1                             0x08001ee8   Number         4  action_handler.o(.text.ah_motor)
    __arm_cp.1_2                             0x08001eec   Number         4  action_handler.o(.text.ah_motor)
    __arm_cp.1_3                             0x08001ef0   Number         4  action_handler.o(.text.ah_motor)
    [Anonymous Symbol]                       0x08001ef4   Section        0  action_handler.o(.text.ah_show_exception)
    __arm_cp.2_0                             0x08001f74   Number         4  action_handler.o(.text.ah_show_exception)
    __arm_cp.2_1                             0x08001f78   Number         4  action_handler.o(.text.ah_show_exception)
    __arm_cp.2_2                             0x08001f7c   Number         4  action_handler.o(.text.ah_show_exception)
    __arm_cp.2_3                             0x08001f80   Number         4  action_handler.o(.text.ah_show_exception)
    [Anonymous Symbol]                       0x08001f84   Section        0  action_handler.o(.text.ah_show_state)
    __arm_cp.5_0                             0x08001fa0   Number         4  action_handler.o(.text.ah_show_state)
    [Anonymous Symbol]                       0x08001fa4   Section        0  action_handler.o(.text.ah_signal)
    __arm_cp.4_0                             0x08001fb4   Number         4  action_handler.o(.text.ah_signal)
    create_pattern_mask                      0x08001fb9   Thumb Code   156  hal_gpio.o(.text.create_pattern_mask)
    [Anonymous Symbol]                       0x08001fb8   Section        0  hal_gpio.o(.text.create_pattern_mask)
    eh_7seg_display                          0x08002055   Thumb Code   164  event_handler.o(.text.eh_7seg_display)
    [Anonymous Symbol]                       0x08002054   Section        0  event_handler.o(.text.eh_7seg_display)
    __arm_cp.2_0                             0x080020f8   Number         4  event_handler.o(.text.eh_7seg_display)
    __arm_cp.2_1                             0x080020fc   Number         4  event_handler.o(.text.eh_7seg_display)
    __arm_cp.2_2                             0x08002100   Number         4  event_handler.o(.text.eh_7seg_display)
    __arm_cp.2_3                             0x08002104   Number         4  event_handler.o(.text.eh_7seg_display)
    __arm_cp.2_4                             0x08002108   Number         4  event_handler.o(.text.eh_7seg_display)
    [Anonymous Symbol]                       0x0800210c   Section        0  event_handler.o(.text.eh_get_event)
    __arm_cp.1_0                             0x08002298   Number         4  event_handler.o(.text.eh_get_event)
    __arm_cp.1_1                             0x0800229c   Number         4  event_handler.o(.text.eh_get_event)
    __arm_cp.1_2                             0x080022a0   Number         4  event_handler.o(.text.eh_get_event)
    __arm_cp.1_3                             0x080022a4   Number         4  event_handler.o(.text.eh_get_event)
    __arm_cp.1_4                             0x080022a8   Number         4  event_handler.o(.text.eh_get_event)
    __arm_cp.1_5                             0x080022ac   Number         4  event_handler.o(.text.eh_get_event)
    __arm_cp.1_6                             0x080022b0   Number         4  event_handler.o(.text.eh_get_event)
    __arm_cp.1_7                             0x080022b4   Number         4  event_handler.o(.text.eh_get_event)
    __arm_cp.1_8                             0x080022b8   Number         4  event_handler.o(.text.eh_get_event)
    __arm_cp.1_9                             0x080022bc   Number         4  event_handler.o(.text.eh_get_event)
    __arm_cp.1_10                            0x080022c0   Number         4  event_handler.o(.text.eh_get_event)
    [Anonymous Symbol]                       0x080022c4   Section        0  state_machine.o(.text.fsm_handle_event)
    __arm_cp.1_1                             0x08002474   Number         4  state_machine.o(.text.fsm_handle_event)
    __arm_cp.1_2                             0x08002478   Number         4  state_machine.o(.text.fsm_handle_event)
    __arm_cp.1_4                             0x0800247c   Number         4  state_machine.o(.text.fsm_handle_event)
    __arm_cp.1_5                             0x08002480   Number         4  state_machine.o(.text.fsm_handle_event)
    __arm_cp.1_6                             0x08002484   Number         4  state_machine.o(.text.fsm_handle_event)
    __arm_cp.1_7                             0x08002488   Number         4  state_machine.o(.text.fsm_handle_event)
    __arm_cp.1_8                             0x0800248c   Number         4  state_machine.o(.text.fsm_handle_event)
    [Anonymous Symbol]                       0x08002490   Section        0  state_machine.o(.text.fsm_init)
    __arm_cp.0_0                             0x080024ac   Number         4  state_machine.o(.text.fsm_init)
    __arm_cp.0_1                             0x080024b0   Number         4  state_machine.o(.text.fsm_init)
    __arm_cp.0_2                             0x080024b4   Number         4  state_machine.o(.text.fsm_init)
    get_irq_param                            0x080024b9   Thumb Code   528  hal_timer.o(.text.get_irq_param)
    [Anonymous Symbol]                       0x080024b8   Section        0  hal_timer.o(.text.get_irq_param)
    __arm_cp.1_0                             0x080026c8   Number         4  hal_timer.o(.text.get_irq_param)
    __arm_cp.1_1                             0x080026cc   Number         4  hal_timer.o(.text.get_irq_param)
    __arm_cp.1_2                             0x080026d0   Number         4  hal_timer.o(.text.get_irq_param)
    __arm_cp.1_3                             0x080026d4   Number         4  hal_timer.o(.text.get_irq_param)
    __arm_cp.1_4                             0x080026d8   Number         4  hal_timer.o(.text.get_irq_param)
    __arm_cp.1_5                             0x080026dc   Number         4  hal_timer.o(.text.get_irq_param)
    __arm_cp.1_6                             0x080026e0   Number         4  hal_timer.o(.text.get_irq_param)
    __arm_cp.1_7                             0x080026e4   Number         4  hal_timer.o(.text.get_irq_param)
    __arm_cp.1_8                             0x080026e8   Number         4  hal_timer.o(.text.get_irq_param)
    __arm_cp.1_9                             0x080026ec   Number         4  hal_timer.o(.text.get_irq_param)
    __arm_cp.1_10                            0x080026f0   Number         4  hal_timer.o(.text.get_irq_param)
    __arm_cp.1_11                            0x080026f4   Number         4  hal_timer.o(.text.get_irq_param)
    __arm_cp.1_12                            0x080026f8   Number         4  hal_timer.o(.text.get_irq_param)
    [Anonymous Symbol]                       0x080026fc   Section        0  hal_ct_lcd.o(.text.hal_ct_lcd_write)
    __arm_cp.0_0                             0x08002754   Number         4  hal_ct_lcd.o(.text.hal_ct_lcd_write)
    [Anonymous Symbol]                       0x08002758   Section        0  hal_fmc.o(.text.hal_fmc_init_sram)
    __arm_cp.1_0                             0x08002984   Number         4  hal_fmc.o(.text.hal_fmc_init_sram)
    __arm_cp.1_1                             0x08002988   Number         4  hal_fmc.o(.text.hal_fmc_init_sram)
    __arm_cp.1_2                             0x0800298c   Number         4  hal_fmc.o(.text.hal_fmc_init_sram)
    __arm_cp.1_3                             0x08002990   Number         4  hal_fmc.o(.text.hal_fmc_init_sram)
    __arm_cp.1_4                             0x08002994   Number         4  hal_fmc.o(.text.hal_fmc_init_sram)
    __arm_cp.1_5                             0x08002998   Number         4  hal_fmc.o(.text.hal_fmc_init_sram)
    __arm_cp.1_6                             0x0800299c   Number         4  hal_fmc.o(.text.hal_fmc_init_sram)
    [Anonymous Symbol]                       0x080029a0   Section        0  hal_gpio.o(.text.hal_gpio_init_alternate)
    [Anonymous Symbol]                       0x08002a5a   Section        0  hal_gpio.o(.text.hal_gpio_init_output)
    [Anonymous Symbol]                       0x08002b28   Section        0  hal_pwr.o(.text.hal_pwr_set_overdrive)
    [Anonymous Symbol]                       0x08002b34   Section        0  hal_rcc.o(.text.hal_rcc_reset)
    __arm_cp.0_1                             0x08002bc8   Number         4  hal_rcc.o(.text.hal_rcc_reset)
    __arm_cp.0_4                             0x08002bcc   Number         4  hal_rcc.o(.text.hal_rcc_reset)
    __arm_cp.0_6                             0x08002bd0   Number         4  hal_rcc.o(.text.hal_rcc_reset)
    __arm_cp.0_7                             0x08002bd4   Number         4  hal_rcc.o(.text.hal_rcc_reset)
    __arm_cp.0_8                             0x08002bd8   Number         4  hal_rcc.o(.text.hal_rcc_reset)
    __arm_cp.0_9                             0x08002bdc   Number         4  hal_rcc.o(.text.hal_rcc_reset)
    __arm_cp.0_10                            0x08002be0   Number         4  hal_rcc.o(.text.hal_rcc_reset)
    __arm_cp.0_11                            0x08002be4   Number         4  hal_rcc.o(.text.hal_rcc_reset)
    __arm_cp.0_12                            0x08002be8   Number         4  hal_rcc.o(.text.hal_rcc_reset)
    __arm_cp.0_13                            0x08002bec   Number         4  hal_rcc.o(.text.hal_rcc_reset)
    __arm_cp.0_14                            0x08002bf0   Number         4  hal_rcc.o(.text.hal_rcc_reset)
    __arm_cp.0_15                            0x08002bf4   Number         4  hal_rcc.o(.text.hal_rcc_reset)
    __arm_cp.0_16                            0x08002bf8   Number         4  hal_rcc.o(.text.hal_rcc_reset)
    __arm_cp.0_17                            0x08002bfc   Number         4  hal_rcc.o(.text.hal_rcc_reset)
    __arm_cp.0_18                            0x08002c00   Number         4  hal_rcc.o(.text.hal_rcc_reset)
    __arm_cp.0_19                            0x08002c04   Number         4  hal_rcc.o(.text.hal_rcc_reset)
    __arm_cp.0_20                            0x08002c08   Number         4  hal_rcc.o(.text.hal_rcc_reset)
    __arm_cp.0_21                            0x08002c0c   Number         4  hal_rcc.o(.text.hal_rcc_reset)
    __arm_cp.0_22                            0x08002c10   Number         4  hal_rcc.o(.text.hal_rcc_reset)
    __arm_cp.0_23                            0x08002c14   Number         4  hal_rcc.o(.text.hal_rcc_reset)
    __arm_cp.0_24                            0x08002c18   Number         4  hal_rcc.o(.text.hal_rcc_reset)
    __arm_cp.0_25                            0x08002c1c   Number         4  hal_rcc.o(.text.hal_rcc_reset)
    __arm_cp.0_26                            0x08002c20   Number         4  hal_rcc.o(.text.hal_rcc_reset)
    __arm_cp.0_27                            0x08002c24   Number         4  hal_rcc.o(.text.hal_rcc_reset)
    __arm_cp.0_28                            0x08002c28   Number         4  hal_rcc.o(.text.hal_rcc_reset)
    __arm_cp.0_29                            0x08002c2c   Number         4  hal_rcc.o(.text.hal_rcc_reset)
    __arm_cp.0_30                            0x08002c30   Number         4  hal_rcc.o(.text.hal_rcc_reset)
    __arm_cp.0_31                            0x08002c34   Number         4  hal_rcc.o(.text.hal_rcc_reset)
    [Anonymous Symbol]                       0x08002c38   Section        0  hal_rcc.o(.text.hal_rcc_set_osc)
    __arm_cp.2_0                             0x08002d28   Number         4  hal_rcc.o(.text.hal_rcc_set_osc)
    __arm_cp.2_2                             0x08002d2c   Number         4  hal_rcc.o(.text.hal_rcc_set_osc)
    [Anonymous Symbol]                       0x08002d30   Section        0  hal_rcc.o(.text.hal_rcc_setup_clock)
    __arm_cp.4_0                             0x08002dc4   Number         4  hal_rcc.o(.text.hal_rcc_setup_clock)
    __arm_cp.4_1                             0x08002dc8   Number         4  hal_rcc.o(.text.hal_rcc_setup_clock)
    [Anonymous Symbol]                       0x08002dcc   Section        0  hal_rcc.o(.text.hal_rcc_setup_pll)
    __arm_cp.3_0                             0x08002f04   Number         4  hal_rcc.o(.text.hal_rcc_setup_pll)
    __arm_cp.3_1                             0x08002f08   Number         4  hal_rcc.o(.text.hal_rcc_setup_pll)
    __arm_cp.3_2                             0x08002f0c   Number         4  hal_rcc.o(.text.hal_rcc_setup_pll)
    __arm_cp.3_3                             0x08002f10   Number         4  hal_rcc.o(.text.hal_rcc_setup_pll)
    __arm_cp.3_4                             0x08002f14   Number         4  hal_rcc.o(.text.hal_rcc_setup_pll)
    __arm_cp.3_5                             0x08002f18   Number         4  hal_rcc.o(.text.hal_rcc_setup_pll)
    [Anonymous Symbol]                       0x08002f1c   Section        0  hal_timer.o(.text.hal_timer_init_base)
    __arm_cp.2_0                             0x08002fb0   Number         4  hal_timer.o(.text.hal_timer_init_base)
    [Anonymous Symbol]                       0x08002fb4   Section        0  hal_timer.o(.text.hal_timer_irq_clear)
    [Anonymous Symbol]                       0x08002fc8   Section        0  hal_timer.o(.text.hal_timer_irq_set)
    __arm_cp.13_0                            0x08003054   Number         4  hal_timer.o(.text.hal_timer_irq_set)
    __arm_cp.13_1                            0x08003058   Number         4  hal_timer.o(.text.hal_timer_irq_set)
    __arm_cp.13_2                            0x0800305c   Number         4  hal_timer.o(.text.hal_timer_irq_set)
    __arm_cp.13_3                            0x08003060   Number         4  hal_timer.o(.text.hal_timer_irq_set)
    [Anonymous Symbol]                       0x08003064   Section        0  hal_timer.o(.text.hal_timer_irq_status)
    [Anonymous Symbol]                       0x0800309e   Section        0  hal_timer.o(.text.hal_timer_start)
    init_FMC_SRAM                            0x080030b1   Thumb Code   340  system_ctboard.o(.text.init_FMC_SRAM)
    [Anonymous Symbol]                       0x080030b0   Section        0  system_ctboard.o(.text.init_FMC_SRAM)
    __arm_cp.4_0                             0x08003204   Number         4  system_ctboard.o(.text.init_FMC_SRAM)
    __arm_cp.4_1                             0x08003208   Number         4  system_ctboard.o(.text.init_FMC_SRAM)
    __arm_cp.4_2                             0x0800320c   Number         4  system_ctboard.o(.text.init_FMC_SRAM)
    __arm_cp.4_3                             0x08003210   Number         4  system_ctboard.o(.text.init_FMC_SRAM)
    __arm_cp.4_4                             0x08003214   Number         4  system_ctboard.o(.text.init_FMC_SRAM)
    __arm_cp.4_5                             0x08003218   Number         4  system_ctboard.o(.text.init_FMC_SRAM)
    __arm_cp.4_6                             0x0800321c   Number         4  system_ctboard.o(.text.init_FMC_SRAM)
    __arm_cp.4_7                             0x08003220   Number         4  system_ctboard.o(.text.init_FMC_SRAM)
    __arm_cp.4_8                             0x08003224   Number         4  system_ctboard.o(.text.init_FMC_SRAM)
    __arm_cp.4_9                             0x08003228   Number         4  system_ctboard.o(.text.init_FMC_SRAM)
    init_FPU                                 0x0800322d   Thumb Code     2  system_ctboard.o(.text.init_FPU)
    [Anonymous Symbol]                       0x0800322c   Section        0  system_ctboard.o(.text.init_FPU)
    init_LCD                                 0x08003231   Thumb Code    32  system_ctboard.o(.text.init_LCD)
    [Anonymous Symbol]                       0x08003230   Section        0  system_ctboard.o(.text.init_LCD)
    __arm_cp.5_0                             0x08003250   Number         4  system_ctboard.o(.text.init_LCD)
    init_SystemClock                         0x08003255   Thumb Code   168  system_ctboard.o(.text.init_SystemClock)
    [Anonymous Symbol]                       0x08003254   Section        0  system_ctboard.o(.text.init_SystemClock)
    __arm_cp.2_1                             0x080032fc   Number         4  system_ctboard.o(.text.init_SystemClock)
    __arm_cp.2_2                             0x08003300   Number         4  system_ctboard.o(.text.init_SystemClock)
    __arm_cp.2_3                             0x08003304   Number         4  system_ctboard.o(.text.init_SystemClock)
    __arm_cp.2_4                             0x08003308   Number         4  system_ctboard.o(.text.init_SystemClock)
    intercept_overwrite_register             0x0800330d   Thumb Code    48  hal_gpio.o(.text.intercept_overwrite_register)
    [Anonymous Symbol]                       0x0800330c   Section        0  hal_gpio.o(.text.intercept_overwrite_register)
    __arm_cp.2_0                             0x0800333c   Number         4  hal_gpio.o(.text.intercept_overwrite_register)
    __arm_cp.2_1                             0x08003340   Number         4  hal_gpio.o(.text.intercept_overwrite_register)
    __arm_cp.2_2                             0x08003344   Number         4  hal_gpio.o(.text.intercept_overwrite_register)
    [Anonymous Symbol]                       0x08003348   Section        0  main.o(.text.main)
    [Anonymous Symbol]                       0x08003372   Section        0  system_ctboard.o(.text.system_enter_run)
    [Anonymous Symbol]                       0x08003388   Section        0  timer.o(.text.timer_init)
    __arm_cp.1_0                             0x080033d0   Number         4  timer.o(.text.timer_init)
    __arm_cp.1_1                             0x080033d4   Number         4  timer.o(.text.timer_init)
    __arm_cp.1_2                             0x080033d8   Number         4  timer.o(.text.timer_init)
    [Anonymous Symbol]                       0x080033dc   Section        0  timer.o(.text.timer_read)
    [Anonymous Symbol]                       0x080033e4   Section        0  timer.o(.text.timer_start)
    [Anonymous Symbol]                       0x080033f4   Section        0  timer.o(.text.timer_stop)
    __arm_cp.3_0                             0x080033fc   Number         4  timer.o(.text.timer_stop)
    i.__ARM_common_ll_muluu                  0x08003400   Section        0  btod.o(i.__ARM_common_ll_muluu)
    i.__ARM_fpclassify                       0x08003430   Section        0  fpclassify.o(i.__ARM_fpclassify)
    i._is_digit                              0x0800345c   Section        0  __printf_wp.o(i._is_digit)
    locale$$code                             0x0800346c   Section       44  lc_numeric_c.o(locale$$code)
    locale$$code                             0x08003498   Section       44  lc_ctype_c.o(locale$$code)
    x$fpl$printf1                            0x080034c4   Section       16  printf1.o(x$fpl$printf1)
    x$fpl$printf2                            0x080034d4   Section       16  printf2.o(x$fpl$printf2)
    initial_mbstate                          0x080034e4   Data           8  _printf_wctomb.o(.constdata)
    .constdata                               0x080034e4   Section        8  _printf_wctomb.o(.constdata)
    x$fpl$usenofp                            0x080034e4   Section        0  usenofp.o(x$fpl$usenofp)
    uc_hextab                                0x080034ec   Data          20  _printf_hex_int_ll_ptr.o(.constdata)
    .constdata                               0x080034ec   Section       40  _printf_hex_int_ll_ptr.o(.constdata)
    lc_hextab                                0x08003500   Data          20  _printf_hex_int_ll_ptr.o(.constdata)
    maptable                                 0x08003514   Data          17  __printf_flags_ss_wp.o(.constdata)
    .constdata                               0x08003514   Section       17  __printf_flags_ss_wp.o(.constdata)
    lc_hextab                                0x08003525   Data          19  _printf_fp_hex.o(.constdata)
    .constdata                               0x08003525   Section       38  _printf_fp_hex.o(.constdata)
    uc_hextab                                0x08003538   Data          19  _printf_fp_hex.o(.constdata)
    tenpwrs_x                                0x0800354c   Data          60  bigflt0.o(.constdata)
    .constdata                               0x0800354c   Section      148  bigflt0.o(.constdata)
    tenpwrs_i                                0x08003588   Data          64  bigflt0.o(.constdata)
    [Anonymous Symbol]                       0x080035e0   Section        0  action_handler.o(.rodata.str1.1)
    [Anonymous Symbol]                       0x08003692   Section        0  event_handler.o(.rodata.str1.1)
    [Anonymous Symbol]                       0x08003695   Section        0  state_machine.o(.rodata.str1.1)
    locale$$data                             0x08003714   Section       28  lc_numeric_c.o(locale$$data)
    __lcnum_c_name                           0x08003718   Data           2  lc_numeric_c.o(locale$$data)
    __lcnum_c_start                          0x08003720   Data           0  lc_numeric_c.o(locale$$data)
    __lcnum_c_point                          0x0800372c   Data           0  lc_numeric_c.o(locale$$data)
    __lcnum_c_thousands                      0x0800372e   Data           0  lc_numeric_c.o(locale$$data)
    __lcnum_c_grouping                       0x0800372f   Data           0  lc_numeric_c.o(locale$$data)
    __lcnum_c_end                            0x08003730   Data           0  lc_numeric_c.o(locale$$data)
    locale$$data                             0x08003730   Section      272  lc_ctype_c.o(locale$$data)
    __lcctype_c_name                         0x08003734   Data           2  lc_ctype_c.o(locale$$data)
    __lcctype_c_start                        0x0800373c   Data           0  lc_ctype_c.o(locale$$data)
    __lcctype_c_end                          0x08003840   Data           0  lc_ctype_c.o(locale$$data)
    current_state                            0x20000000   Data           4  state_machine.o(.data.current_state)
    [Anonymous Symbol]                       0x20000000   Section        0  state_machine.o(.data.current_state)
    current_weight_limit                     0x20000004   Data           2  event_handler.o(.data.current_weight_limit)
    [Anonymous Symbol]                       0x20000004   Section        0  event_handler.o(.data.current_weight_limit)
    door_state                               0x20000008   Data           4  action_handler.o(.data.door_state)
    [Anonymous Symbol]                       0x20000008   Section        0  action_handler.o(.data.door_state)
    eh_get_event.button_value_old            0x2000000c   Data           1  event_handler.o(.data.eh_get_event.button_value_old)
    [Anonymous Symbol]                       0x2000000c   Section        0  event_handler.o(.data.eh_get_event.button_value_old)
    eh_get_event.dip_value_old               0x20000010   Data           4  event_handler.o(.data.eh_get_event.dip_value_old)
    [Anonymous Symbol]                       0x20000010   Section        0  event_handler.o(.data.eh_get_event.dip_value_old)
    wctl_state                               0x20000014   Data           4  event_handler.o(.data.wctl_state)
    [Anonymous Symbol]                       0x20000014   Section        0  event_handler.o(.data.wctl_state)
    weight_value_old                         0x20000018   Data           2  event_handler.o(.data.weight_value_old)
    [Anonymous Symbol]                       0x20000018   Section        0  event_handler.o(.data.weight_value_old)
    __rt_locale_data                         0x20000020   Data          20  rt_locale.o(.bss)
    .bss                                     0x20000020   Section       20  rt_locale.o(.bss)
    TIM3_IRQHandler.door_pattern             0x20000034   Data           4  action_handler.o(.bss.TIM3_IRQHandler.door_pattern)
    [Anonymous Symbol]                       0x20000034   Section        0  action_handler.o(.bss.TIM3_IRQHandler.door_pattern)
    TIM3_IRQHandler.door_position            0x20000038   Data           2  action_handler.o(.bss.TIM3_IRQHandler.door_position)
    [Anonymous Symbol]                       0x20000038   Section        0  action_handler.o(.bss.TIM3_IRQHandler.door_position)
    TIM3_IRQHandler.elevator_pattern         0x2000003c   Data           4  action_handler.o(.bss.TIM3_IRQHandler.elevator_pattern)
    [Anonymous Symbol]                       0x2000003c   Section        0  action_handler.o(.bss.TIM3_IRQHandler.elevator_pattern)
    TIM3_IRQHandler.elevator_position        0x20000040   Data           2  action_handler.o(.bss.TIM3_IRQHandler.elevator_position)
    [Anonymous Symbol]                       0x20000040   Section        0  action_handler.o(.bss.TIM3_IRQHandler.elevator_position)
    TIM3_IRQHandler.timer_count              0x20000044   Data           4  action_handler.o(.bss.TIM3_IRQHandler.timer_count)
    [Anonymous Symbol]                       0x20000044   Section        0  action_handler.o(.bss.TIM3_IRQHandler.timer_count)
    eh_get_event.timer_old                   0x20000048   Data           2  event_handler.o(.bss.eh_get_event.timer_old)
    [Anonymous Symbol]                       0x20000048   Section        0  event_handler.o(.bss.eh_get_event.timer_old)
    elevator_state                           0x2000004c   Data           4  action_handler.o(.bss.elevator_state)
    [Anonymous Symbol]                       0x2000004c   Section        0  action_handler.o(.bss.elevator_state)
    signal_state                             0x20000054   Data           4  action_handler.o(.bss.signal_state)
    [Anonymous Symbol]                       0x20000054   Section        0  action_handler.o(.bss.signal_state)
    timer_count                              0x20000058   Data           2  timer.o(.bss.timer_count)
    [Anonymous Symbol]                       0x20000058   Section        0  timer.o(.bss.timer_count)
    STACK                                    0x20000060   Section     8192  startup_ctboard.o(STACK)
    __initial_sp                             0x20002060   Data           0  startup_ctboard.o(STACK)

    Global Symbols

    Symbol Name                              Value     Ov Type        Size  Object(Section)

    BuildAttributes$$THM_ISAv3M$S$PE$A:L22$X:L11$S22$IEEE1$IW$~IW$USESV6$~STKCKD$USESV7$WCHAR32$ENUMINT$~SHL$OTIME$ROPI$IEEEJ$EBA8$UX$STANDARDLIB$REQ8$PRES8$EABIv2 0x00000000   Number         0  anon$$obj.o ABSOLUTE
    _printf_flags                            0x00000000   Number         0  printf_stubs.o ABSOLUTE
    _printf_return_value                     0x00000000   Number         0  printf_stubs.o ABSOLUTE
    _printf_sizespec                         0x00000000   Number         0  printf_stubs.o ABSOLUTE
    _printf_widthprec                        0x00000000   Number         0  printf_stubs.o ABSOLUTE
    __ARM_exceptions_init                     - Undefined Weak Reference
    __alloca_initialize                       - Undefined Weak Reference
    __arm_preinit_                            - Undefined Weak Reference
    __arm_relocate_pie_                       - Undefined Weak Reference
    __cpp_initialize__aeabi_                  - Undefined Weak Reference
    __cxa_finalize                            - Undefined Weak Reference
    __sigvec_lookup                           - Undefined Weak Reference
    _atexit_init                              - Undefined Weak Reference
    _call_atexit_fns                          - Undefined Weak Reference
    _clock_init                               - Undefined Weak Reference
    _fp_trap_init                             - Undefined Weak Reference
    _fp_trap_shutdown                         - Undefined Weak Reference
    _get_lc_collate                           - Undefined Weak Reference
    _get_lc_monetary                          - Undefined Weak Reference
    _get_lc_time                              - Undefined Weak Reference
    _getenv_init                              - Undefined Weak Reference
    _handle_redirection                       - Undefined Weak Reference
    _init_alloc                               - Undefined Weak Reference
    _init_user_alloc                          - Undefined Weak Reference
    _initio                                   - Undefined Weak Reference
    _printf_mbtowc                            - Undefined Weak Reference
    _printf_wc                                - Undefined Weak Reference
    _rand_init                                - Undefined Weak Reference
    _signal_finish                            - Undefined Weak Reference
    _signal_init                              - Undefined Weak Reference
    _terminate_alloc                          - Undefined Weak Reference
    _terminate_user_alloc                     - Undefined Weak Reference
    _terminateio                              - Undefined Weak Reference
    __Vectors_Size                           0x000001ac   Number         0  startup_ctboard.o ABSOLUTE
    Stack_Size                               0x00002000   Number         0  startup_ctboard.o ABSOLUTE
    __Vectors                                0x08000000   Data           4  startup_ctboard.o(RESET)
    __Vectors_End                            0x080001ac   Data           0  startup_ctboard.o(RESET)
    __scatterload                            0x080001ad   Thumb Code     0  __scatter.o(!!!scatter)
    __scatterload_rt2                        0x080001ad   Thumb Code    52  __scatter.o(!!!scatter)
    __scatterload_rt2_thumb_only             0x080001ad   Thumb Code     0  __scatter.o(!!!scatter)
    __scatterload_null                       0x080001bd   Thumb Code     0  __scatter.o(!!!scatter)
    __scatterload_copy                       0x080001e9   Thumb Code    26  __scatter_copy.o(!!handler_copy)
    __scatterload_zeroinit                   0x08000205   Thumb Code    28  __scatter_zi.o(!!handler_zi)
    _printf_percent                          0x08000221   Thumb Code     0  _printf_percent.o(.ARM.Collect$$_printf_percent$$00000000)
    _printf_n                                0x08000223   Thumb Code     0  _printf_n.o(.ARM.Collect$$_printf_percent$$00000001)
    _printf_p                                0x0800022d   Thumb Code     0  _printf_p.o(.ARM.Collect$$_printf_percent$$00000002)
    _printf_f                                0x08000237   Thumb Code     0  _printf_f.o(.ARM.Collect$$_printf_percent$$00000003)
    _printf_e                                0x08000241   Thumb Code     0  _printf_e.o(.ARM.Collect$$_printf_percent$$00000004)
    _printf_g                                0x0800024b   Thumb Code     0  _printf_g.o(.ARM.Collect$$_printf_percent$$00000005)
    _printf_a                                0x08000255   Thumb Code     0  _printf_a.o(.ARM.Collect$$_printf_percent$$00000006)
    _printf_ll                               0x0800025f   Thumb Code     0  _printf_ll.o(.ARM.Collect$$_printf_percent$$00000007)
    _printf_i                                0x08000269   Thumb Code     0  _printf_i.o(.ARM.Collect$$_printf_percent$$00000008)
    _printf_d                                0x08000273   Thumb Code     0  _printf_d.o(.ARM.Collect$$_printf_percent$$00000009)
    _printf_u                                0x0800027d   Thumb Code     0  _printf_u.o(.ARM.Collect$$_printf_percent$$0000000A)
    _printf_o                                0x08000287   Thumb Code     0  _printf_o.o(.ARM.Collect$$_printf_percent$$0000000B)
    _printf_x                                0x08000291   Thumb Code     0  _printf_x.o(.ARM.Collect$$_printf_percent$$0000000C)
    _printf_lli                              0x0800029b   Thumb Code     0  _printf_lli.o(.ARM.Collect$$_printf_percent$$0000000D)
    _printf_lld                              0x080002a5   Thumb Code     0  _printf_lld.o(.ARM.Collect$$_printf_percent$$0000000E)
    _printf_llu                              0x080002af   Thumb Code     0  _printf_llu.o(.ARM.Collect$$_printf_percent$$0000000F)
    _printf_llo                              0x080002b9   Thumb Code     0  _printf_llo.o(.ARM.Collect$$_printf_percent$$00000010)
    _printf_llx                              0x080002c3   Thumb Code     0  _printf_llx.o(.ARM.Collect$$_printf_percent$$00000011)
    _printf_l                                0x080002cd   Thumb Code     0  _printf_l.o(.ARM.Collect$$_printf_percent$$00000012)
    _printf_c                                0x080002d7   Thumb Code     0  _printf_c.o(.ARM.Collect$$_printf_percent$$00000013)
    _printf_s                                0x080002e1   Thumb Code     0  _printf_s.o(.ARM.Collect$$_printf_percent$$00000014)
    _printf_lc                               0x080002eb   Thumb Code     0  _printf_lc.o(.ARM.Collect$$_printf_percent$$00000015)
    _printf_ls                               0x080002f5   Thumb Code     0  _printf_ls.o(.ARM.Collect$$_printf_percent$$00000016)
    _printf_percent_end                      0x080002ff   Thumb Code     0  _printf_percent_end.o(.ARM.Collect$$_printf_percent$$00000017)
    __rt_lib_init                            0x08000303   Thumb Code     0  libinit.o(.ARM.Collect$$libinit$$00000000)
    __rt_lib_init_fp_1                       0x08000305   Thumb Code     0  libinit2.o(.ARM.Collect$$libinit$$00000002)
    __rt_lib_init_heap_1                     0x08000305   Thumb Code     0  libinit2.o(.ARM.Collect$$libinit$$0000000C)
    __rt_lib_init_lc_common                  0x08000305   Thumb Code     0  libinit2.o(.ARM.Collect$$libinit$$00000011)
    __rt_lib_init_preinit_1                  0x08000305   Thumb Code     0  libinit2.o(.ARM.Collect$$libinit$$00000006)
    __rt_lib_init_rand_1                     0x08000305   Thumb Code     0  libinit2.o(.ARM.Collect$$libinit$$00000010)
    __rt_lib_init_relocate_pie_1             0x08000305   Thumb Code     0  libinit2.o(.ARM.Collect$$libinit$$00000004)
    __rt_lib_init_user_alloc_1               0x08000305   Thumb Code     0  libinit2.o(.ARM.Collect$$libinit$$0000000E)
    __rt_lib_init_lc_collate_1               0x0800030b   Thumb Code     0  libinit2.o(.ARM.Collect$$libinit$$00000013)
    __rt_lib_init_lc_ctype_2                 0x0800030b   Thumb Code     0  libinit2.o(.ARM.Collect$$libinit$$00000014)
    __rt_lib_init_lc_ctype_1                 0x08000317   Thumb Code     0  libinit2.o(.ARM.Collect$$libinit$$00000015)
    __rt_lib_init_lc_monetary_1              0x08000317   Thumb Code     0  libinit2.o(.ARM.Collect$$libinit$$00000017)
    __rt_lib_init_lc_numeric_2               0x08000317   Thumb Code     0  libinit2.o(.ARM.Collect$$libinit$$00000018)
    __rt_lib_init_alloca_1                   0x08000321   Thumb Code     0  libinit2.o(.ARM.Collect$$libinit$$00000030)
    __rt_lib_init_argv_1                     0x08000321   Thumb Code     0  libinit2.o(.ARM.Collect$$libinit$$0000002E)
    __rt_lib_init_atexit_1                   0x08000321   Thumb Code     0  libinit2.o(.ARM.Collect$$libinit$$0000001D)
    __rt_lib_init_clock_1                    0x08000321   Thumb Code     0  libinit2.o(.ARM.Collect$$libinit$$00000023)
    __rt_lib_init_cpp_1                      0x08000321   Thumb Code     0  libinit2.o(.ARM.Collect$$libinit$$00000034)
    __rt_lib_init_exceptions_1               0x08000321   Thumb Code     0  libinit2.o(.ARM.Collect$$libinit$$00000032)
    __rt_lib_init_fp_trap_1                  0x08000321   Thumb Code     0  libinit2.o(.ARM.Collect$$libinit$$00000021)
    __rt_lib_init_getenv_1                   0x08000321   Thumb Code     0  libinit2.o(.ARM.Collect$$libinit$$00000025)
    __rt_lib_init_lc_numeric_1               0x08000321   Thumb Code     0  libinit2.o(.ARM.Collect$$libinit$$00000019)
    __rt_lib_init_lc_time_1                  0x08000321   Thumb Code     0  libinit2.o(.ARM.Collect$$libinit$$0000001B)
    __rt_lib_init_return                     0x08000321   Thumb Code     0  libinit2.o(.ARM.Collect$$libinit$$00000035)
    __rt_lib_init_signal_1                   0x08000321   Thumb Code     0  libinit2.o(.ARM.Collect$$libinit$$0000001F)
    __rt_lib_init_stdio_1                    0x08000321   Thumb Code     0  libinit2.o(.ARM.Collect$$libinit$$00000027)
    __rt_lib_shutdown                        0x08000323   Thumb Code     0  libshutdown.o(.ARM.Collect$$libshutdown$$00000000)
    __rt_lib_shutdown_cpp_1                  0x08000325   Thumb Code     0  libshutdown2.o(.ARM.Collect$$libshutdown$$00000002)
    __rt_lib_shutdown_fp_trap_1              0x08000325   Thumb Code     0  libshutdown2.o(.ARM.Collect$$libshutdown$$00000007)
    __rt_lib_shutdown_heap_1                 0x08000325   Thumb Code     0  libshutdown2.o(.ARM.Collect$$libshutdown$$0000000F)
    __rt_lib_shutdown_return                 0x08000325   Thumb Code     0  libshutdown2.o(.ARM.Collect$$libshutdown$$00000010)
    __rt_lib_shutdown_signal_1               0x08000325   Thumb Code     0  libshutdown2.o(.ARM.Collect$$libshutdown$$0000000A)
    __rt_lib_shutdown_stdio_1                0x08000325   Thumb Code     0  libshutdown2.o(.ARM.Collect$$libshutdown$$00000004)
    __rt_lib_shutdown_user_alloc_1           0x08000325   Thumb Code     0  libshutdown2.o(.ARM.Collect$$libshutdown$$0000000C)
    __rt_entry                               0x08000327   Thumb Code     0  __rtentry.o(.ARM.Collect$$rtentry$$00000000)
    __rt_entry_presh_1                       0x08000327   Thumb Code     0  __rtentry2.o(.ARM.Collect$$rtentry$$00000002)
    __rt_entry_sh                            0x08000327   Thumb Code     0  __rtentry4.o(.ARM.Collect$$rtentry$$00000004)
    __rt_entry_li                            0x0800032d   Thumb Code     0  __rtentry2.o(.ARM.Collect$$rtentry$$0000000A)
    __rt_entry_postsh_1                      0x0800032d   Thumb Code     0  __rtentry2.o(.ARM.Collect$$rtentry$$00000009)
    __rt_entry_main                          0x08000331   Thumb Code     0  __rtentry2.o(.ARM.Collect$$rtentry$$0000000D)
    __rt_entry_postli_1                      0x08000331   Thumb Code     0  __rtentry2.o(.ARM.Collect$$rtentry$$0000000C)
    __rt_exit                                0x08000339   Thumb Code     0  rtexit.o(.ARM.Collect$$rtexit$$00000000)
    __rt_exit_ls                             0x0800033b   Thumb Code     0  rtexit2.o(.ARM.Collect$$rtexit$$00000003)
    __rt_exit_prels_1                        0x0800033b   Thumb Code     0  rtexit2.o(.ARM.Collect$$rtexit$$00000002)
    __rt_exit_exit                           0x0800033f   Thumb Code     0  rtexit2.o(.ARM.Collect$$rtexit$$00000004)
    __main                                   0x08000345   Thumb Code     8  datainit_ctboard.o(.text)
    __user_setup_stackheap                   0x0800034d   Thumb Code    16  datainit_ctboard.o(.text)
    Reset_Handler                            0x0800036d   Thumb Code     8  startup_ctboard.o(.text)
    NMI_Handler                              0x08000375   Thumb Code     2  startup_ctboard.o(.text)
    HardFault_Handler                        0x08000377   Thumb Code     2  startup_ctboard.o(.text)
    MemManage_Handler                        0x08000379   Thumb Code     2  startup_ctboard.o(.text)
    BusFault_Handler                         0x0800037b   Thumb Code     2  startup_ctboard.o(.text)
    UsageFault_Handler                       0x0800037d   Thumb Code     2  startup_ctboard.o(.text)
    SVC_Handler                              0x0800037f   Thumb Code     2  startup_ctboard.o(.text)
    DebugMon_Handler                         0x08000381   Thumb Code     2  startup_ctboard.o(.text)
    PendSV_Handler                           0x08000383   Thumb Code     2  startup_ctboard.o(.text)
    SysTick_Handler                          0x08000385   Thumb Code     2  startup_ctboard.o(.text)
    ADC_IRQHandler                           0x08000387   Thumb Code     0  startup_ctboard.o(.text)
    CAN1_RX0_IRQHandler                      0x08000387   Thumb Code     0  startup_ctboard.o(.text)
    CAN1_RX1_IRQHandler                      0x08000387   Thumb Code     0  startup_ctboard.o(.text)
    CAN1_SCE_IRQHandler                      0x08000387   Thumb Code     0  startup_ctboard.o(.text)
    CAN1_TX_IRQHandler                       0x08000387   Thumb Code     0  startup_ctboard.o(.text)
    CAN2_RX0_IRQHandler                      0x08000387   Thumb Code     0  startup_ctboard.o(.text)
    CAN2_RX1_IRQHandler                      0x08000387   Thumb Code     0  startup_ctboard.o(.text)
    CAN2_SCE_IRQHandler                      0x08000387   Thumb Code     0  startup_ctboard.o(.text)
    CAN2_TX_IRQHandler                       0x08000387   Thumb Code     0  startup_ctboard.o(.text)
    CRYP_IRQHandler                          0x08000387   Thumb Code     0  startup_ctboard.o(.text)
    DCMI_IRQHandler                          0x08000387   Thumb Code     0  startup_ctboard.o(.text)
    DMA1_Stream0_IRQHandler                  0x08000387   Thumb Code     0  startup_ctboard.o(.text)
    DMA1_Stream1_IRQHandler                  0x08000387   Thumb Code     0  startup_ctboard.o(.text)
    DMA1_Stream2_IRQHandler                  0x08000387   Thumb Code     0  startup_ctboard.o(.text)
    DMA1_Stream3_IRQHandler                  0x08000387   Thumb Code     0  startup_ctboard.o(.text)
    DMA1_Stream4_IRQHandler                  0x08000387   Thumb Code     0  startup_ctboard.o(.text)
    DMA1_Stream5_IRQHandler                  0x08000387   Thumb Code     0  startup_ctboard.o(.text)
    DMA1_Stream6_IRQHandler                  0x08000387   Thumb Code     0  startup_ctboard.o(.text)
    DMA1_Stream7_IRQHandler                  0x08000387   Thumb Code     0  startup_ctboard.o(.text)
    DMA2D_IRQHandler                         0x08000387   Thumb Code     0  startup_ctboard.o(.text)
    DMA2_Stream0_IRQHandler                  0x08000387   Thumb Code     0  startup_ctboard.o(.text)
    DMA2_Stream1_IRQHandler                  0x08000387   Thumb Code     0  startup_ctboard.o(.text)
    DMA2_Stream2_IRQHandler                  0x08000387   Thumb Code     0  startup_ctboard.o(.text)
    DMA2_Stream3_IRQHandler                  0x08000387   Thumb Code     0  startup_ctboard.o(.text)
    DMA2_Stream4_IRQHandler                  0x08000387   Thumb Code     0  startup_ctboard.o(.text)
    DMA2_Stream5_IRQHandler                  0x08000387   Thumb Code     0  startup_ctboard.o(.text)
    DMA2_Stream6_IRQHandler                  0x08000387   Thumb Code     0  startup_ctboard.o(.text)
    DMA2_Stream7_IRQHandler                  0x08000387   Thumb Code     0  startup_ctboard.o(.text)
    ETH_IRQHandler                           0x08000387   Thumb Code     0  startup_ctboard.o(.text)
    ETH_WKUP_IRQHandler                      0x08000387   Thumb Code     0  startup_ctboard.o(.text)
    EXTI0_IRQHandler                         0x08000387   Thumb Code     0  startup_ctboard.o(.text)
    EXTI15_10_IRQHandler                     0x08000387   Thumb Code     0  startup_ctboard.o(.text)
    EXTI1_IRQHandler                         0x08000387   Thumb Code     0  startup_ctboard.o(.text)
    EXTI2_IRQHandler                         0x08000387   Thumb Code     0  startup_ctboard.o(.text)
    EXTI3_IRQHandler                         0x08000387   Thumb Code     0  startup_ctboard.o(.text)
    EXTI4_IRQHandler                         0x08000387   Thumb Code     0  startup_ctboard.o(.text)
    EXTI9_5_IRQHandler                       0x08000387   Thumb Code     0  startup_ctboard.o(.text)
    FLASH_IRQHandler                         0x08000387   Thumb Code     0  startup_ctboard.o(.text)
    FMC_IRQHandler                           0x08000387   Thumb Code     0  startup_ctboard.o(.text)
    FPU_IRQHandler                           0x08000387   Thumb Code     0  startup_ctboard.o(.text)
    HASH_RNG_IRQHandler                      0x08000387   Thumb Code     0  startup_ctboard.o(.text)
    I2C1_ER_IRQHandler                       0x08000387   Thumb Code     0  startup_ctboard.o(.text)
    I2C1_EV_IRQHandler                       0x08000387   Thumb Code     0  startup_ctboard.o(.text)
    I2C2_ER_IRQHandler                       0x08000387   Thumb Code     0  startup_ctboard.o(.text)
    I2C2_EV_IRQHandler                       0x08000387   Thumb Code     0  startup_ctboard.o(.text)
    I2C3_ER_IRQHandler                       0x08000387   Thumb Code     0  startup_ctboard.o(.text)
    I2C3_EV_IRQHandler                       0x08000387   Thumb Code     0  startup_ctboard.o(.text)
    LTDC_ER_IRQHandler                       0x08000387   Thumb Code     0  startup_ctboard.o(.text)
    LTDC_IRQHandler                          0x08000387   Thumb Code     0  startup_ctboard.o(.text)
    OTG_FS_IRQHandler                        0x08000387   Thumb Code     0  startup_ctboard.o(.text)
    OTG_FS_WKUP_IRQHandler                   0x08000387   Thumb Code     0  startup_ctboard.o(.text)
    OTG_HS_EP1_IN_IRQHandler                 0x08000387   Thumb Code     0  startup_ctboard.o(.text)
    OTG_HS_EP1_OUT_IRQHandler                0x08000387   Thumb Code     0  startup_ctboard.o(.text)
    OTG_HS_IRQHandler                        0x08000387   Thumb Code     0  startup_ctboard.o(.text)
    OTG_HS_WKUP_IRQHandler                   0x08000387   Thumb Code     0  startup_ctboard.o(.text)
    PVD_IRQHandler                           0x08000387   Thumb Code     0  startup_ctboard.o(.text)
    RCC_IRQHandler                           0x08000387   Thumb Code     0  startup_ctboard.o(.text)
    RTC_Alarm_IRQHandler                     0x08000387   Thumb Code     0  startup_ctboard.o(.text)
    RTC_WKUP_IRQHandler                      0x08000387   Thumb Code     0  startup_ctboard.o(.text)
    SAI1_IRQHandler                          0x08000387   Thumb Code     0  startup_ctboard.o(.text)
    SDIO_IRQHandler                          0x08000387   Thumb Code     0  startup_ctboard.o(.text)
    SPI1_IRQHandler                          0x08000387   Thumb Code     0  startup_ctboard.o(.text)
    SPI2_IRQHandler                          0x08000387   Thumb Code     0  startup_ctboard.o(.text)
    SPI3_IRQHandler                          0x08000387   Thumb Code     0  startup_ctboard.o(.text)
    SPI4_IRQHandler                          0x08000387   Thumb Code     0  startup_ctboard.o(.text)
    SPI5_IRQHandler                          0x08000387   Thumb Code     0  startup_ctboard.o(.text)
    SPI6_IRQHandler                          0x08000387   Thumb Code     0  startup_ctboard.o(.text)
    TAMP_STAMP_IRQHandler                    0x08000387   Thumb Code     0  startup_ctboard.o(.text)
    TIM1_BRK_TIM9_IRQHandler                 0x08000387   Thumb Code     0  startup_ctboard.o(.text)
    TIM1_CC_IRQHandler                       0x08000387   Thumb Code     0  startup_ctboard.o(.text)
    TIM1_TRG_COM_TIM11_IRQHandler            0x08000387   Thumb Code     0  startup_ctboard.o(.text)
    TIM1_UP_TIM10_IRQHandler                 0x08000387   Thumb Code     0  startup_ctboard.o(.text)
    TIM2_IRQHandler                          0x08000387   Thumb Code     0  startup_ctboard.o(.text)
    TIM5_IRQHandler                          0x08000387   Thumb Code     0  startup_ctboard.o(.text)
    TIM6_DAC_IRQHandler                      0x08000387   Thumb Code     0  startup_ctboard.o(.text)
    TIM7_IRQHandler                          0x08000387   Thumb Code     0  startup_ctboard.o(.text)
    TIM8_BRK_TIM12_IRQHandler                0x08000387   Thumb Code     0  startup_ctboard.o(.text)
    TIM8_CC_IRQHandler                       0x08000387   Thumb Code     0  startup_ctboard.o(.text)
    TIM8_TRG_COM_TIM14_IRQHandler            0x08000387   Thumb Code     0  startup_ctboard.o(.text)
    TIM8_UP_TIM13_IRQHandler                 0x08000387   Thumb Code     0  startup_ctboard.o(.text)
    UART4_IRQHandler                         0x08000387   Thumb Code     0  startup_ctboard.o(.text)
    UART5_IRQHandler                         0x08000387   Thumb Code     0  startup_ctboard.o(.text)
    UART7_IRQHandler                         0x08000387   Thumb Code     0  startup_ctboard.o(.text)
    UART8_IRQHandler                         0x08000387   Thumb Code     0  startup_ctboard.o(.text)
    USART1_IRQHandler                        0x08000387   Thumb Code     0  startup_ctboard.o(.text)
    USART2_IRQHandler                        0x08000387   Thumb Code     0  startup_ctboard.o(.text)
    USART3_IRQHandler                        0x08000387   Thumb Code     0  startup_ctboard.o(.text)
    USART6_IRQHandler                        0x08000387   Thumb Code     0  startup_ctboard.o(.text)
    WWDG_IRQHandler                          0x08000387   Thumb Code     0  startup_ctboard.o(.text)
    snprintf                                 0x08000391   Thumb Code    60  snprintf.o(.text)
    __aeabi_uidiv                            0x080003d1   Thumb Code     0  aeabi_sdiv.o(.text)
    __aeabi_uidivmod                         0x080003d1   Thumb Code    20  aeabi_sdiv.o(.text)
    __aeabi_idiv                             0x080003e5   Thumb Code     0  aeabi_sdiv.o(.text)
    __aeabi_idivmod                          0x080003e5   Thumb Code   338  aeabi_sdiv.o(.text)
    _printf_pre_padding                      0x0800053d   Thumb Code    44  _printf_pad.o(.text)
    _printf_post_padding                     0x08000569   Thumb Code    34  _printf_pad.o(.text)
    _printf_truncate_signed                  0x0800058b   Thumb Code    18  _printf_truncate.o(.text)
    _printf_truncate_unsigned                0x0800059d   Thumb Code    18  _printf_truncate.o(.text)
    _printf_str                              0x080005af   Thumb Code    82  _printf_str.o(.text)
    _printf_int_dec                          0x08000601   Thumb Code    90  _printf_dec.o(.text)
    _printf_charcount                        0x0800066d   Thumb Code    38  _printf_charcount.o(.text)
    _printf_char_common                      0x0800069f   Thumb Code    32  _printf_char_common.o(.text)
    _snputc                                  0x080006c5   Thumb Code    16  _snputc.o(.text)
    _printf_wctomb                           0x080006d5   Thumb Code   182  _printf_wctomb.o(.text)
    _printf_longlong_dec                     0x08000791   Thumb Code    94  _printf_longlong_dec.o(.text)
    _printf_longlong_oct                     0x08000801   Thumb Code    68  _printf_oct_int_ll.o(.text)
    _printf_int_oct                          0x08000845   Thumb Code    24  _printf_oct_int_ll.o(.text)
    _printf_ll_oct                           0x0800085d   Thumb Code    10  _printf_oct_int_ll.o(.text)
    _printf_longlong_hex                     0x08000871   Thumb Code    88  _printf_hex_int_ll_ptr.o(.text)
    _printf_int_hex                          0x080008c9   Thumb Code    28  _printf_hex_int_ll_ptr.o(.text)
    _printf_ll_hex                           0x080008e5   Thumb Code    10  _printf_hex_int_ll_ptr.o(.text)
    _printf_hex_ptr                          0x080008ef   Thumb Code    22  _printf_hex_int_ll_ptr.o(.text)
    __printf                                 0x08000909   Thumb Code   386  __printf_flags_ss_wp.o(.text)
    _ll_udiv10                               0x08000a91   Thumb Code   122  lludiv10.o(.text)
    _printf_int_common                       0x08000b0b   Thumb Code   176  _printf_intcommon.o(.text)
    _printf_fp_dec_real                      0x08000d59   Thumb Code   620  _printf_fp_dec.o(.text)
    _printf_fp_hex_real                      0x08000fd1   Thumb Code   718  _printf_fp_hex.o(.text)
    _printf_cs_common                        0x080012a9   Thumb Code    22  _printf_char.o(.text)
    _printf_char                             0x080012bf   Thumb Code    16  _printf_char.o(.text)
    _printf_string                           0x080012cf   Thumb Code     8  _printf_char.o(.text)
    _printf_lcs_common                       0x080012d7   Thumb Code    22  _printf_wchar.o(.text)
    _printf_wchar                            0x080012ed   Thumb Code    16  _printf_wchar.o(.text)
    _printf_wstring                          0x080012fd   Thumb Code     8  _printf_wchar.o(.text)
    _c32rtomb                                0x08001305   Thumb Code    66  _c32rtomb.o(.text)
    _wcrtomb                                 0x08001305   Thumb Code     0  _c32rtomb.o(.text)
    __rt_udiv10                              0x08001347   Thumb Code    40  rtudiv10.o(.text)
    __rt_ctype_table                         0x08001371   Thumb Code    16  rt_ctype_table.o(.text)
    __rt_locale                              0x08001381   Thumb Code     8  rt_locale.o(.text)
    _printf_fp_infnan                        0x08001389   Thumb Code   120  _printf_fp_infnan.o(.text)
    _btod_etento                             0x08001411   Thumb Code   210  bigflt0.o(.text)
    _btod_d2e                                0x080014e9   Thumb Code    64  btod.o(.text)
    _btod_emul                               0x0800191d   Thumb Code    28  btod.o(.text)
    _btod_emuld                              0x08001939   Thumb Code   144  btod.o(.text)
    _btod_ediv                               0x080019c9   Thumb Code    26  btod.o(.text)
    _btod_edivd                              0x080019e3   Thumb Code   124  btod.o(.text)
    exit                                     0x08001a69   Thumb Code    16  exit.o(.text)
    strcmp                                   0x08001a79   Thumb Code   132  strcmp.o(.text)
    _sys_exit                                0x08001b01   Thumb Code     8  sys_exit.o(.text)
    __I$use$semihosting                      0x08001b0d   Thumb Code     0  use_no_semi.o(.text)
    __use_no_semihosting_swi                 0x08001b0d   Thumb Code     2  use_no_semi.o(.text)
    __semihosting_library_function           0x08001b0f   Thumb Code     0  indicate_semi.o(.text)
    TIM3_IRQHandler                          0x08001b11   Thumb Code   468  action_handler.o(.text.TIM3_IRQHandler)
    TIM4_IRQHandler                          0x08001d19   Thumb Code    48  timer.o(.text.TIM4_IRQHandler)
    __system                                 0x08001d51   Thumb Code     8  system_ctboard.o(.text.__system)
    action_handler_init                      0x08001d59   Thumb Code    72  action_handler.o(.text.action_handler_init)
    ah_door                                  0x08001da9   Thumb Code   200  action_handler.o(.text.ah_door)
    ah_motor                                 0x08001e81   Thumb Code   100  action_handler.o(.text.ah_motor)
    ah_show_exception                        0x08001ef5   Thumb Code   128  action_handler.o(.text.ah_show_exception)
    ah_show_state                            0x08001f85   Thumb Code    28  action_handler.o(.text.ah_show_state)
    ah_signal                                0x08001fa5   Thumb Code    16  action_handler.o(.text.ah_signal)
    eh_get_event                             0x0800210d   Thumb Code   396  event_handler.o(.text.eh_get_event)
    fsm_handle_event                         0x080022c5   Thumb Code   432  state_machine.o(.text.fsm_handle_event)
    fsm_init                                 0x08002491   Thumb Code    28  state_machine.o(.text.fsm_init)
    hal_ct_lcd_write                         0x080026fd   Thumb Code    88  hal_ct_lcd.o(.text.hal_ct_lcd_write)
    hal_fmc_init_sram                        0x08002759   Thumb Code   556  hal_fmc.o(.text.hal_fmc_init_sram)
    hal_gpio_init_alternate                  0x080029a1   Thumb Code   186  hal_gpio.o(.text.hal_gpio_init_alternate)
    hal_gpio_init_output                     0x08002a5b   Thumb Code   206  hal_gpio.o(.text.hal_gpio_init_output)
    hal_pwr_set_overdrive                    0x08002b29   Thumb Code    10  hal_pwr.o(.text.hal_pwr_set_overdrive)
    hal_rcc_reset                            0x08002b35   Thumb Code   148  hal_rcc.o(.text.hal_rcc_reset)
    hal_rcc_set_osc                          0x08002c39   Thumb Code   240  hal_rcc.o(.text.hal_rcc_set_osc)
    hal_rcc_setup_clock                      0x08002d31   Thumb Code   148  hal_rcc.o(.text.hal_rcc_setup_clock)
    hal_rcc_setup_pll                        0x08002dcd   Thumb Code   312  hal_rcc.o(.text.hal_rcc_setup_pll)
    hal_timer_init_base                      0x08002f1d   Thumb Code   148  hal_timer.o(.text.hal_timer_init_base)
    hal_timer_irq_clear                      0x08002fb5   Thumb Code    20  hal_timer.o(.text.hal_timer_irq_clear)
    hal_timer_irq_set                        0x08002fc9   Thumb Code   140  hal_timer.o(.text.hal_timer_irq_set)
    hal_timer_irq_status                     0x08003065   Thumb Code    58  hal_timer.o(.text.hal_timer_irq_status)
    hal_timer_start                          0x0800309f   Thumb Code    18  hal_timer.o(.text.hal_timer_start)
    main                                     0x08003349   Thumb Code    42  main.o(.text.main)
    system_enter_run                         0x08003373   Thumb Code    20  system_ctboard.o(.text.system_enter_run)
    timer_init                               0x08003389   Thumb Code    72  timer.o(.text.timer_init)
    timer_read                               0x080033dd   Thumb Code     8  timer.o(.text.timer_read)
    timer_start                              0x080033e5   Thumb Code    16  timer.o(.text.timer_start)
    timer_stop                               0x080033f5   Thumb Code     8  timer.o(.text.timer_stop)
    __ARM_common_ll_muluu                    0x08003401   Thumb Code    48  btod.o(i.__ARM_common_ll_muluu)
    __ARM_fpclassify                         0x08003431   Thumb Code    40  fpclassify.o(i.__ARM_fpclassify)
    _is_digit                                0x0800345d   Thumb Code    14  __printf_wp.o(i._is_digit)
    _get_lc_numeric                          0x0800346d   Thumb Code    44  lc_numeric_c.o(locale$$code)
    _get_lc_ctype                            0x08003499   Thumb Code    44  lc_ctype_c.o(locale$$code)
    _printf_fp_dec                           0x080034c5   Thumb Code    16  printf1.o(x$fpl$printf1)
    _printf_fp_hex                           0x080034d5   Thumb Code    16  printf2.o(x$fpl$printf2)
    __I$use$fp                               0x080034e4   Number         0  usenofp.o(x$fpl$usenofp)
    Region$$Table$$Base                      0x080036f4   Number         0  anon$$obj.o(Region$$Table)
    Region$$Table$$Limit                     0x08003714   Number         0  anon$$obj.o(Region$$Table)
    __ctype                                  0x0800373d   Data           0  lc_ctype_c.o(locale$$data)
    flag_F0_Reached                          0x20000050   Data           1  event_handler.o(.bss.flag_F0_Reached)
    flag_F1_Reached                          0x20000051   Data           1  event_handler.o(.bss.flag_F1_Reached)
    Stack_Mem                                0x20000060   Data        8192  startup_ctboard.o(STACK)



==============================================================================

Memory Map of the image

  Image Entry point : 0x0800036d

  Load Region LR_1 (Base: 0x08000000, Size: 0x0000385c, Max: 0xffffffff, ABSOLUTE)

    Execution Region ER_RO (Exec base: 0x08000000, Load base: 0x08000000, Size: 0x00003840, Max: 0xffffffff, ABSOLUTE)

    Exec Addr    Load Addr    Size         Type   Attr      Idx    E Section Name        Object

    0x08000000   0x08000000   0x000001ac   Data   RO          105    RESET               startup_ctboard.o
    0x080001ac   0x080001ac   0x0000003c   Code   RO          297    !!!scatter          c_pu.l(__scatter.o)
    0x080001e8   0x080001e8   0x0000001a   Code   RO          626    !!handler_copy      c_pu.l(__scatter_copy.o)
    0x08000202   0x08000202   0x00000002   PAD
    0x08000204   0x08000204   0x0000001c   Code   RO          628    !!handler_zi        c_pu.l(__scatter_zi.o)
    0x08000220   0x08000220   0x00000002   Code   RO          385    .ARM.Collect$$_printf_percent$$00000000  c_pu.l(_printf_percent.o)
    0x08000222   0x08000222   0x0000000a   Code   RO          374    .ARM.Collect$$_printf_percent$$00000001  c_pu.l(_printf_n.o)
    0x0800022c   0x0800022c   0x0000000a   Code   RO          376    .ARM.Collect$$_printf_percent$$00000002  c_pu.l(_printf_p.o)
    0x08000236   0x08000236   0x0000000a   Code   RO          381    .ARM.Collect$$_printf_percent$$00000003  c_pu.l(_printf_f.o)
    0x08000240   0x08000240   0x0000000a   Code   RO          382    .ARM.Collect$$_printf_percent$$00000004  c_pu.l(_printf_e.o)
    0x0800024a   0x0800024a   0x0000000a   Code   RO          383    .ARM.Collect$$_printf_percent$$00000005  c_pu.l(_printf_g.o)
    0x08000254   0x08000254   0x0000000a   Code   RO          384    .ARM.Collect$$_printf_percent$$00000006  c_pu.l(_printf_a.o)
    0x0800025e   0x0800025e   0x0000000a   Code   RO          389    .ARM.Collect$$_printf_percent$$00000007  c_pu.l(_printf_ll.o)
    0x08000268   0x08000268   0x0000000a   Code   RO          378    .ARM.Collect$$_printf_percent$$00000008  c_pu.l(_printf_i.o)
    0x08000272   0x08000272   0x0000000a   Code   RO          379    .ARM.Collect$$_printf_percent$$00000009  c_pu.l(_printf_d.o)
    0x0800027c   0x0800027c   0x0000000a   Code   RO          380    .ARM.Collect$$_printf_percent$$0000000A  c_pu.l(_printf_u.o)
    0x08000286   0x08000286   0x0000000a   Code   RO          377    .ARM.Collect$$_printf_percent$$0000000B  c_pu.l(_printf_o.o)
    0x08000290   0x08000290   0x0000000a   Code   RO          375    .ARM.Collect$$_printf_percent$$0000000C  c_pu.l(_printf_x.o)
    0x0800029a   0x0800029a   0x0000000a   Code   RO          386    .ARM.Collect$$_printf_percent$$0000000D  c_pu.l(_printf_lli.o)
    0x080002a4   0x080002a4   0x0000000a   Code   RO          387    .ARM.Collect$$_printf_percent$$0000000E  c_pu.l(_printf_lld.o)
    0x080002ae   0x080002ae   0x0000000a   Code   RO          388    .ARM.Collect$$_printf_percent$$0000000F  c_pu.l(_printf_llu.o)
    0x080002b8   0x080002b8   0x0000000a   Code   RO          393    .ARM.Collect$$_printf_percent$$00000010  c_pu.l(_printf_llo.o)
    0x080002c2   0x080002c2   0x0000000a   Code   RO          394    .ARM.Collect$$_printf_percent$$00000011  c_pu.l(_printf_llx.o)
    0x080002cc   0x080002cc   0x0000000a   Code   RO          390    .ARM.Collect$$_printf_percent$$00000012  c_pu.l(_printf_l.o)
    0x080002d6   0x080002d6   0x0000000a   Code   RO          372    .ARM.Collect$$_printf_percent$$00000013  c_pu.l(_printf_c.o)
    0x080002e0   0x080002e0   0x0000000a   Code   RO          373    .ARM.Collect$$_printf_percent$$00000014  c_pu.l(_printf_s.o)
    0x080002ea   0x080002ea   0x0000000a   Code   RO          391    .ARM.Collect$$_printf_percent$$00000015  c_pu.l(_printf_lc.o)
    0x080002f4   0x080002f4   0x0000000a   Code   RO          392    .ARM.Collect$$_printf_percent$$00000016  c_pu.l(_printf_ls.o)
    0x080002fe   0x080002fe   0x00000004   Code   RO          437    .ARM.Collect$$_printf_percent$$00000017  c_pu.l(_printf_percent_end.o)
    0x08000302   0x08000302   0x00000002   Code   RO          474    .ARM.Collect$$libinit$$00000000  c_pu.l(libinit.o)
    0x08000304   0x08000304   0x00000000   Code   RO          499    .ARM.Collect$$libinit$$00000002  c_pu.l(libinit2.o)
    0x08000304   0x08000304   0x00000000   Code   RO          501    .ARM.Collect$$libinit$$00000004  c_pu.l(libinit2.o)
    0x08000304   0x08000304   0x00000000   Code   RO          503    .ARM.Collect$$libinit$$00000006  c_pu.l(libinit2.o)
    0x08000304   0x08000304   0x00000000   Code   RO          506    .ARM.Collect$$libinit$$0000000C  c_pu.l(libinit2.o)
    0x08000304   0x08000304   0x00000000   Code   RO          508    .ARM.Collect$$libinit$$0000000E  c_pu.l(libinit2.o)
    0x08000304   0x08000304   0x00000000   Code   RO          510    .ARM.Collect$$libinit$$00000010  c_pu.l(libinit2.o)
    0x08000304   0x08000304   0x00000006   Code   RO          511    .ARM.Collect$$libinit$$00000011  c_pu.l(libinit2.o)
    0x0800030a   0x0800030a   0x00000000   Code   RO          513    .ARM.Collect$$libinit$$00000013  c_pu.l(libinit2.o)
    0x0800030a   0x0800030a   0x0000000c   Code   RO          514    .ARM.Collect$$libinit$$00000014  c_pu.l(libinit2.o)
    0x08000316   0x08000316   0x00000000   Code   RO          515    .ARM.Collect$$libinit$$00000015  c_pu.l(libinit2.o)
    0x08000316   0x08000316   0x00000000   Code   RO          517    .ARM.Collect$$libinit$$00000017  c_pu.l(libinit2.o)
    0x08000316   0x08000316   0x0000000a   Code   RO          518    .ARM.Collect$$libinit$$00000018  c_pu.l(libinit2.o)
    0x08000320   0x08000320   0x00000000   Code   RO          519    .ARM.Collect$$libinit$$00000019  c_pu.l(libinit2.o)
    0x08000320   0x08000320   0x00000000   Code   RO          521    .ARM.Collect$$libinit$$0000001B  c_pu.l(libinit2.o)
    0x08000320   0x08000320   0x00000000   Code   RO          523    .ARM.Collect$$libinit$$0000001D  c_pu.l(libinit2.o)
    0x08000320   0x08000320   0x00000000   Code   RO          525    .ARM.Collect$$libinit$$0000001F  c_pu.l(libinit2.o)
    0x08000320   0x08000320   0x00000000   Code   RO          527    .ARM.Collect$$libinit$$00000021  c_pu.l(libinit2.o)
    0x08000320   0x08000320   0x00000000   Code   RO          529    .ARM.Collect$$libinit$$00000023  c_pu.l(libinit2.o)
    0x08000320   0x08000320   0x00000000   Code   RO          531    .ARM.Collect$$libinit$$00000025  c_pu.l(libinit2.o)
    0x08000320   0x08000320   0x00000000   Code   RO          533    .ARM.Collect$$libinit$$00000027  c_pu.l(libinit2.o)
    0x08000320   0x08000320   0x00000000   Code   RO          537    .ARM.Collect$$libinit$$0000002E  c_pu.l(libinit2.o)
    0x08000320   0x08000320   0x00000000   Code   RO          539    .ARM.Collect$$libinit$$00000030  c_pu.l(libinit2.o)
    0x08000320   0x08000320   0x00000000   Code   RO          541    .ARM.Collect$$libinit$$00000032  c_pu.l(libinit2.o)
    0x08000320   0x08000320   0x00000000   Code   RO          543    .ARM.Collect$$libinit$$00000034  c_pu.l(libinit2.o)
    0x08000320   0x08000320   0x00000002   Code   RO          544    .ARM.Collect$$libinit$$00000035  c_pu.l(libinit2.o)
    0x08000322   0x08000322   0x00000002   Code   RO          581    .ARM.Collect$$libshutdown$$00000000  c_pu.l(libshutdown.o)
    0x08000324   0x08000324   0x00000000   Code   RO          609    .ARM.Collect$$libshutdown$$00000002  c_pu.l(libshutdown2.o)
    0x08000324   0x08000324   0x00000000   Code   RO          611    .ARM.Collect$$libshutdown$$00000004  c_pu.l(libshutdown2.o)
    0x08000324   0x08000324   0x00000000   Code   RO          614    .ARM.Collect$$libshutdown$$00000007  c_pu.l(libshutdown2.o)
    0x08000324   0x08000324   0x00000000   Code   RO          617    .ARM.Collect$$libshutdown$$0000000A  c_pu.l(libshutdown2.o)
    0x08000324   0x08000324   0x00000000   Code   RO          619    .ARM.Collect$$libshutdown$$0000000C  c_pu.l(libshutdown2.o)
    0x08000324   0x08000324   0x00000000   Code   RO          622    .ARM.Collect$$libshutdown$$0000000F  c_pu.l(libshutdown2.o)
    0x08000324   0x08000324   0x00000002   Code   RO          623    .ARM.Collect$$libshutdown$$00000010  c_pu.l(libshutdown2.o)
    0x08000326   0x08000326   0x00000000   Code   RO          299    .ARM.Collect$$rtentry$$00000000  c_pu.l(__rtentry.o)
    0x08000326   0x08000326   0x00000000   Code   RO          404    .ARM.Collect$$rtentry$$00000002  c_pu.l(__rtentry2.o)
    0x08000326   0x08000326   0x00000006   Code   RO          416    .ARM.Collect$$rtentry$$00000004  c_pu.l(__rtentry4.o)
    0x0800032c   0x0800032c   0x00000000   Code   RO          406    .ARM.Collect$$rtentry$$00000009  c_pu.l(__rtentry2.o)
    0x0800032c   0x0800032c   0x00000004   Code   RO          407    .ARM.Collect$$rtentry$$0000000A  c_pu.l(__rtentry2.o)
    0x08000330   0x08000330   0x00000000   Code   RO          409    .ARM.Collect$$rtentry$$0000000C  c_pu.l(__rtentry2.o)
    0x08000330   0x08000330   0x00000008   Code   RO          410    .ARM.Collect$$rtentry$$0000000D  c_pu.l(__rtentry2.o)
    0x08000338   0x08000338   0x00000002   Code   RO          483    .ARM.Collect$$rtexit$$00000000  c_pu.l(rtexit.o)
    0x0800033a   0x0800033a   0x00000000   Code   RO          550    .ARM.Collect$$rtexit$$00000002  c_pu.l(rtexit2.o)
    0x0800033a   0x0800033a   0x00000004   Code   RO          551    .ARM.Collect$$rtexit$$00000003  c_pu.l(rtexit2.o)
    0x0800033e   0x0800033e   0x00000006   Code   RO          552    .ARM.Collect$$rtexit$$00000004  c_pu.l(rtexit2.o)
    0x08000344   0x08000344   0x00000028   Code   RO           97    .text               datainit_ctboard.o
    0x0800036c   0x0800036c   0x00000024   Code   RO          106  * .text               startup_ctboard.o
    0x08000390   0x08000390   0x00000040   Code   RO          291    .text               c_pu.l(snprintf.o)
    0x080003d0   0x080003d0   0x0000016c   Code   RO          293    .text               c_pu.l(aeabi_sdiv.o)
    0x0800053c   0x0800053c   0x0000004e   Code   RO          306    .text               c_pu.l(_printf_pad.o)
    0x0800058a   0x0800058a   0x00000024   Code   RO          308    .text               c_pu.l(_printf_truncate.o)
    0x080005ae   0x080005ae   0x00000052   Code   RO          310    .text               c_pu.l(_printf_str.o)
    0x08000600   0x08000600   0x0000006c   Code   RO          312    .text               c_pu.l(_printf_dec.o)
    0x0800066c   0x0800066c   0x00000026   Code   RO          314    .text               c_pu.l(_printf_charcount.o)
    0x08000692   0x08000692   0x00000002   PAD
    0x08000694   0x08000694   0x00000030   Code   RO          316    .text               c_pu.l(_printf_char_common.o)
    0x080006c4   0x080006c4   0x00000010   Code   RO          318    .text               c_pu.l(_snputc.o)
    0x080006d4   0x080006d4   0x000000bc   Code   RO          320    .text               c_pu.l(_printf_wctomb.o)
    0x08000790   0x08000790   0x00000070   Code   RO          323    .text               c_pu.l(_printf_longlong_dec.o)
    0x08000800   0x08000800   0x00000070   Code   RO          329    .text               c_pu.l(_printf_oct_int_ll.o)
    0x08000870   0x08000870   0x00000098   Code   RO          349    .text               c_pu.l(_printf_hex_int_ll_ptr.o)
    0x08000908   0x08000908   0x00000188   Code   RO          369    .text               c_pu.l(__printf_flags_ss_wp.o)
    0x08000a90   0x08000a90   0x0000007a   Code   RO          420    .text               c_pu.l(lludiv10.o)
    0x08000b0a   0x08000b0a   0x000000b0   Code   RO          422    .text               c_pu.l(_printf_intcommon.o)
    0x08000bba   0x08000bba   0x00000002   PAD
    0x08000bbc   0x08000bbc   0x00000414   Code   RO          424    .text               c_pu.l(_printf_fp_dec.o)
    0x08000fd0   0x08000fd0   0x000002d8   Code   RO          428    .text               c_pu.l(_printf_fp_hex.o)
    0x080012a8   0x080012a8   0x0000002e   Code   RO          433    .text               c_pu.l(_printf_char.o)
    0x080012d6   0x080012d6   0x0000002e   Code   RO          435    .text               c_pu.l(_printf_wchar.o)
    0x08001304   0x08001304   0x00000042   Code   RO          438    .text               c_pu.l(_c32rtomb.o)
    0x08001346   0x08001346   0x00000028   Code   RO          440    .text               c_pu.l(rtudiv10.o)
    0x0800136e   0x0800136e   0x00000002   PAD
    0x08001370   0x08001370   0x00000010   Code   RO          442    .text               c_pu.l(rt_ctype_table.o)
    0x08001380   0x08001380   0x00000008   Code   RO          444    .text               c_pu.l(rt_locale.o)
    0x08001388   0x08001388   0x00000088   Code   RO          449    .text               c_pu.l(_printf_fp_infnan.o)
    0x08001410   0x08001410   0x000000d8   Code   RO          451    .text               c_pu.l(bigflt0.o)
    0x080014e8   0x080014e8   0x00000580   Code   RO          454    .text               c_pu.l(btod.o)
    0x08001a68   0x08001a68   0x00000010   Code   RO          463    .text               c_pu.l(exit.o)
    0x08001a78   0x08001a78   0x00000088   Code   RO          496    .text               c_pu.l(strcmp.o)
    0x08001b00   0x08001b00   0x0000000c   Code   RO          545    .text               c_pu.l(sys_exit.o)
    0x08001b0c   0x08001b0c   0x00000002   Code   RO          570    .text               c_pu.l(use_no_semi.o)
    0x08001b0e   0x08001b0e   0x00000000   Code   RO          572    .text               c_pu.l(indicate_semi.o)
    0x08001b0e   0x08001b0e   0x00000002   PAD
    0x08001b10   0x08001b10   0x00000208   Code   RO           14    .text.TIM3_IRQHandler  action_handler.o
    0x08001d18   0x08001d18   0x00000038   Code   RO           80    .text.TIM4_IRQHandler  timer.o
    0x08001d50   0x08001d50   0x00000008   Code   RO          111    .text.__system      system_ctboard.o
    0x08001d58   0x08001d58   0x00000050   Code   RO            2    .text.action_handler_init  action_handler.o
    0x08001da8   0x08001da8   0x000000d8   Code   RO            8    .text.ah_door       action_handler.o
    0x08001e80   0x08001e80   0x00000074   Code   RO            4    .text.ah_motor      action_handler.o
    0x08001ef4   0x08001ef4   0x00000090   Code   RO            6    .text.ah_show_exception  action_handler.o
    0x08001f84   0x08001f84   0x00000020   Code   RO           12    .text.ah_show_state  action_handler.o
    0x08001fa4   0x08001fa4   0x00000014   Code   RO           10    .text.ah_signal     action_handler.o
    0x08001fb8   0x08001fb8   0x0000009c   Code   RO          167    .text.create_pattern_mask  hal_gpio.o
    0x08002054   0x08002054   0x000000b8   Code   RO           37    .text.eh_7seg_display  event_handler.o
    0x0800210c   0x0800210c   0x000001b8   Code   RO           35    .text.eh_get_event  event_handler.o
    0x080022c4   0x080022c4   0x000001cc   Code   RO           69    .text.fsm_handle_event  state_machine.o
    0x08002490   0x08002490   0x00000028   Code   RO           67    .text.fsm_init      state_machine.o
    0x080024b8   0x080024b8   0x00000244   Code   RO          242    .text.get_irq_param  hal_timer.o
    0x080026fc   0x080026fc   0x0000005c   Code   RO          136    .text.hal_ct_lcd_write  hal_ct_lcd.o
    0x08002758   0x08002758   0x00000248   Code   RO          152    .text.hal_fmc_init_sram  hal_fmc.o
    0x080029a0   0x080029a0   0x000000ba   Code   RO          173    .text.hal_gpio_init_alternate  hal_gpio.o
    0x08002a5a   0x08002a5a   0x000000ce   Code   RO          171    .text.hal_gpio_init_output  hal_gpio.o
    0x08002b28   0x08002b28   0x0000000a   Code   RO          212    .text.hal_pwr_set_overdrive  hal_pwr.o
    0x08002b32   0x08002b32   0x00000002   PAD
    0x08002b34   0x08002b34   0x00000104   Code   RO          223    .text.hal_rcc_reset  hal_rcc.o
    0x08002c38   0x08002c38   0x000000f8   Code   RO          227    .text.hal_rcc_set_osc  hal_rcc.o
    0x08002d30   0x08002d30   0x0000009c   Code   RO          231    .text.hal_rcc_setup_clock  hal_rcc.o
    0x08002dcc   0x08002dcc   0x00000150   Code   RO          229    .text.hal_rcc_setup_pll  hal_rcc.o
    0x08002f1c   0x08002f1c   0x00000098   Code   RO          244    .text.hal_timer_init_base  hal_timer.o
    0x08002fb4   0x08002fb4   0x00000014   Code   RO          272    .text.hal_timer_irq_clear  hal_timer.o
    0x08002fc8   0x08002fc8   0x0000009c   Code   RO          266    .text.hal_timer_irq_set  hal_timer.o
    0x08003064   0x08003064   0x0000003a   Code   RO          268    .text.hal_timer_irq_status  hal_timer.o
    0x0800309e   0x0800309e   0x00000012   Code   RO          262    .text.hal_timer_start  hal_timer.o
    0x080030b0   0x080030b0   0x0000017c   Code   RO          119    .text.init_FMC_SRAM  system_ctboard.o
    0x0800322c   0x0800322c   0x00000002   Code   RO          117    .text.init_FPU      system_ctboard.o
    0x0800322e   0x0800322e   0x00000002   PAD
    0x08003230   0x08003230   0x00000024   Code   RO          121    .text.init_LCD      system_ctboard.o
    0x08003254   0x08003254   0x000000b8   Code   RO          115    .text.init_SystemClock  system_ctboard.o
    0x0800330c   0x0800330c   0x0000003c   Code   RO          165    .text.intercept_overwrite_register  hal_gpio.o
    0x08003348   0x08003348   0x0000002a   Code   RO           58    .text.main          main.o
    0x08003372   0x08003372   0x00000014   Code   RO          113    .text.system_enter_run  system_ctboard.o
    0x08003386   0x08003386   0x00000002   PAD
    0x08003388   0x08003388   0x00000054   Code   RO           82    .text.timer_init    timer.o
    0x080033dc   0x080033dc   0x00000008   Code   RO           88    .text.timer_read    timer.o
    0x080033e4   0x080033e4   0x00000010   Code   RO           84    .text.timer_start   timer.o
    0x080033f4   0x080033f4   0x0000000c   Code   RO           86    .text.timer_stop    timer.o
    0x08003400   0x08003400   0x00000030   Code   RO          456    i.__ARM_common_ll_muluu  c_pu.l(btod.o)
    0x08003430   0x08003430   0x0000002c   Code   RO          478    i.__ARM_fpclassify  m_ps.l(fpclassify.o)
    0x0800345c   0x0800345c   0x0000000e   Code   RO          362    i._is_digit         c_pu.l(__printf_wp.o)
    0x0800346a   0x0800346a   0x00000002   PAD
    0x0800346c   0x0800346c   0x0000002c   Code   RO          461    locale$$code        c_pu.l(lc_numeric_c.o)
    0x08003498   0x08003498   0x0000002c   Code   RO          490    locale$$code        c_pu.l(lc_ctype_c.o)
    0x080034c4   0x080034c4   0x00000010   Code   RO          395    x$fpl$printf1       fz_ps.l(printf1.o)
    0x080034d4   0x080034d4   0x00000010   Code   RO          397    x$fpl$printf2       fz_ps.l(printf2.o)
    0x080034e4   0x080034e4   0x00000000   Code   RO          477    x$fpl$usenofp       fz_ps.l(usenofp.o)
    0x080034e4   0x080034e4   0x00000008   Data   RO          321    .constdata          c_pu.l(_printf_wctomb.o)
    0x080034ec   0x080034ec   0x00000028   Data   RO          350    .constdata          c_pu.l(_printf_hex_int_ll_ptr.o)
    0x08003514   0x08003514   0x00000011   Data   RO          370    .constdata          c_pu.l(__printf_flags_ss_wp.o)
    0x08003525   0x08003525   0x00000026   Data   RO          429    .constdata          c_pu.l(_printf_fp_hex.o)
    0x0800354b   0x0800354b   0x00000001   PAD
    0x0800354c   0x0800354c   0x00000094   Data   RO          452    .constdata          c_pu.l(bigflt0.o)
    0x080035e0   0x080035e0   0x000000b2   Data   RO           17    .rodata.str1.1      action_handler.o
    0x08003692   0x08003692   0x00000003   Data   RO           50    .rodata.str1.1      event_handler.o
    0x08003695   0x08003695   0x0000005f   Data   RO           71    .rodata.str1.1      state_machine.o
    0x080036f4   0x080036f4   0x00000020   Data   RO          625    Region$$Table       anon$$obj.o
    0x08003714   0x08003714   0x0000001c   Data   RO          460    locale$$data        c_pu.l(lc_numeric_c.o)
    0x08003730   0x08003730   0x00000110   Data   RO          489    locale$$data        c_pu.l(lc_ctype_c.o)


    Execution Region ER_RW (Exec base: 0x20000000, Load base: 0x08003840, Size: 0x0000001c, Max: 0xffffffff, ABSOLUTE)

    Exec Addr    Load Addr    Size         Type   Attr      Idx    E Section Name        Object

    0x20000000   0x08003840   0x00000004   Data   RW           72    .data.current_state  state_machine.o
    0x20000004   0x08003844   0x00000002   Data   RW           48    .data.current_weight_limit  event_handler.o
    0x20000006   0x08003846   0x00000002   PAD
    0x20000008   0x08003848   0x00000004   Data   RW           16    .data.door_state    action_handler.o
    0x2000000c   0x0800384c   0x00000001   Data   RW           43    .data.eh_get_event.button_value_old  event_handler.o
    0x2000000d   0x0800384d   0x00000003   PAD
    0x20000010   0x08003850   0x00000004   Data   RW           44    .data.eh_get_event.dip_value_old  event_handler.o
    0x20000014   0x08003854   0x00000004   Data   RW           46    .data.wctl_state    event_handler.o
    0x20000018   0x08003858   0x00000002   Data   RW           47    .data.weight_value_old  event_handler.o


    Execution Region ER_ZI (Exec base: 0x20000020, Load base: 0x0800385c, Size: 0x00002040, Max: 0xffffffff, ABSOLUTE)

    Exec Addr    Load Addr    Size         Type   Attr      Idx    E Section Name        Object

    0x20000020        -       0x00000014   Zero   RW          445    .bss                c_pu.l(rt_locale.o)
    0x20000034        -       0x00000004   Zero   RW           25    .bss.TIM3_IRQHandler.door_pattern  action_handler.o
    0x20000038        -       0x00000002   Zero   RW           24    .bss.TIM3_IRQHandler.door_position  action_handler.o
    0x2000003a   0x0800385c   0x00000002   PAD
    0x2000003c        -       0x00000004   Zero   RW           23    .bss.TIM3_IRQHandler.elevator_pattern  action_handler.o
    0x20000040        -       0x00000002   Zero   RW           22    .bss.TIM3_IRQHandler.elevator_position  action_handler.o
    0x20000042   0x0800385c   0x00000002   PAD
    0x20000044        -       0x00000004   Zero   RW           20    .bss.TIM3_IRQHandler.timer_count  action_handler.o
    0x20000048        -       0x00000002   Zero   RW           45    .bss.eh_get_event.timer_old  event_handler.o
    0x2000004a   0x0800385c   0x00000002   PAD
    0x2000004c        -       0x00000004   Zero   RW           18    .bss.elevator_state  action_handler.o
    0x20000050        -       0x00000001   Zero   RW           41    .bss.flag_F0_Reached  event_handler.o
    0x20000051        -       0x00000001   Zero   RW           42    .bss.flag_F1_Reached  event_handler.o
    0x20000052   0x0800385c   0x00000002   PAD
    0x20000054        -       0x00000004   Zero   RW           19    .bss.signal_state   action_handler.o
    0x20000058        -       0x00000002   Zero   RW           90    .bss.timer_count    timer.o
    0x2000005a   0x0800385c   0x00000006   PAD
    0x20000060        -       0x00002000   Zero   RW          103    STACK               startup_ctboard.o


==============================================================================

Image component sizes


      Code (inc. data)   RO Data    RW Data    ZI Data      Debug   Object Name

      1128        132        178          4         24       6689   action_handler.o
        40         16          0          0          0        496   datainit_ctboard.o
       624         64          3         13          4       5088   event_handler.o
        92          4          0          0          0       2455   hal_ct_lcd.o
       584         44          0          0          0       3173   hal_fmc.o
       608         12          0          0          0       8702   hal_gpio.o
        10          0          0          0          0       1992   hal_pwr.o
      1000        152          0          0          0       4794   hal_rcc.o
       984         72          0          0          0      11257   hal_timer.o
        42          0          0          0          0        826   main.o
        36          8        428          0       8192        840   startup_ctboard.o
       500         72         95          4          0       1686   state_machine.o
       630         60          0          0          0       6907   system_ctboard.o
       176         24          0          0          2       3476   timer.o

    ----------------------------------------------------------------------
      6460        660        736         28       8236      58381   Object Totals
         0          0         32          0          0          0   (incl. Generated)
         6          0          0          7         14          0   (incl. Padding)

    ----------------------------------------------------------------------

      Code (inc. data)   RO Data    RW Data    ZI Data      Debug   Library Member Name

       392          6         17          0          0         76   __printf_flags_ss_wp.o
        14          0          0          0          0         60   __printf_wp.o
         0          0          0          0          0          0   __rtentry.o
        12          0          0          0          0          0   __rtentry2.o
         6          0          0          0          0          0   __rtentry4.o
        60          8          0          0          0         68   __scatter.o
        26          0          0          0          0          0   __scatter_copy.o
        28          0          0          0          0          0   __scatter_zi.o
        66          0          0          0          0         76   _c32rtomb.o
        10          0          0          0          0          0   _printf_a.o
        10          0          0          0          0          0   _printf_c.o
        46          0          0          0          0        100   _printf_char.o
        48          6          0          0          0         88   _printf_char_common.o
        38          0          0          0          0         60   _printf_charcount.o
        10          0          0          0          0          0   _printf_d.o
       108         18          0          0          0         76   _printf_dec.o
        10          0          0          0          0          0   _printf_e.o
        10          0          0          0          0          0   _printf_f.o
      1044         12          0          0          0        116   _printf_fp_dec.o
       728         10         38          0          0         84   _printf_fp_hex.o
       136         16          0          0          0         76   _printf_fp_infnan.o
        10          0          0          0          0          0   _printf_g.o
       152          4         40          0          0        148   _printf_hex_int_ll_ptr.o
        10          0          0          0          0          0   _printf_i.o
       176          0          0          0          0         84   _printf_intcommon.o
        10          0          0          0          0          0   _printf_l.o
        10          0          0          0          0          0   _printf_lc.o
        10          0          0          0          0          0   _printf_ll.o
        10          0          0          0          0          0   _printf_lld.o
        10          0          0          0          0          0   _printf_lli.o
        10          0          0          0          0          0   _printf_llo.o
        10          0          0          0          0          0   _printf_llu.o
        10          0          0          0          0          0   _printf_llx.o
       112         18          0          0          0         76   _printf_longlong_dec.o
        10          0          0          0          0          0   _printf_ls.o
        10          0          0          0          0          0   _printf_n.o
        10          0          0          0          0          0   _printf_o.o
       112         10          0          0          0        112   _printf_oct_int_ll.o
        10          0          0          0          0          0   _printf_p.o
        78          0          0          0          0        100   _printf_pad.o
         2          0          0          0          0          0   _printf_percent.o
         4          0          0          0          0          0   _printf_percent_end.o
        10          0          0          0          0          0   _printf_s.o
        82          0          0          0          0         72   _printf_str.o
        36          0          0          0          0         76   _printf_truncate.o
        10          0          0          0          0          0   _printf_u.o
        46          0          0          0          0        100   _printf_wchar.o
       188          6          8          0          0         80   _printf_wctomb.o
        10          0          0          0          0          0   _printf_x.o
        16          0          0          0          0         60   _snputc.o
       364          4          0          0          0         92   aeabi_sdiv.o
       216          6        148          0          0         80   bigflt0.o
      1456         30          0          0          0        336   btod.o
        16          0          0          0          0         68   exit.o
         0          0          0          0          0          0   indicate_semi.o
        44         10        272          0          0         76   lc_ctype_c.o
        44         10         28          0          0         76   lc_numeric_c.o
         2          0          0          0          0          0   libinit.o
        30          0          0          0          0          0   libinit2.o
         2          0          0          0          0          0   libshutdown.o
         2          0          0          0          0          0   libshutdown2.o
       122          0          0          0          0         72   lludiv10.o
        16          4          0          0          0         76   rt_ctype_table.o
         8          4          0          0         20         68   rt_locale.o
         2          0          0          0          0          0   rtexit.o
        10          0          0          0          0          0   rtexit2.o
        40          0          0          0          0         60   rtudiv10.o
        64          4          0          0          0         84   snprintf.o
       136          4          0          0          0         72   strcmp.o
        12          4          0          0          0         60   sys_exit.o
         2          0          0          0          0         68   use_no_semi.o
        16          4          0          0          0         76   printf1.o
        16          4          0          0          0         76   printf2.o
         0          0          0          0          0          0   usenofp.o
        44          4          0          0          0         60   fpclassify.o

    ----------------------------------------------------------------------
      6652        206        552          0         20       3288   Library Totals
        12          0          1          0          0          0   (incl. Padding)

    ----------------------------------------------------------------------

      Code (inc. data)   RO Data    RW Data    ZI Data      Debug   Library Name

      6564        194        551          0         20       3076   c_pu.l
        32          8          0          0          0        152   fz_ps.l
        44          4          0          0          0         60   m_ps.l

    ----------------------------------------------------------------------
      6652        206        552          0         20       3288   Library Totals

    ----------------------------------------------------------------------

==============================================================================


      Code (inc. data)   RO Data    RW Data    ZI Data      Debug   

     13112        866       1288         28       8256      59789   Grand Totals
     13112        866       1288         28       8256      59789   ELF Image Totals
     13112        866       1288         28          0          0   ROM Totals

==============================================================================

    Total RO  Size (Code + RO Data)                14400 (  14.06kB)
    Total RW  Size (RW Data + ZI Data)              8284 (   8.09kB)
    Total ROM Size (Code + RO Data + RW Data)      14428 (  14.09kB)

==============================================================================

